_off^_usr, _off^_usr, _off^_usr, _off^_usr, _off^_usr, _off^_usr, _off^_usr, _off^_usr, _off^_usr, _off^_usr, _off^_usr, _off^_usr, _off^_usr, _off^_usr, _off^_usr, _off^_usr, _off^_usr, _off^_usr, Wot, Wwt, Wwt, Wwt, Wwt, Wwt, Wwt, Wwt, Wwt, Wwt, Wwt, Wwt, Wot, Wot, Wot, Wwt, Wwt, Wwt, Wwt, Wo, Wwt, Wwt, Wwt
_off^_usr, _off^_usr, _off^_usr, _off^_usr, _off^_usr, _off^_usr, _off^_usr, _off^_usr, _off^_usr, _off^_usr, _off^_usr, _off^_usr, _off^_usr, _off^_usr, _off^_usr, _off^_usr, _off^_usr, _off^_usr, Wot, Wot, Wwt, Wwt, Mm, Mm, Wwt, Wwt, Wot, Wot, Mm, Wot, Mm, Wot, Wot, Wwt, Wwt, Mm, Mm, Wwt, Wwt, Wot, Wwt
_off^_usr, _off^_usr, _off^_usr, _off^_usr, _off^_usr, _off^_usr, _off^_usr, _off^_usr, _off^_usr, _off^_usr, _off^_usr, _off^_usr, _off^_usr, _off^_usr, _off^_usr, _off^_usr, _off^_usr, _off^_usr, Wot, Wwt, Mm, Mm, Mm, Mm, Wwt, Wwt, Mm, Mm, Mm, Wwt, Mm, Mm, Mm, Wot, Wwt, Mm, Mm, Mm, Mm, Wwt, Wwt
_off^_usr, _off^_usr, _off^_usr, _off^_usr, _off^_usr, _off^_usr, _off^_usr, _off^_usr, _off^_usr, _off^_usr, _off^_usr, _off^_usr, _off^_usr, _off^_usr, _off^_usr, _off^_usr, _off^_usr, _off^_usr, Ww, Mm, Mm, Mm, Wwt, Wwt, Wwt, Wwt, Mm, Mm, Wwt, Wwt, Wwt, Mm, Mm, Wwt, Wwt, Wwt, Wwt, Mm, Mm, Mm, Wwt
_off^_usr, _off^_usr, _off^_usr, _off^_usr, _off^_usr, _off^_usr, _off^_usr, _off^_usr, _off^_usr, _off^_usr, _off^_usr, _off^_usr, _off^_usr, _off^_usr, _off^_usr, _off^_usr, _off^_usr, _off^_usr, Wot, Mm, Mm, Wo, Wwt, Wwt, Wwt, Mm, Mm, Mm, Wwt, Wot, Wwt, Mm, Mm, Mm, Wwt, Wot, Wot, Wot, Mm, Mm, Wwt
_off^_usr, _off^_usr, _off^_usr, _off^_usr, _off^_usr, _off^_usr, _off^_usr, _off^_usr, _off^_usr, _off^_usr, _off^_usr, _off^_usr, _off^_usr, _off^_usr, _off^_usr, _off^_usr, _off^_usr, _off^_usr, Wwt, Mm, Mm, Wwt, Wwt, Wo, Mm, Mm, Mm, Wwt, 1 Wwf, Wwf^Bw|, 2 Wwf, Wwt, Mm, Mm, Mm, Wwt, Wwt, Wwt, Mm, Mm, Wwt
_off^_usr, _off^_usr, _off^_usr, _off^_usr, _off^_usr, _off^_usr, _off^_usr, _off^_usr, _off^_usr, _off^_usr, _off^_usr, _off^_usr, _off^_usr, _off^_usr, _off^_usr, _off^_usr, _off^_usr, _off^_usr, Wwt, Mm, Wwt, Wwt, Mm, Mm, Wwt, Wwt, Wwt, Wwt, Gg^Efm, Re, Gg^Efm, Wwt, Wwt, Wwt, Wwt, Mm, Mm, Wwt, Wot, Mm, Wwt
_off^_usr, _off^_usr, _off^_usr, _off^_usr, _off^_usr, _off^_usr, _off^_usr, _off^_usr, _off^_usr, _off^_usr, _off^_usr, _off^_usr, _off^_usr, _off^_usr, _off^_usr, _off^_usr, _off^_usr, _off^_usr, Wwt, Wwt, Wot, Wot, Mm, Mm, Wwt, Wot, Gg^Efm, Gg^Fet, Cv, Kv, Cv, Gg^Fet, Gg^Efm, Wot, Wwt, Mm, Mm, Wwt, Wwt, Wot, Wot
_off^_usr, _off^_usr, _off^_usr, _off^_usr, _off^_usr, _off^_usr, _off^_usr, _off^_usr, _off^_usr, _off^_usr, _off^_usr, _off^_usr, _off^_usr, _off^_usr, _off^_usr, _off^_usr, _off^_usr, _off^_usr, Wwt, Wwt, Wot, Mm, Mm, Wwt, Wot, Gg^Efm, Cv, Rp, Rp, Rp, Rp, Rp, Cv, Gg^Efm, Wo, Wwt, Mm, Mm, Wwt, Wot, Wwt
_off^_usr, _off^_usr, _off^_usr, _off^_usr, _off^_usr, _off^_usr, _off^_usr, _off^_usr, _off^_usr, _off^_usr, _off^_usr, _off^_usr, _off^_usr, _off^_usr, _off^_usr, _off^_usr, _off^_usr, _off^_usr, Wwt, Wwt, Wwt, Mm, Wwt, Wwt, Wwt, Gg^Efm, Kv, Rp, Rp, Rp, Rp, Rp, Kv, Gg^Efm, Wwt, Wwt, Wwt, Mm, Wwt, Wot, Wwt
_off^_usr, _off^_usr, _off^_usr, _off^_usr, _off^_usr, _off^_usr, _off^_usr, _off^_usr, _off^_usr, _off^_usr, _off^_usr, _off^_usr, _off^_usr, _off^_usr, _off^_usr, _off^_usr, _off^_usr, _off^_usr, Wot, Wwt, Wwt, Mm, Wwt, Wwt, Gg^Fet, Gg^Efm, Cv, Rp, Rp, Rp, Rp, Rp, Cv, Gg^Efm, Gg^Fet, Wwt, Wwt, Mm, Wwt, Wwt, Wwt
_off^_usr, _off^_usr, _off^_usr, _off^_usr, _off^_usr, _off^_usr, _off^_usr, _off^_usr, _off^_usr, _off^_usr, _off^_usr, _off^_usr, _off^_usr, _off^_usr, _off^_usr, _off^_usr, _off^_usr, _off^_usr, Wot, Wwt, Mm, Wwt, Wwt, Wwt, Gg^Efm, Gg, Rp, Rp, Rp, Rp, Rp, Rp, Rp, Gg, Gg^Efm, Wwt, Wwt, Wwt, Mm, Wwt, Wwt
_off^_usr, _off^_usr, _off^_usr, _off^_usr, _off^_usr, _off^_usr, _off^_usr, _off^_usr, _off^_usr, _off^_usr, _off^_usr, _off^_usr, _off^_usr, _off^_usr, _off^_usr, _off^_usr, _off^_usr, _off^_usr, Wot, Wwt, Mm, Mm, Wwt, Wwt, Gg^Fet, Gg, Kv, Rp, Rp, Rp, Rp, Rp, Kv, Gg, Gg^Fet, Wwt, Wwt, Mm, Mm, Wwt, Wo
_off^_usr, _off^_usr, _off^_usr, _off^_usr, _off^_usr, _off^_usr, _off^_usr, _off^_usr, _off^_usr, _off^_usr, _off^_usr, _off^_usr, _off^_usr, _off^_usr, _off^_usr, _off^_usr, _off^_usr, _off^_usr, Wwt, Wwt, Mm, Mm, Wwt, Wwt, Wwt, Gg^Efm, Gg^Efm, Cv, Gg^Efm, Rp, Gg^Efm, Cv, Gg^Fds, Gg^Efm, Wwt, Wwt, Wwt, Mm, Mm, Wo, Wo
_off^_usr, _off^_usr, _off^_usr, _off^_usr, _off^_usr, _off^_usr, _off^_usr, _off^_usr, _off^_usr, _off^_usr, _off^_usr, _off^_usr, _off^_usr, _off^_usr, _off^_usr, _off^_usr, _off^_usr, _off^_usr, Wwt, Wwt, Wwt, Mm, Mm, Wwt, Wot, Wwt, Gg^Fds, Gg, Gg^Efm, Rp, Gg, Gg^Efm, Gg, Gg^Efm, Wwt, Wwt, Mm, Mm, Wwt, Wo, Wo
_off^_usr, _off^_usr, _off^_usr, _off^_usr, _off^_usr, _off^_usr, _off^_usr, _off^_usr, _off^_usr, _off^_usr, _off^_usr, _off^_usr, _off^_usr, _off^_usr, _off^_usr, _off^_usr, _off^_usr, _off^_usr, Wwt, Wot, Wot, Wwt, Wwt, Wwt, Wot, Wwt, Wwt, Gg^Efm, Rp, Rp, Gg^Efm, Wwt, Gg^Efm, Wwt, Wwt, Wwt, Wwt, Wwt, Wwt, Wo, Wo
_off^_usr, _off^_usr, _off^_usr, _off^_usr, _off^_usr, _off^_usr, _off^_usr, _off^_usr, _off^_usr, _off^_usr, _off^_usr, _off^_usr, _off^_usr, _off^_usr, _off^_usr, _off^_usr, _off^_usr, _off^_usr, Wwt, Wwt, Wot, Wot, Mm, Wwt, Wot, Wwt, Gg^Efm, Gg, Rp, Gg^Fds, Wwt, Wwt, Gg^Fet, Gg^Ve, Wwt, Wwt, Mm, Wwt, Wwt, Wo, Wo
_off^_usr, _off^_usr, _off^_usr, _off^_usr, _off^_usr, _off^_usr, _off^_usr, _off^_usr, _off^_usr, _off^_usr, _off^_usr, _off^_usr, _off^_usr, _off^_usr, _off^_usr, _off^_usr, _off^_usr, _off^_usr, Wot, Wot, Ww, Ww, Mm, Wwt, Wwt, Wwt, Wwt, Gg^Efm, Rp, Gg, Gg^Efm, Wwt, Wwt, Wwt, Wo, Wwt, Mm, Wwt, Wwt, Wwt, Wwt
_off^_usr, _off^_usr, _off^_usr, _off^_usr, _off^_usr, _off^_usr, _off^_usr, _off^_usr, _off^_usr, _off^_usr, _off^_usr, _off^_usr, _off^_usr, _off^_usr, _off^_usr, _off^_usr, _off^_usr, _off^_usr, Wwt, Wot, Mm, Mm, Wwt, Wwt, Gg^Fds, Gg^Efm, Wwt, Gg^Fds, Rp, Gg, Gg^Fds, Wwt, Wwt, Wo, Wo, Wwt, Wwt, Mm, Mm, Wo, Wo
_off^_usr, _off^_usr, _off^_usr, _off^_usr, _off^_usr, _off^_usr, _off^_usr, _off^_usr, _off^_usr, _off^_usr, _off^_usr, _off^_usr, _off^_usr, _off^_usr, _off^_usr, _off^_usr, _off^_usr, _off^_usr, Wwt, Wwt, Mm, Mm, Wwt, Wwt, Gg^Efm, Gg, Gg, Gg^Efm, Gg, Rp, Rp, Gg^Efm, Wwt, Wo, Wo, Wo, Wwt, Mm, Mm, Wwt, Wwt
_off^_usr, _off^_usr, _off^_usr, _off^_usr, _off^_usr, _off^_usr, _off^_usr, _off^_usr, _off^_usr, _off^_usr, _off^_usr, _off^_usr, _off^_usr, _off^_usr, _off^_usr, _off^_usr, _off^_usr, _off^_usr, Wwt, Wwt, Wwt, Mm, Mm, Wwt, Gg^Fds, Wwf, Gg^Ve, Gg, Wwt, Gg, Rp, Gg, Gg^Fds, Wwt, Wwt, Wwt, Mm, Mm, Wwt, Wwt, Wwt
_off^_usr, _off^_usr, _off^_usr, _off^_usr, _off^_usr, _off^_usr, _off^_usr, _off^_usr, _off^_usr, _off^_usr, _off^_usr, _off^_usr, _off^_usr, _off^_usr, _off^_usr, _off^_usr, _off^_usr, _off^_usr, Wwt, Wwt, Wwt, Mm, Mm, Wwt, Hh^Fds, Wwf, Gg^Efm, Gg, Wwt, Gg^Fds, Rp, Gg, Wwf, Gg, Wwt, Wwt, Mm, Mm, Wwt, Wwt, Wwt
_off^_usr, _off^_usr, _off^_usr, _off^_usr, _off^_usr, _off^_usr, _off^_usr, _off^_usr, _off^_usr, _off^_usr, _off^_usr, _off^_usr, _off^_usr, _off^_usr, _off^_usr, _off^_usr, _off^_usr, _off^_usr, Wot, Wwt, Wwt, Wwt, Wwt, Wwt, Wwt, Hh^Fds, Wwt, Wwt, Gg^Efm, Gg^Efm, Rp, Gg, Wwf, Gg^Efm, Gg^Fds, Wwt, Wwt, Wwt, Wwt, Wwt, Wo
_off^_usr, _off^_usr, _off^_usr, _off^_usr, _off^_usr, _off^_usr, _off^_usr, _off^_usr, _off^_usr, _off^_usr, _off^_usr, _off^_usr, _off^_usr, _off^_usr, _off^_usr, _off^_usr, _off^_usr, _off^_usr, Wot, Wot, Wwt, Mm, Mm, Wwt, Wot, Wwt, Wwt, Wwt, Gg, Rp, Gg^Fds, Gg, Rp, Wwf, Gg^Efm, Wwt, Mm, Mm, Wwt, Wo, Wo
_off^_usr, _off^_usr, _off^_usr, _off^_usr, _off^_usr, _off^_usr, _off^_usr, _off^_usr, _off^_usr, _off^_usr, _off^_usr, _off^_usr, _off^_usr, _off^_usr, _off^_usr, _off^_usr, _off^_usr, _off^_usr, Wot, Wot, Wwt, Mm, Mm, Wwt, Wwt, Wwt, Gg^Ve, Gg^Fet, Gg^Efm, Rp, Gg^Efm, Gg^Efm, Gg^Ve, Gg^Fet, Gg^Efm, Wwt, Mm, Mm, Wwt, Wo, Wo
_off^_usr, _off^_usr, _off^_usr, _off^_usr, _off^_usr, _off^_usr, _off^_usr, _off^_usr, _off^_usr, _off^_usr, _off^_usr, _off^_usr, _off^_usr, _off^_usr, _off^_usr, _off^_usr, _off^_usr, _off^_usr, Wot, Wot, Wwt, Mm, Mm, Wwt, Mm, Hh^Fds, Ww, Wwf, Gg^Fds, Rp, Gg^Efm, Wwf, Ww, Ww, Gg^Fds, Wwt, Mm, Mm, Wwt, Wwt, Wo
_off^_usr, _off^_usr, _off^_usr, _off^_usr, _off^_usr, _off^_usr, _off^_usr, _off^_usr, _off^_usr, _off^_usr, _off^_usr, _off^_usr, _off^_usr, _off^_usr, _off^_usr, _off^_usr, _off^_usr, _off^_usr, Wwt, Wwt, Mm, Mm, Mm, Wwt, Hh^Fds, Gg^Efm, Gg, Ww, Gg, Rp, Rp, Gg, Gg, Gg, Wwt, Wwt, Mm, Mm, Mm, Wwt, Wo
_off^_usr, _off^_usr, _off^_usr, _off^_usr, _off^_usr, _off^_usr, _off^_usr, _off^_usr, _off^_usr, _off^_usr, _off^_usr, _off^_usr, _off^_usr, _off^_usr, _off^_usr, _off^_usr, _off^_usr, _off^_usr, Wwt, Wwt, Mm, Mm, Wwt, Wwt, Mm, Mm, Wwt, Gg^Efm, Wwt, Gg, Gg^Fds, Rp, Rp, Gg^Efm, Gg^Fds, Wwt, Wwt, Mm, Mm, Wo, Wwt
_off^_usr, _off^_usr, _off^_usr, _off^_usr, _off^_usr, _off^_usr, _off^_usr, _off^_usr, _off^_usr, _off^_usr, _off^_usr, _off^_usr, _off^_usr, _off^_usr, _off^_usr, _off^_usr, _off^_usr, _off^_usr, Wo, Wwt, Wwt, Wwt, Wot, Wwt, Mm, Wwt, Hh^Fds, Wwt, Wwt, Wwt, Wwt, Gg^Efm, Gg^Fet, Rp, Gg^Efm, Wwt, Wot, Wwt, Wwt, Wo, Wwt
_off^_usr, _off^_usr, _off^_usr, _off^_usr, _off^_usr, _off^_usr, _off^_usr, _off^_usr, _off^_usr, _off^_usr, _off^_usr, _off^_usr, _off^_usr, _off^_usr, _off^_usr, _off^_usr, _off^_usr, _off^_usr, Wwt, Wwt, Mm, Wwt, Wot, Wwt, Wwt, Mm, Wwt, Wwt, Gg^Fds, Wwt, Wwt, Wwt, Gg^Efm, Rp, Gg^Ve, Wwt, Wot, Wwt, Mm, Wwt, Wwt
_off^_usr, _off^_usr, _off^_usr, _off^_usr, _off^_usr, _off^_usr, _off^_usr, _off^_usr, _off^_usr, _off^_usr, _off^_usr, _off^_usr, _off^_usr, _off^_usr, _off^_usr, _off^_usr, _off^_usr, _off^_usr, Wwt, Mm, Wwt, Wwt, Wot, Wot, Wot, Wwt, Wwt, Gg^Efm, Wwt, Wwt, Gg, Gg^Fds, Rp, Rp, Gg^Fds, Wwt, Wot, Wot, Wwt, Mm, Wwt
_off^_usr, _off^_usr, _off^_usr, _off^_usr, _off^_usr, _off^_usr, _off^_usr, _off^_usr, _off^_usr, _off^_usr, _off^_usr, _off^_usr, _off^_usr, _off^_usr, _off^_usr, _off^_usr, _off^_usr, _off^_usr, Wwt, Mm, Wwt, Wwt, Wot, Wot, Wot, Wot, Wwt, Gg^Efm, Gg^Fds, Gg, Rp, Rp, Gg^Fds, Gg^Efm, Wwt, Wwt, Wot, Wot, Wwt, Mm, Wwt
_off^_usr, _off^_usr, _off^_usr, _off^_usr, _off^_usr, _off^_usr, _off^_usr, _off^_usr, _off^_usr, _off^_usr, _off^_usr, _off^_usr, _off^_usr, _off^_usr, _off^_usr, _off^_usr, _off^_usr, _off^_usr, Wwt, Mm, Mm, Wwt, Wwt, Wot, Wwt, Wwt, Gg^Fet, Gg, Gg, Rp, Gg, Gg^Efm, Wwt, Wwt, Wwt, Wot, Wot, Wwt, Mm, Mm, Wwt
_off^_usr, _off^_usr, _off^_usr, _off^_usr, _off^_usr, _off^_usr, _off^_usr, _off^_usr, _off^_usr, _off^_usr, _off^_usr, _off^_usr, _off^_usr, _off^_usr, _off^_usr, _off^_usr, _off^_usr, _off^_usr, Wwt, Wwt, Mm, Wwt, Wot, Wwt, Wwt, Gg^Fds, Gg, Gg, Gg^Ve, Rp, Gg^Efm, Wwt, Gg^Efm, Gg^Fds, Wwt, Wot, Wot, Wwt, Mm, Wwt, Wwt
_off^_usr, _off^_usr, _off^_usr, _off^_usr, _off^_usr, _off^_usr, _off^_usr, _off^_usr, _off^_usr, _off^_usr, _off^_usr, _off^_usr, _off^_usr, _off^_usr, _off^_usr, _off^_usr, _off^_usr, _off^_usr, Wot, Wwt, Wot, Wwt, Wot, Wwt, Gg^Fds, Gg^Efm, Gg, Gg^Fet, Ww, Rp, Ww, Gg^Ve, Wwt, Wwt, Wot, Wot, Wot, Wwt, Wo, Wwt, Wwt
_off^_usr, _off^_usr, _off^_usr, _off^_usr, _off^_usr, _off^_usr, _off^_usr, _off^_usr, _off^_usr, _off^_usr, _off^_usr, _off^_usr, _off^_usr, _off^_usr, _off^_usr, _off^_usr, _off^_usr, _off^_usr, Ww, Wot, Wwt, Wwt, Wot, Wwt, Wwt, Wwt, Gg^Efm, Gg^Fet, Rp, Rp, Rp, Gg^Fds, Gg^Efm, Wwt, Wot, Wot, Wot, Wwt, Wwt, Wwt, Wwt
_off^_usr, _off^_usr, _off^_usr, _off^_usr, _off^_usr, _off^_usr, _off^_usr, _off^_usr, _off^_usr, _off^_usr, _off^_usr, _off^_usr, _off^_usr, _off^_usr, _off^_usr, _off^_usr, _off^_usr, _off^_usr, Ww, Mm, Mm, Wwt, Wot, Wot, Wwt, Wwt, Kv, Rp, Rp, Kv, Rp, Rp, Kv, Wwt, Wwt, Wot, Wot, Wwt, Mm, Mm, Wwt
_off^_usr, _off^_usr, _off^_usr, _off^_usr, _off^_usr, _off^_usr, _off^_usr, _off^_usr, _off^_usr, _off^_usr, _off^_usr, _off^_usr, _off^_usr, _off^_usr, _off^_usr, _off^_usr, _off^_usr, _off^_usr, Ww, Mm, Mm, Wwt, Wwt, Wwt, Cv, Wwf, Wwf, Wwf, Wwf, Rp, Wwf, Wwf, Wwf, Wwf, Cv, Wwt, Wwt, Wwt, Mm, Mm, Wwt
_off^_usr, _off^_usr, _off^_usr, _off^_usr, _off^_usr, _off^_usr, _off^_usr, _off^_usr, _off^_usr, _off^_usr, _off^_usr, _off^_usr, _off^_usr, _off^_usr, _off^_usr, _off^_usr, _off^_usr, _off^_usr, Ww, Wo, Mm, Mm, Wwt, Cv, Wwf, Wwf, Wot^Xo, Wot^Xo, Wot^Xo, Rp^Xo, Wot^Xo, Wot^Xo, Wot^Xo, Wwf, Wwf, Cv, Wwt, Mm, Mm, Wo, Wwt
_off^_usr, _off^_usr, _off^_usr, _off^_usr, _off^_usr, _off^_usr, _off^_usr, _off^_usr, _off^_usr, _off^_usr, _off^_usr, _off^_usr, _off^_usr, _off^_usr, _off^_usr, _off^_usr, _off^_usr, _off^_usr, Ww, Wo, Mm, Mm, Wwt, Cv, Wwf, Wot^Xo, Gg^Efm, Gg^Efm, Gg^Efm, Rp, Gg^Efm, Gg^Efm, Gg^Fet, Wot^Xo, Wwf, Cv, Wwt, Mm, Mm, Wo, Wo
_off^_usr, _off^_usr, _off^_usr, _off^_usr, _off^_usr, _off^_usr, _off^_usr, _off^_usr, _off^_usr, _off^_usr, _off^_usr, _off^_usr, _off^_usr, _off^_usr, _off^_usr, _off^_usr, _off^_usr, _off^_usr, Wo, Wo, Mm, Mm, Wwt, Wwf, Wwf, Wot^Xo, Wot^Xo, Gg^Fp, Rp, Gg, Rp, Gg^Ve, Wot^Xo, Wot^Xo, Wwf, Wwf, Wwt, Mm, Mm, Wo, Ww
_off^_usr, _off^_usr, _off^_usr, _off^_usr, _off^_usr, _off^_usr, _off^_usr, _off^_usr, _off^_usr, _off^_usr, _off^_usr, _off^_usr, _off^_usr, _off^_usr, _off^_usr, _off^_usr, _off^_usr, _off^_usr, Wo, Mm, Mm, Wwt, Wwt, Cv, Cv, Wwf, Wwf, Wot^Xo, Wot^Xo, Rp, Wot^Xo, Wot^Xo, Wwf, Wwf, Cv, Cv, Wwt, Wo, Mm, Mm, Ww
_off^_usr, _off^_usr, _off^_usr, _off^_usr, _off^_usr, _off^_usr, _off^_usr, _off^_usr, _off^_usr, _off^_usr, _off^_usr, _off^_usr, _off^_usr, _off^_usr, _off^_usr, _off^_usr, _off^_usr, _off^_usr, Ww, Mm, Wo, Wo, Wwt, Wo, Ww, Wwf, Cv, Wot, Wot, Wot^Xo, Wot, Wot, Cv, Wwf, Wo, Wo, Wo, Wo, Wo, Mm, Ww
