_off^_usr, _off^_usr, _off^_usr, _off^_usr, _off^_usr, _off^_usr, _off^_usr, _off^_usr, _off^_usr, _off^_usr, _off^_usr, _off^_usr, _off^_usr, _off^_usr, _off^_usr, _off^_usr, _off^_usr, _off^_usr, Wo, Wo, Wo, Wo, Wo, Wo, Wo, Wo, Wo, Ww, Wo, Wo, Wo, Ww, Wo, Ww, Wo, Ww, Ww, Wo, Ww, Ww, Wo, Wo, Wo, Wo
_off^_usr, _off^_usr, _off^_usr, _off^_usr, _off^_usr, _off^_usr, _off^_usr, _off^_usr, _off^_usr, _off^_usr, _off^_usr, _off^_usr, _off^_usr, _off^_usr, _off^_usr, _off^_usr, _off^_usr, _off^_usr, Wo, Wo, Wo, Wo, Wo, Wo, Ww, Wo, Ww, Wo, Wo, Wo, Wo, Wo, Ww, Wo, Ww, Ww, Ww, Ww, Ww, Wo, Ww, Wo, Ww, Wo
_off^_usr, _off^_usr, _off^_usr, _off^_usr, _off^_usr, Ww^ZBw|, _off^_usr, _off^_usr, _off^_usr, _off^_usr, _off^_usr, _off^_usr, _off^_usr, _off^_usr, _off^_usr, _off^_usr, _off^_usr, _off^_usr, Wo, Wo, Ww, Wo, Wo, Ww, Wwf, Ww, Ds^Uf, Ww, Wo, Wo, Wo, Wo, Wo, Ww, Ww, Ww, Ds, Ww, Ww, Ww, Wo, Ww, Ww, Ww
_off^_usr, _off^_usr, _off^_usr, _off^_usr, _off^_usr, _off^_usr, _off^_usr, _off^_usr, _off^_usr, _off^_usr, _off^_usr, _off^_usr, _off^_usr, _off^_usr, _off^_usr, _off^_usr, _off^_usr, _off^_usr, Wo, Ww, Ww, Wo, Ww, Ww, Ur, Ur, 2 Ds, Ww, Xu, Wo, Wo, Xu, Xu, Xu, Xu, Wwf, Wwf, Ww, Ww, Ww, Ww, Wo, Wo, Wo
_off^_usr, _off^_usr, _off^_usr, _off^_usr, _off^_usr, _off^_usr, _off^_usr, _off^_usr, _off^_usr, _off^_usr, _off^_usr, _off^_usr, _off^_usr, _off^_usr, _off^_usr, _off^_usr, _off^_usr, _off^_usr, Wo, Wo, Ww, Wo, Ww, Ww, Xu, 1 Ur, Ur, Ds^Uf, Uh, Xu, Wwf^Dr, Xu, Uu^Vu, Xu, Xu, Xu, Ds^Uf, Ww, Wo, Ww, Ww, Ww, Ww, Wo
_off^_usr, _off^_usr, _off^_usr, _off^_usr, _off^_usr, _off^_usr, _off^_usr, _off^_usr, _off^_usr, _off^_usr, _off^_usr, _off^_usr, _off^_usr, _off^_usr, _off^_usr, _off^_usr, _off^_usr, _off^_usr, Wo, Wo, Wo, Wo, Ww, Wwf, Xu, Xu, Ur, Ur, Ur, Ur, Wwf, Wwf, Ww, Xu, Uh, Xu, Xu, Wwf^Bw/, Ww, Wo, Ww, Wo, Wo, Wo
_off^_usr, _off^_usr, _off^_usr, _off^_usr, _off^_usr, _off^_usr, _off^_usr, _off^_usr, _off^_usr, _off^_usr, _off^_usr, _off^_usr, _off^_usr, _off^_usr, _off^_usr, _off^_usr, _off^_usr, _off^_usr, Wo, Wo, Wo, Wo, Ww, Wwf, Xu, Ur, Ur, Ur, Xu, Ur, Ww, Wwf, Wwf, Wwf, Xu, Uu^Vu, Ur, Ur, Ur, Ww, Wo, Wo, Wo, Wo
_off^_usr, _off^_usr, _off^_usr, _off^_usr, _off^_usr, _off^_usr, _off^_usr, _off^_usr, _off^_usr, _off^_usr, _off^_usr, _off^_usr, _off^_usr, _off^_usr, _off^_usr, _off^_usr, _off^_usr, _off^_usr, Wo, Wo, Wo, Ww, Ww, Xu, Uh^Uf, Uu, Ur, Xu, Sm, Ur, Wwf, Xu, Wwf, Ur, Ur, Ur, Xu, Uh, Ur, Ww, Ww, Ww, Ww, Wo
_off^_usr, _off^_usr, _off^_usr, _off^_usr, _off^_usr, _off^_usr, _off^_usr, _off^_usr, _off^_usr, _off^_usr, _off^_usr, _off^_usr, _off^_usr, _off^_usr, _off^_usr, _off^_usr, _off^_usr, _off^_usr, Wo, Ww, Wo, Ww, Ww, Ds^Uf, Uh^Uf, Ur, Ur, Ur, Ur, Ur, Ww, Xu, Wwf, Ur, Ur^Uf, Ur, Xu, Uh, Ur, Wo, Ww, Ww, Wo, Wo
_off^_usr, _off^_usr, _off^_usr, _off^_usr, _off^_usr, _off^_usr, _off^_usr, _off^_usr, _off^_usr, _off^_usr, _off^_usr, _off^_usr, _off^_usr, _off^_usr, _off^_usr, _off^_usr, _off^_usr, _off^_usr, Wo, Ww, Ww, Wo, Ww, Ds, Ds^Uf, Xu, Ur, Uu^Uf, Uu^Vud, Ur, Ur, Wwf, Xu, Uh, Xu, Uu, Xu, Uu^Uf, Ww, Ww, Ww, Wo, Ww, Wo
_off^_usr, _off^_usr, _off^_usr, _off^_usr, _off^_usr, _off^_usr, _off^_usr, _off^_usr, _off^_usr, _off^_usr, _off^_usr, _off^_usr, _off^_usr, _off^_usr, _off^_usr, _off^_usr, _off^_usr, _off^_usr, Wo, Wo, Ww, Wo, Ww, Ww, Ww, Xu, Wwf, Xu, Xu, Uu, Ww, Ww, Ds, Xu, Xu, Xu, Ww, Ww, Ww, Wo, Wo, Ww^Vm, Ww, Ww
_off^_usr, _off^_usr, _off^_usr, _off^_usr, _off^_usr, _off^_usr, _off^_usr, _off^_usr, _off^_usr, _off^_usr, _off^_usr, _off^_usr, _off^_usr, _off^_usr, _off^_usr, _off^_usr, _off^_usr, _off^_usr, Wo, Wo, Wo, Wo, Wo, Ww, Wo, Ww, Ww, Ww, Wo, Wo, Wo, Wo, Wo, Ww, Ww, Ww, Ww, Wo, Ww, Wo, Ww, Wo, Wo, Ww
_off^_usr, _off^_usr, _off^_usr, _off^_usr, _off^_usr, _off^_usr, _off^_usr, _off^_usr, _off^_usr, _off^_usr, _off^_usr, _off^_usr, _off^_usr, _off^_usr, _off^_usr, _off^_usr, _off^_usr, _off^_usr, Wo, Wo, Wo, Wo, Ww, Wo, Wo, Wo, Wo, Wo, Wo, Wo, Wo, Ww, Ww, Wo, Ww, Ww, Ww, Ww, Ww, Ww, Ww, Wo, Ww, Ww
