_off^_usr, _off^_usr, _off^_usr, _off^_usr, _off^_usr, _off^_usr, _off^_usr, _off^_usr, _off^_usr, _off^_usr, _off^_usr, _off^_usr, _off^_usr, _off^_usr, _off^_usr, _off^_usr, _off^_usr, _off^_usr, Xu, Xu, Xu, Xu, Xu, Xu, Xu, Xu, Xu, Xu, Xu, Xu, Xu, Xu, Xu, Xu, Xu, Xu, Xu, Xu, Xu, Xu, Xu, Xu, Xu, Xu, Xu, Xu, Xu, Xu, Xu, Wo, Wo, Xu, Xu, Xu
_off^_usr, _off^_usr, _off^_usr, _off^_usr, _off^_usr, _off^_usr, _off^_usr, _off^_usr, _off^_usr, _off^_usr, _off^_usr, _off^_usr, _off^_usr, _off^_usr, _off^_usr, _off^_usr, _off^_usr, _off^_usr, Xu, Xu, Xu, Xu, Xu, Xu, Xu, Xu, Xu, Xu, Xu, Xu, Xu, Xu, Xu, Xu, Xu, Xu, Xu, Xu, Xu, Xu, Xu, Xu, Xu, Xu, Wo, Xu, Wo, Wo, Wwf, Wo, Wwf, Xu, Xu, Xu
_off^_usr, _off^_usr, _off^_usr, _off^_usr, _off^_usr, _off^_usr, _off^_usr, _off^_usr, _off^_usr, _off^_usr, _off^_usr, _off^_usr, _off^_usr, _off^_usr, _off^_usr, _off^_usr, _off^_usr, _off^_usr, Xu, Xu, Xu, Xu, Xu, Xu, Xu, Xu, Xu, Xu, Xu, Xu, Ur, Xu, Ur, Xu, Xu, Xu, Xu, Xu, Xu, Xu, Xu, Xu, Ww, Wo, Wo, Wo, Wwf, Wwf, Xu, Wwf, Xu, Xu, Xu, Xu
_off^_usr, _off^_usr, _off^_usr, _off^_usr, _off^_usr, _off^_usr, _off^_usr, _off^_usr, _off^_usr, _off^_usr, _off^_usr, _off^_usr, _off^_usr, _off^_usr, _off^_usr, _off^_usr, _off^_usr, _off^_usr, Xu, Xu, Xu, Xu, Xu, Xu, Xu, Xu, Xu, Xu, Xu, Ur, Ur^Xo, Ur^Xo, Ur^Xo, Ur, Xu, Xu, Xu, Xu, Xu, Xu, Ww, Wwf, Xu, Xu, Xu, Xu, Xu, Xu, Xu, Xu, Xu, Xu, Xu, Xu
_off^_usr, _off^_usr, _off^_usr, _off^_usr, _off^_usr, _off^_usr, _off^_usr, _off^_usr, _off^_usr, _off^_usr, _off^_usr, _off^_usr, _off^_usr, _off^_usr, _off^_usr, _off^_usr, _off^_usr, _off^_usr, Xu, Xu, Xu, Xu, Ur, Uu, Uu, Uh, Xu, Xu, Xu, Xu, Xu, Uu, Xu, Ur, Xu, Xu, Xu, Ur, Wo, Ww, Wwf, Cud, Xu, Xu, Uh, Xu, Xu, Xu, Xu, Xu, Xu, Xu, Xu, Xu
_off^_usr, _off^_usr, _off^_usr, _off^_usr, _off^_usr, _off^_usr, _off^_usr, _off^_usr, _off^_usr, _off^_usr, _off^_usr, _off^_usr, _off^_usr, _off^_usr, _off^_usr, _off^_usr, _off^_usr, _off^_usr, Xu, Xu, Xu, Uu^Uf, Ur, Cud, 1 Ur, Uh, Xu, Xu, Xu, Uu^Uf, Rr, Rr, Uh, Xu, Xu, Xu, Re^Uf, Re, Ww, Ww, Re, Xu, Uu^Vud, Ur, Rr, Uu^Uf, Uu^Uf, Xu, Xu, Xu, Xu, Xu, Xu, Xu
_off^_usr, _off^_usr, _off^_usr, _off^_usr, _off^_usr, _off^_usr, _off^_usr, _off^_usr, _off^_usr, _off^_usr, _off^_usr, _off^_usr, _off^_usr, _off^_usr, _off^_usr, _off^_usr, _off^_usr, _off^_usr, Xu, Xu, Xu, Xu, Ur, 2 Rr, Rr, Ur, Ur, Cud, Xu, Uh, Rr, Rr, Xu, Cud, Re, Re^Uf, Ww, Ww, Re^Uf, Re, Uu^Vud, Uu, Rr, Rr, Rr, Rr, Uh, Xu, Xu, Xu, Xu, Xu, Xu, Xu
_off^_usr, _off^_usr, _off^_usr, _off^_usr, _off^_usr, _off^_usr, _off^_usr, _off^_usr, _off^_usr, _off^_usr, _off^_usr, _off^_usr, _off^_usr, _off^_usr, _off^_usr, _off^_usr, _off^_usr, _off^_usr, Xu, Xu, Xu, Xu, Uu^Uf, Rr, Xu, Rr, Rr, Xu, Rr, Rr, Rr, Rr, Xu, Xu, Ww, Ww, Re, Xu, Uh, Ur, Rr, Rr, Rr, Rr, Rr, Rr, Uu^Uf, Xu, Xu, Xu, Xu, Xu, Xu, Xu
_off^_usr, _off^_usr, _off^_usr, _off^_usr, _off^_usr, _off^_usr, _off^_usr, _off^_usr, _off^_usr, _off^_usr, _off^_usr, _off^_usr, _off^_usr, _off^_usr, _off^_usr, _off^_usr, _off^_usr, _off^_usr, Xu, Xu, Xu, Xu, Uu^Uf, Uh, Xu, Xu, Uu, Rr, Uu^Vud, Ur, Rr, Re, Wwf, Wwf, Re, Wwf, Xu, Uu^Vud, Ur, Rr, Xu, Ur, Ur, Rr, Rr, Rr, Uh, Xu, Xu, Xu, Xu, Xu, Xu, Xu
_off^_usr, _off^_usr, _off^_usr, _off^_usr, _off^_usr, _off^_usr, _off^_usr, _off^_usr, _off^_usr, _off^_usr, _off^_usr, _off^_usr, _off^_usr, _off^_usr, _off^_usr, _off^_usr, _off^_usr, _off^_usr, Xu, Xu, Xu, Xu, Uu^Vud, Ur, Re, Re, Re, Re, Re, Re, Ww, Ww^Bw\, Ww^Bw\, Re, Ur, Cud, Xu, Uu, Rr, Rr, Uu^Uf, Xu, Rr, Rr, Uu, Ur, Xu, Xu, Xu, Xu, Xu, Xu, Xu, Xu
_off^_usr, _off^_usr, _off^_usr, _off^_usr, _off^_usr, _off^_usr, _off^_usr, _off^_usr, _off^_usr, _off^_usr, _off^_usr, _off^_usr, _off^_usr, _off^_usr, _off^_usr, _off^_usr, _off^_usr, _off^_usr, Xu, Xu, Xu, Xu, Uu, Re, Ww, Ww, Ww, Ww, Ww, Ww, Re, Ww, Re, Rr, Rr, Ur, Rr, Rr, Rr, Ur, Rr, Rr, Uu^Vud, Uh, Xu, Cud, Xu, Xu, Xu, Xu, Xu, Xu, Xu, Xu
_off^_usr, _off^_usr, _off^_usr, _off^_usr, _off^_usr, _off^_usr, _off^_usr, _off^_usr, _off^_usr, _off^_usr, _off^_usr, _off^_usr, _off^_usr, _off^_usr, _off^_usr, _off^_usr, _off^_usr, _off^_usr, Xu, Xu, Xu, Xu, Wwf, Ww, Xu, Wwf, Xu, Wo, Ww, Re, Xu, Re^Uf, Xu, Ur, Uh, Rr, Rr, Ur, Ur, Rr, Ur, Uh, Xu, Xu, Xu, Xu, Xu, Xu, Xu, Xu, Xu, Xu, Xu, Xu
_off^_usr, _off^_usr, _off^_usr, _off^_usr, _off^_usr, _off^_usr, _off^_usr, _off^_usr, _off^_usr, _off^_usr, _off^_usr, _off^_usr, _off^_usr, _off^_usr, _off^_usr, _off^_usr, _off^_usr, _off^_usr, Xu, Xu, Wo, Ww, Cud, Xu, Xu, Xu, Xu, Xu, Ww, Cud, Xu, Xu, Xu, Xu, Xu, Xu, Xu, Uu^Uf, Ur, Uu^Uf, Xu, Uh, Xu, Xu, Xu, Xu, Xu, Xu, Xu, Xu, Xu, Xu, Xu, Xu
_off^_usr, _off^_usr, _off^_usr, _off^_usr, _off^_usr, _off^_usr, _off^_usr, _off^_usr, _off^_usr, _off^_usr, _off^_usr, _off^_usr, _off^_usr, _off^_usr, _off^_usr, _off^_usr, _off^_usr, _off^_usr, Xu, Wo, Wo, Xu, Xu, Xu, Xu, Ur^Dr, Ur, Wwf, Xu, Xu, Xu, Xu, Xu, Xu, Xu, Xu, Xu, Xu, Xu, Xu, Xu, Xu, Xu, Xu, Xu, Xu, Xu, Xu, Xu, Xu, Xu, Xu, Xu, Xu
_off^_usr, _off^_usr, _off^_usr, _off^_usr, _off^_usr, _off^_usr, _off^_usr, _off^_usr, _off^_usr, _off^_usr, _off^_usr, _off^_usr, _off^_usr, _off^_usr, _off^_usr, _off^_usr, _off^_usr, _off^_usr, Xu, Xu, Wo, Xu, Xu, Ur, Xu, Xu, Wo, Wo, Xu, Xu, Xu, Xu, Xu, Xu, Xu, Xu, Xu, Xu, Xu, Xu, Xu, Xu, Xu, Xu, Xu, Xu, Xu, Xu, Xu, Xu, Xu, Xu, Xu, Xu
_off^_usr, _off^_usr, _off^_usr, _off^_usr, _off^_usr, _off^_usr, _off^_usr, _off^_usr, _off^_usr, _off^_usr, _off^_usr, _off^_usr, _off^_usr, _off^_usr, _off^_usr, _off^_usr, _off^_usr, _off^_usr, Xu, Xu, Wo, Xu, Xu, Xu, Wo, Wo, Xu, Wo, Xu, Xu, Xu, Xu, Xu, Xu, Xu, Xu, Xu, Xu, Xu, Xu, Xu, Xu, Xu, Xu, Xu, Xu, Xu, Xu, Xu, Xu, Xu, Xu, Xu, Xu
