_off^_usr, _off^_usr, _off^_usr, _off^_usr, _off^_usr, _off^_usr, _off^_usr, _off^_usr, _off^_usr, _off^_usr, _off^_usr, _off^_usr, _off^_usr, _off^_usr, _off^_usr, _off^_usr, _off^_usr, _off^_usr, Wo, Wo, Wo, Wo, Wo, Wo, Wo, Wo, Wo, Wo, Wo, Wo, Wo, Wo, Wo, Wo, Wo, Wo, Wo, Wo, Wo, Wo, Wo, Wo, Wo, Wo, Wo, Wo, Wo, Wo, Wo, Wo, Wo, Wo, Wo, Wo, Wo
_off^_usr, _off^_usr, _off^_usr, _off^_usr, _off^_usr, _off^_usr, _off^_usr, _off^_usr, _off^_usr, _off^_usr, _off^_usr, _off^_usr, _off^_usr, _off^_usr, _off^_usr, _off^_usr, _off^_usr, _off^_usr, Wo, Wo, Wo, Wo, Wo, Wo, Wo, Wo, Wo, Wo, Wo, Wo, Wo, Wo, Ww, Wo, Ww, Wo, Ww, Wo, Wo, Wo, Wo, Wo, Wo, Wo, Wo, Wo, Wo, Wo, Wo, Wo, Wo, Wo, Wo, Wo, Wo
_off^_usr, _off^_usr, _off^_usr, _off^_usr, _off^_usr, _off^_usr, _off^_usr, _off^_usr, _off^_usr, _off^_usr, _off^_usr, _off^_usr, _off^_usr, _off^_usr, _off^_usr, _off^_usr, _off^_usr, _off^_usr, Wo, Wo, Wo, Wo, Wo, Wo, Ww, Ww, Ww, Wo, Ww, Wo, Ww, Ww, Ww, Ww, Ds^Ft, Ww, Ds^Ft, Ww, Ds^Ft, Ww, Ww, Ww, Ww, Wo, Ww, Wo, Wo, Wo, Wo, Wo, Wo, Wo, Ww, Wo, Wo
_off^_usr, _off^_usr, _off^_usr, _off^_usr, _off^_usr, _off^_usr, _off^_usr, _off^_usr, _off^_usr, _off^_usr, _off^_usr, _off^_usr, _off^_usr, _off^_usr, _off^_usr, _off^_usr, _off^_usr, _off^_usr, Wo, Wo, Wo, Ww, Ww, Ww, Ww, Ww, Ds^Ft, Ww, Ds^Ft, Ww, Ww, Ww, Ds^Gvs, Ds^Ft, Dd^Do, Ds^Gvs, Dd, Dd, Dd, Ds^Ft, Ww, Ww, Ww, Ww, Ww, Ww, Ww, Ww, Ww, Wo, Ww, Ww, Ww, Wo, Wo
_off^_usr, _off^_usr, _off^_usr, _off^_usr, _off^_usr, _off^_usr, _off^_usr, _off^_usr, _off^_usr, _off^_usr, _off^_usr, _off^_usr, _off^_usr, _off^_usr, _off^_usr, _off^_usr, _off^_usr, _off^_usr, Wo, Wo, Wo, Ww, Ww, Ww, Ds^Ft, Dd, Dd, Dd, Rb, Ds^Gvs, Ds^Gvs, Ds^Gvs, Dd^Vda, Dd, Dd, Dd, Rb, Dd^Vda, Rb, Dd, Dd, Ww, Ds^Ft, Ww, Ds^Ft, Ww, Ww, Ww, Ww, Ww, Ww, Ww, Wo, Wo, Wo
_off^_usr, _off^_usr, _off^_usr, _off^_usr, _off^_usr, _off^_usr, _off^_usr, _off^_usr, _off^_usr, _off^_usr, _off^_usr, _off^_usr, _off^_usr, _off^_usr, _off^_usr, _off^_usr, _off^_usr, _off^_usr, Wo, Wo, Wo, Ww, Ww, Ww, Dd, Rd, 4 Kd, Cd, Rb, Ds^Ft, Dd^Dr, Dd^Do, Ds^Ft, Rb, Rb, Rb, Rb, Rb, Rb, Ds^Ft, Dd^Vda, Dd, Dd, Ds^Gvs, Ds^Gvs, Hd, Ds^Ft, Ww, Ww, Ww, Ww, Ww, Wo, Wo, Wo
_off^_usr, _off^_usr, _off^_usr, _off^_usr, _off^_usr, _off^_usr, _off^_usr, _off^_usr, _off^_usr, _off^_usr, _off^_usr, _off^_usr, _off^_usr, _off^_usr, _off^_usr, _off^_usr, _off^_usr, _off^_usr, Wo, Wo, Wo, Ww, Ds^Ft, Dd, Rb, Cd, Cd, Cd, Rb, Hd, Ds^Ft, Ds^Ft, Rb, Rb, Rb, Rb, Mdd, Dd, Dd, Rb, Rb, Rb, Rb, Ds^Gvs, Dd^Do, Ds^Gvs, Ds^Gvs, Ds^Ft, Ww, Ww, Ww, Ww, Ww, Wo, Wo
_off^_usr, _off^_usr, _off^_usr, _off^_usr, _off^_usr, _off^_usr, _off^_usr, _off^_usr, _off^_usr, _off^_usr, _off^_usr, _off^_usr, _off^_usr, _off^_usr, _off^_usr, _off^_usr, _off^_usr, _off^_usr, Wo, Wo, Wo, Wo, Ds^Ft, Dd, Dd, Rb, Rb, Rb, Re^Vct, Rb, Rb, Rb, Rb, Rb, Hd, Ds^Ft, Mdd^Xm, Mdd, Mdd, Dd, Ds^Gvs, Rb, Rb, Rb, Rb, Ds^Gvs, Ds^Gvs, Dd, Ww, Ww, Ww, Ww, Ww, Wo, Wo
_off^_usr, _off^_usr, _off^_usr, _off^_usr, _off^_usr, _off^_usr, _off^_usr, _off^_usr, _off^_usr, _off^_usr, _off^_usr, _off^_usr, _off^_usr, _off^_usr, _off^_usr, _off^_usr, _off^_usr, _off^_usr, Wo, Wo, Wo, Wo, Wo, Mdd, Mdd, Dd, Mdd, Rb, Rb, Rb, Rb, Rb, Rb, Dd, Dd, Mdd, Ds^Ft, Mdd, Mdd, Mdd, Ds^Ft, Ds^Ft, Ds^Ft, Rb, Rb, Rb, Rb, Dd, Ds^Ft, Ww, Ww, Ww, Ww, Wo, Wo
_off^_usr, _off^_usr, _off^_usr, _off^_usr, _off^_usr, _off^_usr, _off^_usr, _off^_usr, _off^_usr, _off^_usr, _off^_usr, _off^_usr, _off^_usr, _off^_usr, _off^_usr, _off^_usr, _off^_usr, _off^_usr, Wo, Wo, Wo, Wo, Wo, Mdd^Xm, Mdd^Xm, Mdd^Xm, Mdd^Xm, Mdd, Mdd, Ds^Ft, Dd^Do, Dd, Dd, Rb, Rb, Dd, Rb, Ds^Gvs, Ds^Gvs, Mdd, Mdd, Mdd, Mdd, Dd^Do, Ds^Gvs, Rb, Rb, Dd^Do, Dd, Ds^Ft, Ds^Gvs, Ww, Ww, Wo, Wo
_off^_usr, _off^_usr, _off^_usr, _off^_usr, _off^_usr, _off^_usr, _off^_usr, _off^_usr, _off^_usr, _off^_usr, _off^_usr, _off^_usr, _off^_usr, _off^_usr, _off^_usr, _off^_usr, _off^_usr, _off^_usr, Wo, Wo, Wo, Wo, Ww, Mdd, Mdd, Mdd, Mdd, Mdd^Xm, Mdd^Xm, Mdd, Mdd^Xm, Ds^Ft, Mdd, Ds^Gvs, Ds^Gvs, Rb, Ds^Gvs, Rb, Dd^Vda, Ds^Ft, Mdd, Mdd^Xm, Mdd^Xm, Mdd, Ds^Ft, Ds^Gvs, Dd^Vda, Rb, Dd, Dd, Ds^Gvs, Ds^Ft, Ww, Wo, Wo
_off^_usr, _off^_usr, _off^_usr, _off^_usr, _off^_usr, _off^_usr, _off^_usr, _off^_usr, _off^_usr, _off^_usr, _off^_usr, _off^_usr, _off^_usr, _off^_usr, _off^_usr, _off^_usr, _off^_usr, _off^_usr, Wo, Wo, Wo, Ww, Ww, Ds^Ft, Ds^Ft, Mdd, Hd, Mdd, Hd^Ft, Mdd^Xm, Mdd, Mdd^Xm, Mdd^Xm, Mdd, Mdd, Ds^Ft, Ds^Ft, Rb, Rb, Ds^Gvs, Ds^Ft, Mdd, Mdd^Xm, Mdd, Hd, Ds^Gvs, Ds^Gvs, Rb, Dd, Dd, Dd^Dr, Ds^Gvs, Ds^Ft, Ww, Ww
_off^_usr, _off^_usr, _off^_usr, _off^_usr, _off^_usr, _off^_usr, _off^_usr, _off^_usr, _off^_usr, _off^_usr, _off^_usr, _off^_usr, _off^_usr, _off^_usr, _off^_usr, _off^_usr, _off^_usr, _off^_usr, Wo, Wo, Wo, Wo, Ww, Ds^Ft, Dd^Do, Ds^Gvs, Ds^Gvs, Ds^Ft, Dd, Mdd, Mdd, Mdd, Mdd, Mdd^Xm, Mdd^Xm, Mdd, Mdd, Ds^Gvs, Dd^Ftd, Rb, Rb, Mdd, Mdd, Mdd, Hd, Ds^Ft, Ds^Gvs, Rb, Dd^Edpp, Dd, Dd, Dd^Dr, Ds^Gvs, Ww, Ww
_off^_usr, _off^_usr, _off^_usr, _off^_usr, _off^_usr, _off^_usr, _off^_usr, _off^_usr, _off^_usr, _off^_usr, _off^_usr, _off^_usr, _off^_usr, _off^_usr, _off^_usr, _off^_usr, _off^_usr, _off^_usr, Wo, Wo, Wo, Wo, Ww, Ds^Gvs, Ds^Gvs, Dd, Dd^Vda, Rb, Rb, Dd, Dd, Hd, Hd, Mdd^Xm, Mdd, Mdd^Xm, Mdd^Xm, Mdd, Mdd, Rb, Rb, Dd, Dd, Ds^Ft, Dd^Do, Ds^Gvs, Rb, Rb, Dd, Dd, Dd^Dr, Dd^Dr, Ds^Ft, Ww, Ww
_off^_usr, _off^_usr, _off^_usr, _off^_usr, _off^_usr, _off^_usr, _off^_usr, _off^_usr, _off^_usr, _off^_usr, _off^_usr, _off^_usr, _off^_usr, _off^_usr, _off^_usr, _off^_usr, _off^_usr, _off^_usr, Wo, Wo, Wo, Wo, Ww, Ds^Gvs, Ds^Ft, Ds^Ft, Rb, Rb, Dd^Vda, Rb, Rb, Dd, Dd, Hd^Ft, Ds^Ft, Mdd, Hd^Ft, Mdd^Xm, Mdd, Mdd, Mdd, Rb, Rb, Ce, Ke, Rb, Ds^Ft, Rb, Rb, Dd, Ds^Gvs, Ds^Gvs, Ww, Ww, Ww
_off^_usr, _off^_usr, _off^_usr, _off^_usr, _off^_usr, _off^_usr, _off^_usr, _off^_usr, _off^_usr, _off^_usr, _off^_usr, _off^_usr, _off^_usr, _off^_usr, _off^_usr, _off^_usr, _off^_usr, _off^_usr, Wo, Wo, Wo, Ww, Ww, Ds^Gvs, Rb, Rb, Dd^Do, Dd, Mdd, Ds^Ft, Hd, Rb, Rb, Rb, Rb, Dd, Dd, Mdd, Mdd, Mdd, Ds^Ft, Dd, Rb, Ds^Gvs, Rb, Dd^Dr, Rb, Rb, Rb, Dd, Dd, Dd, Ww, Ww, Ww
_off^_usr, _off^_usr, _off^_usr, _off^_usr, _off^_usr, _off^_usr, _off^_usr, _off^_usr, _off^_usr, _off^_usr, _off^_usr, _off^_usr, _off^_usr, _off^_usr, _off^_usr, _off^_usr, _off^_usr, _off^_usr, Wo, Wo, Wo, Ww, Ds^Ft, Ce, Rb, Ds^Gvs, Ds^Ft, Mdd, Mdd, Mdd, Dd, Hd, Ds^Ft, Dd, Dd, Rb, Rb, Ds^Ft, Ds^Ft, Hd, Ds^Gvs, Ds^Gvs, Rb, Dd^Vda, Ds^Ft, Rb, Dd^Edpp, Dd, Rb, Dd, Dd, Dd, Ds^Ft, Ww, Ww
_off^_usr, _off^_usr, _off^_usr, _off^_usr, _off^_usr, _off^_usr, _off^_usr, _off^_usr, _off^_usr, _off^_usr, _off^_usr, _off^_usr, _off^_usr, _off^_usr, _off^_usr, _off^_usr, _off^_usr, _off^_usr, Wo, Wo, Wo, Ww, Ds^Ft, Ke, Rb, Ds^Gvs, Ds^Ft, Mdd, Mdd, Dd^Do, Dd, Hd, Hd, Hd, Mdd, Dd, Dd, Rb, Rb, Ds^Gvs, Rb, Rb, Ds^Ft, Ds^Ft, Dd^Do, Dd, Dd, Dd, Rb, Dd, Dd, Dd, Ds^Ft, Ww, Ww
_off^_usr, _off^_usr, _off^_usr, _off^_usr, _off^_usr, _off^_usr, _off^_usr, _off^_usr, _off^_usr, _off^_usr, _off^_usr, _off^_usr, _off^_usr, _off^_usr, _off^_usr, _off^_usr, _off^_usr, _off^_usr, Wo, Wo, Wo, Ww, Ce, Ke, Rb, Ds^Gvs, Ds^Gvs, Ds^Ft, Hd, Mdd, Mdd, Mdd, Dd, Ds^Ft, Dd, Mdd, Dd, Dd^Vda, Dd^Dr, Rb, Dd, Dd, Dd, Dd^Do, Ds^Ft, Ds^Ft, Rb, Rb, Dd^Vda, Dd, Dd, Ds^Ft, Ww, Ww, Ww
_off^_usr, _off^_usr, _off^_usr, _off^_usr, _off^_usr, _off^_usr, _off^_usr, _off^_usr, _off^_usr, _off^_usr, _off^_usr, _off^_usr, _off^_usr, _off^_usr, _off^_usr, _off^_usr, _off^_usr, _off^_usr, Wo, Wo, Wo, Ww, Ds^Gvs, Dd, Dd, Rb, Rb, Ds^Gvs, Ds^Gvs, Ds^Gvs, Ds^Gvs, Dd, Dd, Dd, Dd, Dd, Rb, Rb, Rb, Rb, Rb, Dd, Rb, Ds^Ft, Rb, Rb, Dd, Dd, Ds^Ft, Dd, Ww, Ww, Ww, Ww, Ww
_off^_usr, _off^_usr, _off^_usr, _off^_usr, _off^_usr, _off^_usr, _off^_usr, _off^_usr, _off^_usr, _off^_usr, _off^_usr, _off^_usr, _off^_usr, _off^_usr, _off^_usr, _off^_usr, _off^_usr, _off^_usr, Wo, Wo, Wo, Ww, Ds^Ft, Ce, Ce, Rb, Dd, Rb, Rb, Rb^Vdt, Rb, Rb, Rb, Ds^Ft, Rb, Rb, Dd, Dd, Dd, Dd^Vda, Dd, Rb, Dd, Rb, Dd, Dd, Ds^Ft, Ds^Ft, Ww, Ww, Ww, Ww, Wo, Wo, Wo
_off^_usr, _off^_usr, _off^_usr, _off^_usr, _off^_usr, _off^_usr, _off^_usr, _off^_usr, _off^_usr, _off^_usr, _off^_usr, _off^_usr, _off^_usr, _off^_usr, _off^_usr, _off^_usr, _off^_usr, _off^_usr, Wo, Wo, Wo, Ww, Ds^Ft, 3 Ke, Ce, Dd, Dd, Dd, 1 Dd, Rb, 2 Dd, Rb, Dd, Rb, Dd, Dd, Ds^Ft, Ww, Ds^Ft, Dd, Ds^Gvs, Ds^Gvs, Ds^Gvs, Dd, Ds^Ft, Dd, Ww, Ww, Ww, Ww, Ww, Ww, Wo, Wo, Wo
_off^_usr, _off^_usr, _off^_usr, _off^_usr, _off^_usr, _off^_usr, _off^_usr, _off^_usr, _off^_usr, _off^_usr, _off^_usr, _off^_usr, _off^_usr, _off^_usr, _off^_usr, _off^_usr, _off^_usr, _off^_usr, Wo, Wo, Wo, Ww, Ww, Ds^Ft, Ds^Gvs, Ds^Gvs, Ww, Ds^Gvs, Dd, Rb, Dd, Dd, Ww, Dd, Ds^Ft, Ds^Gvs, Ww, Ww, Ww, Ds^Gvs, Ww, Ds^Ft, Ww, Ww, Ww, Ww, Ww, Ww, Ww, Ww, Ww, Ww, Wo, Wo, Wo
_off^_usr, _off^_usr, _off^_usr, _off^_usr, _off^_usr, _off^_usr, _off^_usr, _off^_usr, _off^_usr, _off^_usr, _off^_usr, _off^_usr, _off^_usr, _off^_usr, _off^_usr, _off^_usr, _off^_usr, _off^_usr, Wo, Wo, Wo, Ww, Ww, Ww, Ww, Ww, Ww, Ww, Ww^Bw/, Ww^Bw|, Ww^Bw\, Ww, Ww, Ww, Ww, Ww, Ww, Ww, Ww, Ww, Ww, Ww, Ww, Ww, Ww, Ww, Ww, Ww, Ww, Ww, Ww, Wo, Wo, Wo, Wo
_off^_usr, _off^_usr, _off^_usr, _off^_usr, _off^_usr, _off^_usr, _off^_usr, _off^_usr, _off^_usr, _off^_usr, _off^_usr, _off^_usr, _off^_usr, _off^_usr, _off^_usr, _off^_usr, _off^_usr, _off^_usr, Wo, Wo, Wo, Wo, Wo, Ww, Wo, Ww, Wo, Wo, Wo, Wo, Wo, Wo, Wo, Ww, Wo, Ww, Wo, Wo, Wo, Wo, Wo, Wo, Wo, Wo, Wo, Wo, Wo, Wo, Wo, Wo, Wo, Wo, Wo, Wo, Ww
_off^_usr, _off^_usr, _off^_usr, _off^_usr, _off^_usr, _off^_usr, _off^_usr, _off^_usr, _off^_usr, _off^_usr, _off^_usr, _off^_usr, _off^_usr, _off^_usr, _off^_usr, _off^_usr, _off^_usr, _off^_usr, Wo, Wo, Wo, Wo, Wo, Wo, Wo, Wo, Wo, Wo, Wo, Wo, Wo, Wo, Wo, Wo, Wo, Wo, Wo, Wo, Wo, Wo, Wo, Wo, Wo, Wo, Wo, Wo, Wo, Wo, Wo, Wo, Wo, Wo, Wo, Wo, Ww
