_off^_usr, _off^_usr, _off^_usr, _off^_usr, _off^_usr, _off^_usr, _off^_usr, _off^_usr, _off^_usr, _off^_usr, _off^_usr, _off^_usr, _off^_usr, _off^_usr, _off^_usr, _off^_usr, _off^_usr, _off^_usr, Wo, Ww, Ww, Wo, Ww, Wo, Ww, Wo, Ww, Ww, Wwr, Ww, Wwr, Ww, Wo, Ww, Wo, Ww, Ww, Wo, Ww, Wo, Wo, Ww, Wo, Wo, Ww, Ww, Wo, Wo, Wo, Wo
_off^_usr, _off^_usr, _off^_usr, _off^_usr, _off^_usr, _off^_usr, _off^_usr, _off^_usr, _off^_usr, _off^_usr, _off^_usr, _off^_usr, _off^_usr, _off^_usr, _off^_usr, _off^_usr, _off^_usr, _off^_usr, Wo, Wo, Wo, Wo, Wo, Ww, Wo, Ww, Ww, Ww, Ww, Wwr, Ww, Ww, Ww, Wo, Ww, Wo, Wo, Ww, Wo, Wo, Mm, Mm, Mm, Wo, Wo, Wo, Wo, Wo, Wo, Ww
_off^_usr, _off^_usr, _off^_usr, _off^_usr, _off^_usr, _off^_usr, _off^_usr, _off^_usr, _off^_usr, _off^_usr, _off^_usr, _off^_usr, _off^_usr, _off^_usr, _off^_usr, _off^_usr, _off^_usr, _off^_usr, Wwf, Wwf, Wwf, Ww, Wo, Wo, Ww, Ww, Ww, Ww, Gs^Fet, Ww, Ww, Ww, Ww, Ww, Ww, Ww, Ww, Wo, Ww, Wwr, Ww, Mm, Mm, Wwr, Wwr, Ww, Wo, Wo, Wo, Ww
_off^_usr, _off^_usr, _off^_usr, _off^_usr, _off^_usr, _off^_usr, _off^_usr, _off^_usr, _off^_usr, _off^_usr, _off^_usr, _off^_usr, _off^_usr, _off^_usr, _off^_usr, _off^_usr, _off^_usr, _off^_usr, Mm, Wo, Mm, Ww, Ww, Wo, Mm, Wwf, Wwf, Gs^Fet, Gg^Ve, Gs^Fet, Hh, Ww, Ww, Ww, Wwr, Wwr, Wwr, Ww, Wwr, Wwr, Wwr, Ww, Ww, Wwr, Ww, Wo, Wo, Ww, Ww, Ww
_off^_usr, _off^_usr, _off^_usr, _off^_usr, _off^_usr, _off^_usr, _off^_usr, _off^_usr, _off^_usr, _off^_usr, _off^_usr, _off^_usr, _off^_usr, _off^_usr, _off^_usr, _off^_usr, _off^_usr, _off^_usr, Hh, Wo, Mm, Wwf, Mm, Wwf, Wo, Ww, Ww, Gs^Fet, Hh, Gs, Gs, Ww, Ww, Ww, Ww, Ww, Ww, Ww, Ww, Wwr, Ww, Ww, Ww, Ww, Wo, Wo, Wwr, Wo, Wo, Ww
_off^_usr, _off^_usr, _off^_usr, _off^_usr, _off^_usr, _off^_usr, _off^_usr, _off^_usr, _off^_usr, _off^_usr, _off^_usr, _off^_usr, _off^_usr, _off^_usr, _off^_usr, _off^_usr, _off^_usr, _off^_usr, Wo, Wo, Wwr, Wwf, Wo, Wo, Ww, Ww, Ww, Ww, Ww, Gs, Gd, Gs^Fet, Gs^Fet, Ww, Ww, Ww^Ewf, Ww, Ww, Ww, Ww, Ww, Ww, Ww, Ww, Wwr, Ww, Ww, Mm, Mm, Wwr
_off^_usr, _off^_usr, _off^_usr, _off^_usr, _off^_usr, _off^_usr, _off^_usr, _off^_usr, _off^_usr, _off^_usr, _off^_usr, _off^_usr, _off^_usr, _off^_usr, _off^_usr, _off^_usr, _off^_usr, _off^_usr, Wo, Wo, Wo, Wo, Ww, Wo, Ww, Wwr, Ww, Ww, Ww, Gs^Uf, Gs, Gs, Gs, Gs^Fet, Gs^Uf, Ww, Mm, Ww, Gs^Fet, Ww, Gs^Fet, Ww, Ww, Ww, Wwr, Ww, Ww, Mm, Mm, Mm
_off^_usr, _off^_usr, _off^_usr, _off^_usr, _off^_usr, _off^_usr, _off^_usr, _off^_usr, _off^_usr, _off^_usr, _off^_usr, _off^_usr, _off^_usr, _off^_usr, _off^_usr, _off^_usr, _off^_usr, _off^_usr, Wo, Ww, Ww, Ww, Ww, Wo, Ww, Wo, Ww, Ww, Ww, Mm, Gs^Fet, Gs, Re, Gg, Gg, Gg, Gg, Hh, Gs, Gg^Ve, Gd, Hh, Wwf, Ww, Ww, Wwr, Ww, Ww, Mm, Mm
_off^_usr, _off^_usr, _off^_usr, _off^_usr, _off^_usr, _off^_usr, _off^_usr, _off^_usr, _off^_usr, _off^_usr, _off^_usr, _off^_usr, _off^_usr, _off^_usr, _off^_usr, _off^_usr, _off^_usr, _off^_usr, Ww, Wo, Wo, Ww, Ww, Ww, Ww, Ww, Mm, Ww, Ww, Mm, Gs^Fet, Hh, Re, Re, Gs, Gs, Gs, Gg, Gs, Gs, Gg, Gs, Wwf, Ww, Ww, Ww, Ww, Ww, Ww, Mm
_off^_usr, _off^_usr, _off^_usr, _off^_usr, _off^_usr, _off^_usr, _off^_usr, _off^_usr, _off^_usr, _off^_usr, _off^_usr, _off^_usr, _off^_usr, _off^_usr, _off^_usr, _off^_usr, _off^_usr, _off^_usr, Ww, Ww, Wo, Ww, Ww, Ww, Mm, Hh, Gs, Hh, Ww, Ww, Hh, Hh, Re, Gs, Ww, Gs^Uf, Ww, Ww, Ww, Ww, Wwf, Wwf, Gg, Ww, Ww, Ww, Ww, Wwr, Ww, Wwr
_off^_usr, _off^_usr, _off^_usr, _off^_usr, _off^_usr, _off^_usr, _off^_usr, _off^_usr, _off^_usr, _off^_usr, _off^_usr, _off^_usr, _off^_usr, _off^_usr, _off^_usr, _off^_usr, _off^_usr, _off^_usr, Ww, Ww, Wwr, Ww, Ww, Gs, Gs^Fet, Gs, Gs, Hh, Ww, Ww, Gs, Re, Gs, Gs, Ww, Ww, Ww, Wwr, Wwr, Ww, Wwf, Gs, Gd, Gs^Fet, Ww, Ww^Ewf, Ww, Ww, Ww, Ww
_off^_usr, _off^_usr, _off^_usr, _off^_usr, _off^_usr, _off^_usr, _off^_usr, _off^_usr, _off^_usr, _off^_usr, _off^_usr, _off^_usr, _off^_usr, _off^_usr, _off^_usr, _off^_usr, _off^_usr, _off^_usr, Ww, Wwr, Ww, Wwr, Ww, Gs, Gg^Ve, Gs^Fet, Gs, Wwr, Ww, Wwf, Gs, Gg, Gs^Uf, Mm, Ww, Ww, Wo, Wwr, Wwr, Ww, Mm, Hh, Hh, Gs, Gg, Ww, Ww, Ww, Ww, Ww
_off^_usr, _off^_usr, _off^_usr, _off^_usr, _off^_usr, _off^_usr, _off^_usr, _off^_usr, _off^_usr, _off^_usr, _off^_usr, _off^_usr, _off^_usr, _off^_usr, _off^_usr, _off^_usr, _off^_usr, _off^_usr, Ww, Wo, Ww, Ww, Ww, Gs, Gs^Fet, Hh, Gg, Gs, Gs^Fet, Wwf, Wwf, Gs, Ww, Ww, Wo, Wo, Wo^Xo, Wo, Ww, Ww, Ww, Gs^Fet, Gs^Fet, Gg, Gs, Ww, Gs^Fet, Ww, Ww, Ww
_off^_usr, _off^_usr, _off^_usr, _off^_usr, _off^_usr, _off^_usr, _off^_usr, _off^_usr, _off^_usr, _off^_usr, _off^_usr, _off^_usr, _off^_usr, _off^_usr, _off^_usr, _off^_usr, _off^_usr, _off^_usr, Ww, Ww, Wo, Wo, Ww, Ww, Ww, Gs, Gs, Gs, Wwf, Gs^Fet, Gs, Ww, Ww, Ww, Wo, Wo^Xo, Wo, Wo, Ww, Ww, Ww, Ww, Ww, Gs, Re, Gs, Gs, Gs^Uf, Ww, Ww
_off^_usr, _off^_usr, _off^_usr, _off^_usr, _off^_usr, _off^_usr, _off^_usr, _off^_usr, _off^_usr, _off^_usr, _off^_usr, _off^_usr, _off^_usr, _off^_usr, _off^_usr, _off^_usr, _off^_usr, _off^_usr, Ww, Ww, Ww, Ww, Ww, Ww^Ewl, Ww, Ww, Ww, Gs, Hh, Gs^Fet, Gs, Ww, Ww, Ww, Wo, Wo^Xo, Wo, Ww, Gs^Fet, Gs^Fet, Gs^Fet, Gs, Gs, Gs, Hh, Gs, Gd, Gs, Ww, Ww
_off^_usr, _off^_usr, _off^_usr, _off^_usr, _off^_usr, _off^_usr, _off^_usr, _off^_usr, _off^_usr, _off^_usr, _off^_usr, _off^_usr, _off^_usr, _off^_usr, _off^_usr, _off^_usr, _off^_usr, _off^_usr, Ww, Ww, Wwr, Ww, Ww, Ww, Gs, Gs, Gs, Gs, Gs, Gs, Ww, Ww, Wwr, Wo, Wo, Wo^Xo, Wo, Ww, Gs^Fet, Gg^Ve, Gs, Rb, Gs, Re, Gs^Uf, Gs^Uf, Re, Gs, Ww, Ww
_off^_usr, _off^_usr, _off^_usr, _off^_usr, _off^_usr, _off^_usr, _off^_usr, _off^_usr, _off^_usr, _off^_usr, _off^_usr, _off^_usr, _off^_usr, _off^_usr, _off^_usr, _off^_usr, _off^_usr, _off^_usr, Ww, Wo, Wwr, Ww, Ww, Ww, Gs, Hh, Gs^Fet, Re, Re, Gs, Ww, Ww, Wwr, Wo, Wo, Wo^Xo, Wo, Ww, Ww, Gs^Fet, Mm, Gs, Ww, Gs, Gg, Gs^Fet, Gs, Gs^Uf, Mm, Ww
_off^_usr, _off^_usr, _off^_usr, _off^_usr, _off^_usr, _off^_usr, _off^_usr, _off^_usr, _off^_usr, _off^_usr, _off^_usr, _off^_usr, _off^_usr, _off^_usr, _off^_usr, _off^_usr, _off^_usr, _off^_usr, Ww, Wo, Ww, Ww, Ww, Ww, Ww, Gs^Fet, Gs^Fet, Re, Gs, Gs, Ww, Wwr, Wo, Wo, Wo, Wo^Xo, Wo, Ww, Wwr, Ww, Ww, Ww, Ww, Ww, Gs, Gg, Re, Hh, Mm, Mm
_off^_usr, _off^_usr, _off^_usr, _off^_usr, _off^_usr, _off^_usr, _off^_usr, _off^_usr, _off^_usr, _off^_usr, _off^_usr, _off^_usr, _off^_usr, _off^_usr, _off^_usr, _off^_usr, _off^_usr, _off^_usr, Wo, Wo, Wo, Wwr, Wwr, Ww, Ww, Gg^Ve, Gs^Fet, Gs, Gs, Ww, Ww, Ww, Ww, Wo, Wo, Wo^Xo, Wo, Wo, Wo, Wwr, Wo, Wo, Wo, Ww, Gs, Gg, Gs^Fet, Mm, Ww, Ww
_off^_usr, _off^_usr, _off^_usr, _off^_usr, _off^_usr, _off^_usr, _off^_usr, _off^_usr, _off^_usr, _off^_usr, _off^_usr, _off^_usr, _off^_usr, _off^_usr, _off^_usr, _off^_usr, _off^_usr, _off^_usr, Ww, Wo, Wo, Ww, Ww, Ww, Ww, Ww, Gs, Gd, Gs, Gs^Uf, Mm, Ww, Ww, Ww, Wo, Wo^Xo, Wo^Xo, Wo, Wo, Wwr, Wwr, Wo, Ww^Ewl, Ww, Gs, Re, Gs^Fet, Ww, Ww^Ewf, Ww
_off^_usr, _off^_usr, _off^_usr, _off^_usr, _off^_usr, _off^_usr, _off^_usr, _off^_usr, _off^_usr, _off^_usr, _off^_usr, _off^_usr, _off^_usr, _off^_usr, _off^_usr, _off^_usr, _off^_usr, _off^_usr, Ww, Ww, Ww, Ww, Ww, Ww, Gs^Fet, Gs, Re, Re, Gs, Gs, Gs, Hh, Hh, Ww, Wwr, Wo, Wo^Xo, Wo, Ww, Ww, Ww, Ww, Ww, Ww, Gs, Hh, Gs^Fet, Ww, Ww, Ww
_off^_usr, _off^_usr, _off^_usr, _off^_usr, _off^_usr, _off^_usr, _off^_usr, _off^_usr, _off^_usr, _off^_usr, _off^_usr, _off^_usr, _off^_usr, _off^_usr, _off^_usr, _off^_usr, _off^_usr, _off^_usr, Ww, Wwr, Wwr, Ww, Ww, Ww, Hh, Gs, Gg, Gs, Gs^Fet, Gg, Gd, Gs^Fet, Mm, Ww, Wwr, Wo, Wo^Xo, Wo, Ww, Ww, Gs, Gs, Gs, Gs, Gg, Gg, Gs, Ww, Ww, Ww
_off^_usr, _off^_usr, _off^_usr, _off^_usr, _off^_usr, _off^_usr, _off^_usr, _off^_usr, _off^_usr, _off^_usr, _off^_usr, _off^_usr, _off^_usr, _off^_usr, _off^_usr, _off^_usr, _off^_usr, _off^_usr, Ww, Ww, Wwr, Ww, Ww, Ww, Mm, Gs^Fet, Gs, Gg, Gs, Gs, Gg, Gs, Ww, Ww, Wo, Wo, Wo^Xo, Wo, Ww, Ww, Gs^Fet, Gs^Fet, Gs^Efm, Gs^Efm, Hh, Gg, Gg, Gs, Gs, Ww
_off^_usr, _off^_usr, _off^_usr, _off^_usr, _off^_usr, _off^_usr, _off^_usr, _off^_usr, _off^_usr, _off^_usr, _off^_usr, _off^_usr, _off^_usr, _off^_usr, _off^_usr, _off^_usr, _off^_usr, _off^_usr, Wo, Ww, Wo, Ww, Ww, Ww, Ww, Hh, Wwf, Gs, Wwf, Gs, Gs, Ww, Ww, Ww, Wo, Wo^Xo, Wo, Wo, Ww, Gs, Hh, Gs^Fet, Gg^Fet, Wwr, Gg^Fet, Gs^Efm, Hh, Gs^Fet, Gs, Ww
_off^_usr, _off^_usr, _off^_usr, _off^_usr, _off^_usr, _off^_usr, _off^_usr, _off^_usr, _off^_usr, _off^_usr, _off^_usr, _off^_usr, _off^_usr, _off^_usr, _off^_usr, _off^_usr, _off^_usr, _off^_usr, Ww, Wo, Ww, Ww, Ww, Ww, Ww, Wwf, Wwf, Wwf, Wwf, Gs, Gg^Ve, Gs^Fet, Ww, Wwr, Wo, Wo^Xo, Wo, Ww, Ww, Gd^Efm, Gs^Fet, Gg^Ve, Ww^Ewf, Ww^Ewf, Ww^Ewl, Gg^Ve, Gs^Fet, Gs^Fet, Gd, Ww
_off^_usr, _off^_usr, _off^_usr, _off^_usr, _off^_usr, _off^_usr, _off^_usr, _off^_usr, _off^_usr, _off^_usr, _off^_usr, _off^_usr, _off^_usr, _off^_usr, _off^_usr, _off^_usr, _off^_usr, _off^_usr, Ww, Wo, Ww, Ww, Ww, Ww, Gs^Fet, Gs^Fet, Cv, Gs^Fet, Gg^Ve, Gs, 3 Kv, Cv, Ww, Wwr, Wo, Wo^Xo, Wo, Ww, Ww, Gs, Gs^Fet, Wwr, Ww^Ewl, Wwf^Vm, Ww^Ewl, Wwr, Gg^Fet, Gs^Efm, Gs, Ww
_off^_usr, _off^_usr, _off^_usr, _off^_usr, _off^_usr, _off^_usr, _off^_usr, _off^_usr, _off^_usr, _off^_usr, _off^_usr, _off^_usr, _off^_usr, _off^_usr, _off^_usr, _off^_usr, _off^_usr, _off^_usr, Ww, Ww, Ww, Ww, Wo, Ww, Ss^Bw/, 1 Kv, 2 Kv, Cv, Gg^Ve, Gs, Gs^Fet, Gs^Fet, Ww, Ww, Wo, Wo^Xo, Wo, Ww^Ewf, Ww, Ww, Gs, Gg^Efm, Gg^Fet, Wwf^Ewf, Gg^Fet, Gg^Efm, Gs, Mm, Ww, Ww
_off^_usr, _off^_usr, _off^_usr, _off^_usr, _off^_usr, _off^_usr, _off^_usr, _off^_usr, _off^_usr, _off^_usr, _off^_usr, _off^_usr, _off^_usr, _off^_usr, _off^_usr, _off^_usr, _off^_usr, _off^_usr, Wo, Ww, Ww, Ww, Ww, Ss^Bw/, Ww, Gs^Fet, Gs^Fet, Gs^Fet, Gs^Fet, Gs^Fet, Ww, Ww, Wwr, Wwr, Wo, Wo^Xo, Wo, Ww, Ww, Gs^Uf, Gs, Hh, Gs, Wwf, Cv, Gg^Ve, Gs, Ww, Wwr, Ww
_off^_usr, _off^_usr, _off^_usr, _off^_usr, _off^_usr, _off^_usr, _off^_usr, _off^_usr, _off^_usr, _off^_usr, _off^_usr, _off^_usr, _off^_usr, _off^_usr, _off^_usr, _off^_usr, _off^_usr, _off^_usr, Ww, Wo, Wo, Ww, Ww, Ww, Ww, Ww, Ww, Ww, Ww, Ww, Ww, Ww, Ww, Wo, Wo^Xo, Wo^Xo, Wo, Ww, Ww, Gs^Uf, Gs^Uf, Gs, Gs, Gg^Ve, Cv, 4 Kv, Gs^Uf, Ww, Ww, Wwr
_off^_usr, _off^_usr, _off^_usr, _off^_usr, _off^_usr, _off^_usr, _off^_usr, _off^_usr, _off^_usr, _off^_usr, _off^_usr, _off^_usr, _off^_usr, _off^_usr, _off^_usr, _off^_usr, _off^_usr, _off^_usr, Wo, Wo, Wo, Ww, Ww, Ww, Ww, Ww, Ww, Ww, Ww, Ww, Ww, Ww, Ww, Wo, Wo^Xo, Wo, Wo, Ww, Wwr, Ww, Wo, Wwf, Ww, Gs, Gs, Gs, Mm, Mm, Ww, Ww
_off^_usr, _off^_usr, _off^_usr, _off^_usr, _off^_usr, _off^_usr, _off^_usr, _off^_usr, _off^_usr, _off^_usr, _off^_usr, _off^_usr, _off^_usr, _off^_usr, _off^_usr, _off^_usr, _off^_usr, _off^_usr, Ww, Wo, Wo, Wo, Wo, Ww, Ww, Ww, Ww, Ww, Ww, Ww, Ww, Ww, Wo, Wo, Wo^Xo, Wo, Wo, Ww, Ww, Wwr, Wwr, Wwr, Ww, Ww, Mm^Uf, Mm, Mm, Mm, Ww, Ww
_off^_usr, _off^_usr, _off^_usr, _off^_usr, _off^_usr, _off^_usr, _off^_usr, _off^_usr, _off^_usr, _off^_usr, _off^_usr, _off^_usr, _off^_usr, _off^_usr, _off^_usr, _off^_usr, _off^_usr, _off^_usr, Ww, Wo, Ww, Wo, Ww, Ww, Ww, Ww, Wo, Wo, Wo, Ww, Wo, Wo, Wo, Wo, Wo^Xo, Wo, Wo, Wo, Wo, Ww, Ww, Wwr, Ww, Ww, Ww, Ww, Ww, Ww, Wo, Wo
_off^_usr, _off^_usr, _off^_usr, _off^_usr, _off^_usr, _off^_usr, _off^_usr, _off^_usr, _off^_usr, _off^_usr, _off^_usr, _off^_usr, _off^_usr, _off^_usr, _off^_usr, _off^_usr, _off^_usr, _off^_usr, Ww, Wo, Wo, Wo, Wo, Wo, Wo, Wo, Ww, Ww, Ww, Ww, Wo, Wo, Wo, Wo, Wo^Xo, Wo, Wo, Wo, Wo, Wo, Ww, Ww, Ww, Wo, Wo, Wo, Ww, Wo, Ww, Ww
