_off^_usr, _off^_usr, _off^_usr, _off^_usr, _off^_usr, _off^_usr, _off^_usr, _off^_usr, _off^_usr, _off^_usr, _off^_usr, _off^_usr, _off^_usr, _off^_usr, _off^_usr, _off^_usr, _off^_usr, _off^_usr, Ww, Ww, Wo, Wo, Ww, Ww, Ww, Ww, Ww, Ww, Ww, Ww, Ww, Ww, Wo, Ww, Wo, Ww, Ww, Ww, Ww, Ww, Ww, Ww, Ww, Ww, Ww, Ww, Ww, Ww, Ww, Ww, Ww, Ww
_off^_usr, _off^_usr, _off^_usr, _off^_usr, _off^_usr, _off^_usr, _off^_usr, _off^_usr, _off^_usr, _off^_usr, _off^_usr, _off^_usr, _off^_usr, _off^_usr, _off^_usr, _off^_usr, _off^_usr, _off^_usr, Wo, Wo, Wo, Wo, Ww, Ww, Wo, Ww, Ww, Ww, Ww, Ww, Ww, Ww, Wo, Wo, Wo, Wo, Wo, Ww, Ww, Ww, Wo, Ww, Ww, Ww, Ww, Ww, Ww, Ww, Ww, Ww, Ww, Ww
_off^_usr, _off^_usr, _off^_usr, _off^_usr, _off^_usr, Ww^ZBw|, _off^_usr, _off^_usr, _off^_usr, _off^_usr, _off^_usr, _off^_usr, _off^_usr, _off^_usr, _off^_usr, _off^_usr, _off^_usr, _off^_usr, Wo, Wo, Wo, Ww, Ww, Wo, Ww, Wo, Wo, Ww, Wo, Wo, Ww, Ww, Ww, Ww, Ww, Ww, Ww, Wo, Wo, Ww, Ww, Wo, Wo, Ww, Wo, Ww, Wo, Ww, Ww, Ww, Ww, Ww
_off^_usr, _off^_usr, _off^_usr, _off^_usr, _off^_usr, _off^_usr, _off^_usr, _off^_usr, _off^_usr, _off^_usr, _off^_usr, _off^_usr, _off^_usr, _off^_usr, _off^_usr, _off^_usr, _off^_usr, _off^_usr, Ww, Wo, Wwr, Ww, Ww, Ww, Wwr, Wo, Ww, Wo, Ww, Wo, Ww, Wo, Wo, Ww, Wo, Ww, Wo, Ww, Ww, Wo, Ww, Ww, Ww, Wo, Ww, Ww, Ww, Wo, Ww, Ww, Ww, Ww
_off^_usr, _off^_usr, _off^_usr, _off^_usr, _off^_usr, _off^_usr, _off^_usr, _off^_usr, _off^_usr, _off^_usr, _off^_usr, _off^_usr, _off^_usr, _off^_usr, _off^_usr, _off^_usr, _off^_usr, _off^_usr, Ww, Wo, Wo, Ww, Ww, Ww, Ww, Ww, Ww, Ww, Ww, Ww, Ww, Ww, Ww, Ww, Ww, Ww, Wwr, Ww, Ww, Ww, Ww, Ww, Ww, Ww, Wwr, Ww, Ww, Wo, Wo, Ww, Ww, Ww
_off^_usr, _off^_usr, _off^_usr, _off^_usr, _off^_usr, _off^_usr, _off^_usr, _off^_usr, _off^_usr, _off^_usr, _off^_usr, _off^_usr, _off^_usr, _off^_usr, _off^_usr, _off^_usr, _off^_usr, _off^_usr, Ww, Ww, Ww, Wo, Ww, Ww, Ww, Ww, Ww, Ww, Ww, Wwr, Ww, Ww, Ww, Ww, Ww, Ww, Ww, Ww, Ww, Ww, Ww, Ww, Ww, Ww, Ww, Wwr, Ww, Ww, Wo, Ww, Ww, Ww
_off^_usr, _off^_usr, _off^_usr, _off^_usr, _off^_usr, _off^_usr, _off^_usr, _off^_usr, _off^_usr, _off^_usr, _off^_usr, _off^_usr, _off^_usr, _off^_usr, _off^_usr, _off^_usr, _off^_usr, _off^_usr, Ww, Ww, Wo, Wo, Wo, Ww, Wwf, Ww, Gg, Ww, Ww, Ww, Ww, Ww, Ww, Ww, Ww, Ww, Ww, Ww, Ww, Ww, Ww, Ww, Ww, Ww, Ww, Ww, Ww, Ww, Ww, Wo, Wo, Ww
_off^_usr, _off^_usr, _off^_usr, _off^_usr, _off^_usr, _off^_usr, _off^_usr, _off^_usr, _off^_usr, _off^_usr, _off^_usr, _off^_usr, _off^_usr, _off^_usr, _off^_usr, _off^_usr, _off^_usr, _off^_usr, Ww, Ww, Wo, Wo, Ww, Wwf^Bw\, Gg, 1 Gg, Re^Gvs, Gg, Gg, Ww, Ww, Ww, Ww, Ww, Ww, Ww, Gg^Fds, Ww, Ww, Ww, Ww, Ww, Ww, Ww, Ds, Ww, Ww, Wwr, Wwr, Wo, Ww, Ww
_off^_usr, _off^_usr, _off^_usr, _off^_usr, _off^_usr, _off^_usr, _off^_usr, _off^_usr, _off^_usr, _off^_usr, _off^_usr, _off^_usr, _off^_usr, _off^_usr, _off^_usr, _off^_usr, _off^_usr, _off^_usr, Ww, Wo, Wo, Ww, Ww, Wwf, 2 Gg, Re^Gvs, Gg^Vh, Re^Gvs, Gg, Ds, Ww, Ww, Gg, Ww, Gg^Eff, Ds, Gg^Eff, Ww, Gg^Fds, Ww, Ds, Ww, Gg, Gg^Fds, Gg, Ds, Ds, Ww, Ww, Wwr, Wwr, Ww
_off^_usr, _off^_usr, _off^_usr, _off^_usr, _off^_usr, _off^_usr, _off^_usr, _off^_usr, _off^_usr, _off^_usr, _off^_usr, _off^_usr, _off^_usr, _off^_usr, _off^_usr, _off^_usr, _off^_usr, _off^_usr, Ww, Ww, Wo, Ww, Ww, Ww, Gg, Re^Gvs, Gg, Gg, Ww, Gg, Gg, Gg, Re^Eff, Gg^Eff, Gg^Fds, Gg^Eff, Hh, Gg^Eff, Re^Eff, Gs, Gg, Gg^Fds, Re^Gvs, Re^Gvs, Re^Gvs, Gg, Ds, Ww, Ww, Ww, Ww, Ww
_off^_usr, _off^_usr, _off^_usr, _off^_usr, _off^_usr, _off^_usr, _off^_usr, _off^_usr, _off^_usr, _off^_usr, _off^_usr, _off^_usr, _off^_usr, _off^_usr, _off^_usr, _off^_usr, _off^_usr, _off^_usr, Ww, Ww, Wo, Ww, Ww, Ww, Ww, Gg, Gg^Fds, Gg, Gg, Hh, Gg^Eff, Re^Eff, Gg^Wm, Re^Eff, Re^Gvs, Re, Re, Re, Re^Eff, Re^Eff, Gs, Gs, Gs, Gg^Vh, Re^Gvs, Gg, Ds, Ww, Ww, Ww, Ww, Ww
_off^_usr, _off^_usr, _off^_usr, _off^_usr, _off^_usr, _off^_usr, _off^_usr, _off^_usr, _off^_usr, _off^_usr, _off^_usr, _off^_usr, _off^_usr, _off^_usr, _off^_usr, _off^_usr, _off^_usr, _off^_usr, Ww, Wo, Ww, Ww, Ww, Ww, Ww, Ww, Ww, Gg^Fds, Wwf, Gg^Eff, Gg^Eff, Re^Gvs, Re^Gvs, Re^Gvs, Gg^Vh, Re^Gvs, Re^Eff, Re^Eff, Re^Gvs, Re^Gvs, Hh, Gll, Gll, Gs, Gg, Gg^Fds, Ww, Ww, Ww, Ww, Ww, Ww
_off^_usr, _off^_usr, _off^_usr, _off^_usr, _off^_usr, _off^_usr, _off^_usr, _off^_usr, _off^_usr, _off^_usr, _off^_usr, _off^_usr, _off^_usr, _off^_usr, _off^_usr, _off^_usr, _off^_usr, _off^_usr, Ww, Wo, Ww, Ww, Ww, Ww, Ww, Ww, Ww, Ww, Wo, Gg, Gg, Gg^Eff, Re^Eff, Re^Gvs, Re^Gvs, Gg^Eff, Gg^Eff, Gg^Vh, Re^Gvs, Gg, Wwf, Gs, Gll, Gg, Gg, Ww, Hh^Fds, Ww, Ww, Ww, Ww, Ww
_off^_usr, _off^_usr, _off^_usr, _off^_usr, _off^_usr, _off^_usr, _off^_usr, _off^_usr, _off^_usr, _off^_usr, _off^_usr, _off^_usr, _off^_usr, _off^_usr, _off^_usr, _off^_usr, _off^_usr, _off^_usr, Ww, Ww, Wo, Ww, Ww, Ww, Ww, Ww, Ww, Ww, Ww, Wwf, Gg, Re^Eff, Gg^Eff, Re^Gvs, Gg^Eff, Gg^Eff, Ww, Gg, Gg, Gg, Ww, Gg, Hh, Re, Re, Gg, Ce, Gg^Fds, Gg^Fds, Ww, Ww, Ww
_off^_usr, _off^_usr, _off^_usr, _off^_usr, _off^_usr, _off^_usr, _off^_usr, _off^_usr, _off^_usr, _off^_usr, _off^_usr, _off^_usr, _off^_usr, _off^_usr, _off^_usr, _off^_usr, _off^_usr, _off^_usr, Ww, Wo, Ww, Ww, Ww, Ww, Ww, Ww, Ww, Ww, Hh, Gs, Re^Gvs, Gg, Ww, Gg^Eff, Gg, Ww, Ww, Ww, Gg^Fds, Ww, Gg, Gg, Gg, Re, Re^Vct, Re, Re, Re, Gg^Fds, Ww, Ww, Ww
_off^_usr, _off^_usr, _off^_usr, _off^_usr, _off^_usr, _off^_usr, _off^_usr, _off^_usr, _off^_usr, _off^_usr, _off^_usr, _off^_usr, _off^_usr, _off^_usr, _off^_usr, _off^_usr, _off^_usr, _off^_usr, Ww, Wo, Ww, Ww, Wwr, Ww, Ww, Ww, Ds, Gg, Re^Gvs, Re^Gvs, Gg^Vh, Gg, Gg, Gg, Ww, Gg, Gg^Fds, Gg, Ww, Ww, Gg, Ww, Gg, Re, Re, Re, Ke, Ce, Hh, Ww, Ww, Ww
_off^_usr, _off^_usr, _off^_usr, _off^_usr, _off^_usr, _off^_usr, _off^_usr, _off^_usr, _off^_usr, _off^_usr, _off^_usr, _off^_usr, _off^_usr, _off^_usr, _off^_usr, _off^_usr, _off^_usr, _off^_usr, Ww, Wo, Wo, Ww, Ww, Ww, Ww, Ww, Ds, Gg, Gg^Fds, Re^Gvs, Re^Gvs, Re^Gvs, Gg, Gg^Fds, Ww, Ww, Ww, Ww, Ww, Ww, Hh^Fds, Ww, Gg^Fds, Ce, Gg^Fds, Ce, Gg^Fds, Hh, Ww, Ww, Ww, Ww
_off^_usr, _off^_usr, _off^_usr, _off^_usr, _off^_usr, _off^_usr, _off^_usr, _off^_usr, _off^_usr, _off^_usr, _off^_usr, _off^_usr, _off^_usr, _off^_usr, _off^_usr, _off^_usr, _off^_usr, _off^_usr, Ww, Ww, Wo, Ww, Ww, Ww, Wwr, Ww, Ww, Ds, Ds, Gg, Gg, Gg^Efm, Wo, Wo, Ww, Ww, Ww, Ww, Ww, Ww, Ww, Hh, Mm, Hh, Ww, Hh, Ww, Ww, Ww, Ww, Wwr, Ww
_off^_usr, _off^_usr, _off^_usr, _off^_usr, _off^_usr, _off^_usr, _off^_usr, _off^_usr, _off^_usr, _off^_usr, _off^_usr, _off^_usr, _off^_usr, _off^_usr, _off^_usr, _off^_usr, _off^_usr, _off^_usr, Ww, Ww, Ww, Ww, Ww, Ww, Ww, Ww, Ww, Ww, Ww, Ds, Ds, Ds, Ww, Ww, Ww, Ww, Ww, Ww, Wwr, Ww, Ww, Ww, Ww, Ww, Ww, Ww, Ww, Ww, Ww, Ww, Wo, Wo
_off^_usr, _off^_usr, _off^_usr, _off^_usr, _off^_usr, _off^_usr, _off^_usr, _off^_usr, _off^_usr, _off^_usr, _off^_usr, _off^_usr, _off^_usr, _off^_usr, _off^_usr, _off^_usr, _off^_usr, _off^_usr, Ww, Ww, Wo, Wo, Wo, Ww, Ww, Ww, Ww, Ww, Ww, Ww, Ww, Ww, Ww, Ww, Ww, Ww, Ww, Ww, Ww, Ww, Ww, Ww, Ww, Ww, Ww, Wwr, Ww, Ww, Ww, Wo, Wo, Wo
_off^_usr, _off^_usr, _off^_usr, _off^_usr, _off^_usr, _off^_usr, _off^_usr, _off^_usr, _off^_usr, _off^_usr, _off^_usr, _off^_usr, _off^_usr, _off^_usr, _off^_usr, _off^_usr, _off^_usr, _off^_usr, Ww, Ww, Ww, Wo, Ww, Ww, Ww, Ww, Ww, Ww, Ww, Ww, Ww, Ww, Ww, Ww, Ww, Ww, Wo, Ww, Ww, Ww, Wwr, Ww, Ww, Ww, Ww, Ww, Ww, Wwr, Wo, Ww, Ww, Ww
_off^_usr, _off^_usr, _off^_usr, _off^_usr, _off^_usr, _off^_usr, _off^_usr, _off^_usr, _off^_usr, _off^_usr, _off^_usr, _off^_usr, _off^_usr, _off^_usr, _off^_usr, _off^_usr, _off^_usr, _off^_usr, Ww, Ww, Ww, Ww, Wo, Ww, Ww, Ww, Ww, Ww, Ww, Ww, Wwr, Ww, Ww, Ww, Wo, Wo, Ww, Wo, Wo, Ww, Ww, Ww, Ww, Ww, Wo, Wo, Wo, Wo, Wo, Ww, Ww, Ww
_off^_usr, _off^_usr, _off^_usr, _off^_usr, _off^_usr, _off^_usr, _off^_usr, _off^_usr, _off^_usr, _off^_usr, _off^_usr, _off^_usr, _off^_usr, _off^_usr, _off^_usr, _off^_usr, _off^_usr, _off^_usr, Ww, Ww, Wo, Wo, Ww, Wo, Wo, Ww, Wo, Ww, Ww, Ww, Ww, Ww, Ww, Ww, Ww, Ww, Ww, Ww, Ww, Wo, Wo, Wo, Ww, Wo, Ww, Wo, Ww, Ww, Ww, Ww, Ww, Ww
_off^_usr, _off^_usr, _off^_usr, _off^_usr, _off^_usr, _off^_usr, _off^_usr, _off^_usr, _off^_usr, _off^_usr, _off^_usr, _off^_usr, _off^_usr, _off^_usr, _off^_usr, _off^_usr, _off^_usr, _off^_usr, Ww, Ww, Wo, Wo, Ww, Ww, Ww, Wo, Ww, Ww, Ww, Wo, Ww, Wo, Ww, Ww, Ww, Ww, Ww, Ww, Ww, Wo, Ww, Ww, Ww, Ww, Ww, Ww, Ww, Ww, Ww, Ww, Ww, Ww
