_off^_usr, _off^_usr, _off^_usr, _off^_usr, _off^_usr, _off^_usr, _off^_usr, _off^_usr, _off^_usr, _off^_usr, _off^_usr, _off^_usr, _off^_usr, _off^_usr, _off^_usr, _off^_usr, _off^_usr, _off^_usr, Ww, Ww, Wo, Wo, Ww, Ww, Ww, Ww, Ww, Ww, Ww, Ww, Ww, Ww, Wo, Ww, Wo, Ww, Ww, Ww, Ww, Ww, Ww, Ww, Ww, Ww, Ww, Ww, Ww, Ww, Ww, Ww, Ww, Ww
_off^_usr, _off^_usr, _off^_usr, _off^_usr, _off^_usr, _off^_usr, _off^_usr, _off^_usr, _off^_usr, _off^_usr, _off^_usr, _off^_usr, _off^_usr, _off^_usr, _off^_usr, _off^_usr, _off^_usr, _off^_usr, Wo, Wo, Wo, Wo, Ww, Ww, Wo, Ww, Ww, Ww, Ww, Ww, Ww, Ww, Wo, Wo, Wo, Wo, Wo, Ww, Ww, Ww, Wo, Ww, Ww, Ww, Ww, Ww, Ww, Ww, Ww, Ww, Ww, Ww
_off^_usr, _off^_usr, _off^_usr, _off^_usr, _off^_usr, Ww^ZBw|, _off^_usr, _off^_usr, _off^_usr, _off^_usr, _off^_usr, _off^_usr, _off^_usr, _off^_usr, _off^_usr, _off^_usr, _off^_usr, _off^_usr, Wo, Wo, Wo, Ww, Ww, Wo, Ww, Wo, Wo, Ww, Wo, Wo, Ww, Ww, Ww, Ww, Ww, Ww, Ww, Wo, Wo, Ww, Ww, Wo, Wo, Ww, Wo, Ww, Wo, Ww, Ww, Ww, Ww, Ww
_off^_usr, _off^_usr, _off^_usr, _off^_usr, _off^_usr, _off^_usr, _off^_usr, _off^_usr, _off^_usr, _off^_usr, _off^_usr, _off^_usr, _off^_usr, _off^_usr, _off^_usr, _off^_usr, _off^_usr, _off^_usr, Ww, Wo, Wwr, Ww, Ww, Ww, Wwr, Wo, Ww, Wo, Ww, Wo, Ww, Wo, Wo, Ww, Wo, Ww, Wo, Ww, Ww, Wo, Ww, Ww, Ww, Wo, Ww, Ww, Ww, Wo, Ww, Ww, Ww, Ww
_off^_usr, _off^_usr, _off^_usr, _off^_usr, _off^_usr, _off^_usr, _off^_usr, _off^_usr, _off^_usr, _off^_usr, _off^_usr, _off^_usr, _off^_usr, _off^_usr, _off^_usr, _off^_usr, _off^_usr, _off^_usr, Ww, Wo, Wo, Ww, Ww, Ww, Ww, Ww, Ww, Ww, Ww, Ww, Ww, Ww, Ww, Ww, Ww, Ww, Wwr, Ww, Ww, Ww, Ww, Ww, Ww, Ww, Wwr, Ww, Ww, Wo, Wo, Ww, Ww, Ww
_off^_usr, _off^_usr, _off^_usr, _off^_usr, _off^_usr, _off^_usr, _off^_usr, _off^_usr, _off^_usr, _off^_usr, _off^_usr, _off^_usr, _off^_usr, _off^_usr, _off^_usr, _off^_usr, _off^_usr, _off^_usr, Ww, Ww, Ww, Wo, Ww, Ww, Ww, Ww, Ww, Ww, Ww, Wwr, Ww, Ww, Ww, Ww, Ww, Ww, Ww, Ww, Ww, Ww, Ww, Ww, Ww, Ww, Ww, Wwr, Ww, Ww, Wo, Ww, Ww, Ww
_off^_usr, _off^_usr, _off^_usr, _off^_usr, _off^_usr, _off^_usr, _off^_usr, _off^_usr, _off^_usr, _off^_usr, _off^_usr, _off^_usr, _off^_usr, _off^_usr, _off^_usr, _off^_usr, _off^_usr, _off^_usr, Ww, Ww, Wo, Wo, Wwf, Ww, Wwf, Ww, Gg, Ww, Ww, Ww, Ww, Ww, Ww, Ww, Ww, Ww, Ww, Ww, Ww, Ww, Ww, Ww, Ww, Ww, Ww, Ww, Ww, Ww, Ww, Wo, Wo, Ww
_off^_usr, _off^_usr, _off^_usr, _off^_usr, _off^_usr, _off^_usr, _off^_usr, _off^_usr, _off^_usr, _off^_usr, _off^_usr, _off^_usr, _off^_usr, _off^_usr, _off^_usr, _off^_usr, _off^_usr, _off^_usr, Ww, Ww, Wo, Wo, Ww, Wwf^Bw\, Gg, 1 Gg, Re, Gll, Gll, Ww, Ww, Ww, Ww, Ww, Ww, Ww, Gg^Fds, Ww, Ww, Ww, Ww, Ww, Ww, Ww, Ds, Ww, Ww, Wwr, Wwr, Wo, Ww, Ww
_off^_usr, _off^_usr, _off^_usr, _off^_usr, _off^_usr, _off^_usr, _off^_usr, _off^_usr, _off^_usr, _off^_usr, _off^_usr, _off^_usr, _off^_usr, _off^_usr, _off^_usr, _off^_usr, _off^_usr, _off^_usr, Ww, Wo, Wo, Ww, Ww, Wwf, 2 Gg, Re, Gg^Vhr, Re, Gg, Ds, Ww, Ww, Gll, Ww, Gg^Eff, Ds, Gg^Eff, Ww, Gg^Fds, Ww, Ds, Ww, Gg, Gg^Fds, Gg, Ds, Ds, Ww, Ww, Wwr, Wwr, Ww
_off^_usr, _off^_usr, _off^_usr, _off^_usr, _off^_usr, _off^_usr, _off^_usr, _off^_usr, _off^_usr, _off^_usr, _off^_usr, _off^_usr, _off^_usr, _off^_usr, _off^_usr, _off^_usr, _off^_usr, _off^_usr, Ww, Ww, Wo, Ww, Ww, Ww, Gg, Re, Gg, Gg, Ww, Gg, Gg, Gll, Re^Eff, Gg^Eff, Gg^Fds, Gg^Eff, Hh, Gg^Eff, Re^Eff, Re, Gg, Gg^Fds, Re, Re, Re, Gll, Ds, Ww, Ww, Ww, Ww, Ww
_off^_usr, _off^_usr, _off^_usr, _off^_usr, _off^_usr, _off^_usr, _off^_usr, _off^_usr, _off^_usr, _off^_usr, _off^_usr, _off^_usr, _off^_usr, _off^_usr, _off^_usr, _off^_usr, _off^_usr, _off^_usr, Ww, Ww, Wo, Ww, Ww, Ww, Ww, Gg, Gg^Fds, Gll, Gll, Hh, Gg^Eff, Re^Eff, Gll^Dr, Re^Eff, Re, Gll, Re, Re, Re^Eff, Sm^Edt, Sm, Gs, Gll, Gg^Vhr, Re, Gll, Ds, Ww, Ww, Ww, Ww, Ww
_off^_usr, _off^_usr, _off^_usr, _off^_usr, _off^_usr, _off^_usr, _off^_usr, _off^_usr, _off^_usr, _off^_usr, _off^_usr, _off^_usr, _off^_usr, _off^_usr, _off^_usr, _off^_usr, _off^_usr, _off^_usr, Ww, Wo, Ww, Ww, Ww, Ww, Ww, Ww, Ww, Gg^Fds, Wwf, Gll^Edb, Gg^Eff, Re, Re, Re, Gg^Vhr, Re, Re^Eff, Re^Eff, Re, Sm, Hh, Gll, Gll, Gll, Gll, Gg^Fds, Ww, Ww, Ww, Ww, Ww, Ww
_off^_usr, _off^_usr, _off^_usr, _off^_usr, _off^_usr, _off^_usr, _off^_usr, _off^_usr, _off^_usr, _off^_usr, _off^_usr, _off^_usr, _off^_usr, _off^_usr, _off^_usr, _off^_usr, _off^_usr, _off^_usr, Ww, Wo, Ww, Ww, Ww, Ww, Ww, Ww, Ww, Ww, Wo, Gll, Gll, Gg^Eff, Re, Re, Re, Gg^Eff, Gg^Eff, Gg^Vhr, Re, Gll, Wwf, Gll, Gll, Gg, Dd^Esd, Ww, Hh^Fds, Ww, Ww, Ww, Ww, Ww
_off^_usr, _off^_usr, _off^_usr, _off^_usr, _off^_usr, _off^_usr, _off^_usr, _off^_usr, _off^_usr, _off^_usr, _off^_usr, _off^_usr, _off^_usr, _off^_usr, _off^_usr, _off^_usr, _off^_usr, _off^_usr, Ww, Ww, Wo, Ww, Ww, Ww, Ww, Ww, Ww, Ww, Ww, Wwf, Gg, Gll^Edb, Re^Edt, Re, Gg^Eff, Gg^Eff, Ww, Gg, Gg, Gll, Ww, Gg, Hh, Re, Re, Ds, Ce, Gg^Fds, Gg^Fds, Ww, Ww, Ww
_off^_usr, _off^_usr, _off^_usr, _off^_usr, _off^_usr, _off^_usr, _off^_usr, _off^_usr, _off^_usr, _off^_usr, _off^_usr, _off^_usr, _off^_usr, _off^_usr, _off^_usr, _off^_usr, _off^_usr, _off^_usr, Ww, Wo, Ww, Ww, Ww, Ww, Ww, Ww, Ww, Ww, Hh, Gll, Re, Sm, Sm, Sm^Edt, Gll, Ww, Ww, Ww, Gg^Fds, Ww, Gg, Gg, Re, Re^Edt, Re, Re, Re, Re, Gg^Fds, Ww, Ww, Ww
_off^_usr, _off^_usr, _off^_usr, _off^_usr, _off^_usr, _off^_usr, _off^_usr, _off^_usr, _off^_usr, _off^_usr, _off^_usr, _off^_usr, _off^_usr, _off^_usr, _off^_usr, _off^_usr, _off^_usr, _off^_usr, Ww, Wo, Ww, Ww, Wwr, Ww, Ww, Ww, Ds, Gg, Re, Re^Edb, Gg^Vhr, Gg, Gll, Gg, Ww, Gll, Gg^Fds, Gg, Ww, Ww, Gg, Ww, Gg, Re, Re, Re, Ke, Ce, Hh, Ww, Ww, Ww
_off^_usr, _off^_usr, _off^_usr, _off^_usr, _off^_usr, _off^_usr, _off^_usr, _off^_usr, _off^_usr, _off^_usr, _off^_usr, _off^_usr, _off^_usr, _off^_usr, _off^_usr, _off^_usr, _off^_usr, _off^_usr, Ww, Wo, Wo, Ww, Ww, Ww, Ww, Ww, Ds, Gg, Gg^Fds, Re, Re, Re, Gg, Gg^Fds, Ww, Ww, Ww, Ww, Ww, Ww, Hh^Fds, Ww, Gg^Fds, Ce, Gg^Fds, Ce, Gg^Fds, Hh, Ww, Ww, Ww, Ww
_off^_usr, _off^_usr, _off^_usr, _off^_usr, _off^_usr, _off^_usr, _off^_usr, _off^_usr, _off^_usr, _off^_usr, _off^_usr, _off^_usr, _off^_usr, _off^_usr, _off^_usr, _off^_usr, _off^_usr, _off^_usr, Ww, Ww, Wo, Ww, Ww, Ww, Wwr, Ww, Ww, Ds, Ds, Gg, Gg, Gg^Edb, Wo, Wo, Ww, Ww, Ww, Ww, Ww, Ww, Ww, Hh, Mm, Hh, Ww, Hh, Ww, Ww, Ww, Ww, Wwr, Ww
_off^_usr, _off^_usr, _off^_usr, _off^_usr, _off^_usr, _off^_usr, _off^_usr, _off^_usr, _off^_usr, _off^_usr, _off^_usr, _off^_usr, _off^_usr, _off^_usr, _off^_usr, _off^_usr, _off^_usr, _off^_usr, Ww, Ww, Ww, Ww, Ww, Ww, Ww, Ww, Ww, Ww, Ww, Ds, Ds, Ds, Ww, Ww, Ww, Ww, Ww, Ww, Wwr, Ww, Ww, Ww, Ww, Ww, Ww, Ww, Ww, Ww, Ww, Ww, Wo, Wo
_off^_usr, _off^_usr, _off^_usr, _off^_usr, _off^_usr, _off^_usr, _off^_usr, _off^_usr, _off^_usr, _off^_usr, _off^_usr, _off^_usr, _off^_usr, _off^_usr, _off^_usr, _off^_usr, _off^_usr, _off^_usr, Ww, Ww, Wo, Wo, Wo, Ww, Ww, Ww, Ww, Ww, Ww, Ww, Ww, Ww, Ww, Ww, Ww, Ww, Ww, Ww, Ww, Ww, Ww, Ww, Ww, Ww, Ww, Wwr, Ww, Ww, Ww, Wo, Wo, Wo
_off^_usr, _off^_usr, _off^_usr, _off^_usr, _off^_usr, _off^_usr, _off^_usr, _off^_usr, _off^_usr, _off^_usr, _off^_usr, _off^_usr, _off^_usr, _off^_usr, _off^_usr, _off^_usr, _off^_usr, _off^_usr, Ww, Ww, Ww, Wo, Ww, Ww, Ww, Ww, Ww, Ww, Ww, Ww, Ww, Ww, Ww, Ww, Ww, Ww, Wo, Ww, Ww, Ww, Wwr, Ww, Ww, Ww, Ww, Ww, Ww, Wwr, Wo, Ww, Ww, Ww
_off^_usr, _off^_usr, _off^_usr, _off^_usr, _off^_usr, _off^_usr, _off^_usr, _off^_usr, _off^_usr, _off^_usr, _off^_usr, _off^_usr, _off^_usr, _off^_usr, _off^_usr, _off^_usr, _off^_usr, _off^_usr, Ww, Ww, Ww, Ww, Wo, Ww, Ww, Ww, Ww, Ww, Ww, Ww, Wwr, Ww, Ww, Ww, Wo, Wo, Ww, Wo, Wo, Ww, Ww, Ww, Ww, Ww, Wo, Wo, Wo, Wo, Wo, Ww, Ww, Ww
_off^_usr, _off^_usr, _off^_usr, _off^_usr, _off^_usr, _off^_usr, _off^_usr, _off^_usr, _off^_usr, _off^_usr, _off^_usr, _off^_usr, _off^_usr, _off^_usr, _off^_usr, _off^_usr, _off^_usr, _off^_usr, Ww, Ww, Wo, Wo, Ww, Wo, Wo, Ww, Wo, Ww, Ww, Ww, Ww, Ww, Ww, Ww, Ww, Ww, Ww, Ww, Ww, Wo, Wo, Wo, Ww, Wo, Ww, Wo, Ww, Ww, Ww, Ww, Ww, Ww
_off^_usr, _off^_usr, _off^_usr, _off^_usr, _off^_usr, _off^_usr, _off^_usr, _off^_usr, _off^_usr, _off^_usr, _off^_usr, _off^_usr, _off^_usr, _off^_usr, _off^_usr, _off^_usr, _off^_usr, _off^_usr, Ww, Ww, Wo, Wo, Ww, Ww, Ww, Wo, Ww, Ww, Ww, Wo, Ww, Wo, Ww, Ww, Ww, Ww, Ww, Ww, Ww, Wo, Ww, Ww, Ww, Ww, Ww, Ww, Ww, Ww, Ww, Ww, Ww, Ww
