_off^_usr, _off^_usr, _off^_usr, _off^_usr, _off^_usr, _off^_usr, _off^_usr, _off^_usr, _off^_usr, _off^_usr, _off^_usr, _off^_usr, _off^_usr, _off^_usr, _off^_usr, _off^_usr, _off^_usr, _off^_usr, Wo, Wo, Wo, Wo, Wo, Wo, Wo, Ww, Ww, Ww, Ww, Ww, Ww, Ww, Wo, Wo, Wo, Wo, Wo, Wo, Wo, Wo, Ww, Ww, Ww, Ww, Ww, Ww, Wo, Wo, Wo, Wo, Wo, Ww, Wo, Ww, Ww, Ww, Ww, Ww, Ww, Ww
_off^_usr, _off^_usr, _off^_usr, _off^_usr, _off^_usr, _off^_usr, _off^_usr, _off^_usr, _off^_usr, _off^_usr, _off^_usr, _off^_usr, _off^_usr, _off^_usr, _off^_usr, _off^_usr, _off^_usr, _off^_usr, Wo, Wo, Wo, Wo, Wwr, Wo, Ww, Ww, Ww, Ww, Rp^Vhc, Ww, Ww, Ww, Ww, Ww, Ww, Wo, Ww, Wo, Ww, Ww, Ww, Ww, Ww, Ww, Ww, Ww, Ww, Ww, Ww, Wo, Wo, Wo, Wo, Wo, Ww, Wo, Wo, Wo, Ww, Ww
_off^_usr, _off^_usr, _off^_usr, _off^_usr, _off^_usr, _off^_usr, _off^_usr, _off^_usr, _off^_usr, _off^_usr, _off^_usr, _off^_usr, _off^_usr, _off^_usr, _off^_usr, _off^_usr, _off^_usr, _off^_usr, Wo, Wo, Wo, Wwr, Ww, Ww, Ww, Ww, Ww, Gg^Gvs, Re^Gvs, Gg^Gvs, Ww, Ww, Ww, Ww, Ww, Ww, Ww, Ww, Ww, Ww, Ww, Ww, Gg^Gvs, Gg^Fet, Ds, Ww, Hh, Ww, Ww, Wo, Wwr, Ww, Wo, Wo, Wo, Ww, Ww, Wo, Wo, Ww
_off^_usr, _off^_usr, _off^_usr, _off^_usr, _off^_usr, _off^_usr, _off^_usr, _off^_usr, _off^_usr, _off^_usr, _off^_usr, _off^_usr, _off^_usr, _off^_usr, _off^_usr, _off^_usr, _off^_usr, _off^_usr, Wo, Wwr, Ww, Ww, Ww, Ww, Ds, Ww, Gg^Efm, Gg, Gg, Ds, Gg^Gvs, Ww, Gg^Efm, Ww, Gg^Gvs, Ww, Hh, Ww, Wwr, Ww, Hh^Fds, Ww, Gg^Efm, Gg^Gvs, Gg^Gvs, Ww, Gg^Fet, Mm, Ww, Ww, Ww, Ww, Ww, Wo, Wo, Wo, Ww, Ww, Wo, Ww
_off^_usr, _off^_usr, _off^_usr, _off^_usr, _off^_usr, _off^_usr, _off^_usr, _off^_usr, _off^_usr, _off^_usr, _off^_usr, _off^_usr, _off^_usr, _off^_usr, _off^_usr, _off^_usr, _off^_usr, _off^_usr, Wo, Wwr, Ww, Ww, Ww, Ds, Gg^Efm, Gg^Efm, Ch, Ch, Wwf, Hh^Fds, Hh, Gg^Efm, Rr, Gg^Gvs, Rr, Gg^Gvs, Rr, Gs^Fds, Gg^Gvs, Ds, Gg, Gg, Gg^Vh, Gg, Gg, Wwf, Gg, Hh^Fds, Ww, Ww, Ww, Ww, Ww, Wwr, Ww, Wo, Wo, Wo, Wo, Ww
_off^_usr, _off^_usr, _off^_usr, _off^_usr, _off^_usr, _off^_usr, _off^_usr, _off^_usr, _off^_usr, _off^_usr, _off^_usr, _off^_usr, _off^_usr, _off^_usr, _off^_usr, _off^_usr, _off^_usr, _off^_usr, Wwr, Ww, Ww, Ww, Ww, Ds, Gg^Efm, 4 Kh, Wwf, Wwf, Rp^Vhc, Gs^Fds, Rr, Rr, Gs^Fds, Rr, Hh, Rr, Gg^Gvs, Rr, Rr, Gg, Rr, Gs^Fds, Rr, Rr, Rr, Gg, Ww, Ww^Bw\, Gg^Efm, Ww, Hh^Fds, Gg^Vh, Ww, Ww, Ww, Wwr, Ww, Ww, Ww, Ww
_off^_usr, _off^_usr, _off^_usr, _off^_usr, _off^_usr, _off^_usr, _off^_usr, _off^_usr, _off^_usr, _off^_usr, _off^_usr, _off^_usr, _off^_usr, _off^_usr, _off^_usr, _off^_usr, _off^_usr, _off^_usr, Ww, Ww, Ww, Ww, Ds, Wwf, Wwf, Ch, Wwf, Ch, Rr, Rr, Rr, Rp^Vhc, Ww, Gg^Efm, Wwf, Gg^Efm, Ww, Gg^Gvs, Gg^Vh, Rr, Gs^Fds, Rr, Rr, Ch, Rr, Gg^Gvs, Ww, Ww, Gg^Efm, Mm, Gg^Efm, Ww, Ww, Ww, Hh, Ww, Ww, Ww, Ww, Ww
_off^_usr, _off^_usr, _off^_usr, _off^_usr, _off^_usr, _off^_usr, _off^_usr, _off^_usr, _off^_usr, _off^_usr, _off^_usr, _off^_usr, _off^_usr, _off^_usr, _off^_usr, _off^_usr, _off^_usr, _off^_usr, Ww, Ww, Ww, Ds, Gg^Vhc, Gg^Efm, Gg^Efm, Wwf, Gg, Gg, Gg^Efm, Gg, Gg^Efm, Ww^Bw\, Gg, Gg^Efm, Ww, Ww, Ww, Ww, Gg^Efm, Rr, Gg^Efm, Gg^Efm, Rr, Kh, Rr, Gg^Gvs, Ww, Ww, Gg, Gg^Efm, Ww, Ww^Bw\, Gg, Hh^Fms, Gg^Efm, Mm, Ww, Ds, Ww, Ww
_off^_usr, _off^_usr, _off^_usr, _off^_usr, _off^_usr, _off^_usr, _off^_usr, _off^_usr, _off^_usr, _off^_usr, _off^_usr, _off^_usr, _off^_usr, _off^_usr, _off^_usr, _off^_usr, _off^_usr, _off^_usr, Ww, Ww, Ds, Ds, Gs^Fds, Gg^Efm, Mm, Gg, Mm, Gg^Efm, Gs^Fds, Gg^Efm, Gs^Fds, Ww, Ww, Gg^Efm, Ds, Ww, Gg^Efm, Ww, Ww^Bw/, Gg^Efm, Hh^Fds, Gg, Gg^Gvs, Rr, Rr, Gg^Gvs, Gg^Gvs, Ww^Bw/, Ww, Ww, Ww, Ww, Hh^Fms, Gg^Efm, Re^Gvs, Gg^Efm, Hh, Gg^Fds, Ww, Ww
_off^_usr, _off^_usr, _off^_usr, _off^_usr, _off^_usr, _off^_usr, _off^_usr, _off^_usr, _off^_usr, _off^_usr, _off^_usr, _off^_usr, _off^_usr, _off^_usr, _off^_usr, _off^_usr, _off^_usr, _off^_usr, Ww, Ww, Ds, Hh, Mm, Mm, Mm, Mm, Mm, Mm, Mm, Mm, Gs^Fds, Ds, Ww, Gg^Efm, Gg^Efm, Gg^Efm, Ds, Gg, Ww, Gg^Fds, Mm, Ww, Ww, Gg^Gvs, Gg^Gvs, Rr, Rr, Gg^Efm, Mm, Ww, Ww, Ww, Ww, Gg^Efm, Gg^Efm, Re^Gvs, Gg^Vh, Gg^Gvs, Ww, Ww
_off^_usr, _off^_usr, _off^_usr, _off^_usr, _off^_usr, _off^_usr, _off^_usr, _off^_usr, _off^_usr, _off^_usr, _off^_usr, _off^_usr, _off^_usr, _off^_usr, _off^_usr, _off^_usr, _off^_usr, _off^_usr, Ww, Ww, Ww, Gs^Fds, Hh^Fds, Mm, Ds^Fds, Dd^Do, Ds^Fds, Mm, Hh, Hh^Fds, Ds, Ds, Ww, Ww, Ww, Ww, Ww, Ww, Ww, Ww, Ww, Ww, Ww, Ww, Ds, Gg^Efm, Rr, Gg, Wwf, Hh^Fds, Ww, Ww, Ww, Ww, Gg^Efm, Re^Gvs, Re^Gvs, Gg^Gvs, Ww, Ww
_off^_usr, _off^_usr, _off^_usr, _off^_usr, _off^_usr, _off^_usr, _off^_usr, _off^_usr, _off^_usr, _off^_usr, _off^_usr, _off^_usr, _off^_usr, _off^_usr, _off^_usr, _off^_usr, _off^_usr, _off^_usr, Ww, Ww, Ww, Ds^Fds, Ds, Ds, Ww, Ww, Ww, Ds, Ww, Ww, Ww, Ww, Ww, Ww, Wo, Wo, Wo, Wo, Wo, Ww, Ww, Ww, Ww, Ww, Gg^Fds, Gg^Efm, Rr, Gg^Efm, Gg^Efm, Ww, Ww, Wwr, Ww, Ww, Gg^Fds, Gg, Gg, Gg^Efm, Ww, Ww
_off^_usr, _off^_usr, _off^_usr, _off^_usr, _off^_usr, _off^_usr, _off^_usr, _off^_usr, _off^_usr, _off^_usr, _off^_usr, _off^_usr, _off^_usr, _off^_usr, _off^_usr, _off^_usr, _off^_usr, _off^_usr, Wwr, Ww, Ww, Ww, Ww, Ww, Ww, Ww, Ww, Ww, Ww, Ww, Ww, Ww, Ww, Wwr, Wo, Wo, Wo, Wo, Wo, Wo, Wo, Wo, Ww, Ww, Ww, Gg, Rr, Gg^Vh, Wwf, Gg^Fds, Ww, Ww, Ww, Ww, Ww, Gg^Efm, Ww^Bw|, Ww, Ww, Ww
_off^_usr, _off^_usr, _off^_usr, _off^_usr, _off^_usr, _off^_usr, _off^_usr, _off^_usr, _off^_usr, _off^_usr, _off^_usr, _off^_usr, _off^_usr, _off^_usr, _off^_usr, _off^_usr, _off^_usr, _off^_usr, Wo, Ww, Ww, Ww, Wwr, Ww, Ww, Ww, Wo, Ww, Wo, Ww, Wo, Ww, Wo, Wo, Wo, Wo, Wo^Xo, Wo, Wo^Xo, Wo, Wo, Wo, Wo, Ww, Ww, Gg^Efm, Hh, Rr, Gg^Fds, Gg, Gg^Bw\, Ww, Ww, Wwr, Ww, Ww, Re, Ww, Ww, Ww
_off^_usr, _off^_usr, _off^_usr, _off^_usr, _off^_usr, _off^_usr, _off^_usr, _off^_usr, _off^_usr, _off^_usr, _off^_usr, _off^_usr, _off^_usr, _off^_usr, _off^_usr, _off^_usr, _off^_usr, _off^_usr, Wo, Wwr, Wo, Wwr, Wo, Wo, Wo, Wo, Wo^Xo, Wo, Wo^Xo, Wo, Wo^Xo, Wo, Wo^Xo, Wo, Wo^Xo, Wo^Xo, Wo^Xo, Wo^Xo, Wo^Xo, Wo^Xo, Wo^Xo, Wo, Wo, Ww, Ww, Gg^Fds, Gg^Fds, Rr, Gg^Gvs, Wwf, Ww, Ww^Bw|, Ww, Ww, Ww, Gg^Efm, Re, Hh^Fds, Ww, Ww
_off^_usr, _off^_usr, _off^_usr, _off^_usr, _off^_usr, _off^_usr, _off^_usr, _off^_usr, _off^_usr, _off^_usr, _off^_usr, _off^_usr, _off^_usr, _off^_usr, _off^_usr, _off^_usr, _off^_usr, _off^_usr, Wo, Wo, Wo, Wo, Wo, Wo, Wo^Xo, Wo^Xo, Wo^Xo, Wo^Xo, Wo^Xo, Wo^Xo, Wo^Xo, Wo^Xo, Wo^Xo, Wo^Xo, Wo^Xo, Wo^Xo, Wo^Xo, Wo^Xo, Wo^Xo, Wo^Xo, Wo^Xo, Wo^Xo, Wo, Wo, Ww, Ww, Gg^Efm, Rr, Gg^Fds, Wwf, Ww, Gg^Efm, Ww, Ww, Gg^Fds, Gg^Vh, Re, Gg^Efm, Ww, Ww
_off^_usr, _off^_usr, _off^_usr, _off^_usr, _off^_usr, _off^_usr, _off^_usr, _off^_usr, _off^_usr, _off^_usr, _off^_usr, _off^_usr, _off^_usr, _off^_usr, _off^_usr, _off^_usr, _off^_usr, _off^_usr, Wo^Xo, Wo, Wo^Xo, Wo, Wo^Xo, Wo^Xo, Wo^Xo, Wo^Xo, Wo, Wo^Xo, Wo, Wo^Xo, Wo, Wo^Xo, Wo, Wo^Xo, Wo, Wo, Wo, Wo, Wo, Wo^Xo, Wo^Xo, Wo^Xo, Wo, Wo, Wo, Ww, Gg^Fds, Rr, Rr, Gg, Wwf, Gg^Gvs, Ww^Bw\, Ww, Gg^Efm, Re, Hh^Fds, Mm, Ww, Ww
_off^_usr, _off^_usr, _off^_usr, _off^_usr, _off^_usr, _off^_usr, _off^_usr, _off^_usr, _off^_usr, _off^_usr, _off^_usr, _off^_usr, _off^_usr, _off^_usr, _off^_usr, _off^_usr, _off^_usr, _off^_usr, Wo^Xo, Wo^Xo, Wo^Xo, Wo^Xo, Wo^Xo, Wo^Xo, Wo, Wo, Ww, Wo, Ww, Wo, Ww, Ww, Ww, Wo, Ww, Ww, Ww, Wo, Wwr, Wo, Wo, Wo, Wo, Wo, Ww, Ww, Gg^Efm, Gg^Efm, Rr, Gg^Fds, Mm, Ww, Ww, Gg, Re, Re, Gg^Fds, Ds, Ww, Ww
_off^_usr, _off^_usr, _off^_usr, _off^_usr, _off^_usr, _off^_usr, _off^_usr, _off^_usr, _off^_usr, _off^_usr, _off^_usr, _off^_usr, _off^_usr, _off^_usr, _off^_usr, _off^_usr, _off^_usr, _off^_usr, Wo, Wo^Xo, Wo, Wo^Xo, Wo, Wo, Wo, Wo, Ww, Ww, Ww, Ww, Ww, Ww, Ww, Ww, Ww, Ww, Ww, Ww, Ww, Ww, Wo, Wo, Wo, Wo, Ww, Gg^Fds, Gg^Efm, Rr, Gg^Efm, Gg^Efm, Gg^Efm, Ww, Ww, Gg^Fds, Re, Gg^Efm, Ww, Ww, Ww, Ww
_off^_usr, _off^_usr, _off^_usr, _off^_usr, _off^_usr, _off^_usr, _off^_usr, _off^_usr, _off^_usr, _off^_usr, _off^_usr, _off^_usr, _off^_usr, _off^_usr, _off^_usr, _off^_usr, _off^_usr, _off^_usr, Wo, Wo, Wo, Wo, Wo, Ww, Ww, Ww, Ww, Ww, Gg^Gvs, Gg^Gvs, Gg^Gvs, Gg^Gvs, Gg^Gvs, Ww, Gg^Gvs, Gg^Gvs, Gg^Gvs, Ww, Ww, Ww, Ww, Wo, Wo, Ww, Gg^Fds, Gg^Gvs, Rr, Rr, Gg^Vh, Ww, Gg^Efm, Ww, Ww, Ww, Ww^Bw|, Ww, Ww, Ww, Ww, Ww
_off^_usr, _off^_usr, _off^_usr, _off^_usr, _off^_usr, _off^_usr, _off^_usr, _off^_usr, _off^_usr, _off^_usr, _off^_usr, _off^_usr, _off^_usr, _off^_usr, _off^_usr, _off^_usr, _off^_usr, _off^_usr, Wo, Wwr, Wo, Wo, Ww, Ww, Ww, Ww, Gg^Gvs, Gg^Gvs, Gg^Efm, Gg^Efm, Gg^Efm, Gg^Efm, Gg^Efm, Gg^Gvs, Gg^Efm, Gg^Efm, Gg^Efm, Gg^Gvs, Ww, Wo, Wo, Wo, Wo, Ww, Gg^Efm, Rr, Gg^Gvs, Gg^Fds, Hh^Fds, Ww, Gg^Efm, Ww^Bw\, Gg, Gg^Fds, Re, Gg^Efm, Hh, Ww, Ww, Ww
_off^_usr, _off^_usr, _off^_usr, _off^_usr, _off^_usr, _off^_usr, _off^_usr, _off^_usr, _off^_usr, _off^_usr, _off^_usr, _off^_usr, _off^_usr, _off^_usr, _off^_usr, _off^_usr, _off^_usr, _off^_usr, Wwr, Wo, Wo, Wo, Ww, Ww, Gg^Gvs, Gg^Gvs, Gg^Efm, Gg^Efm, Gg^Fds, Hh, Rr, Kh, Ch, Gg^Fds, Gg, Gg, Gg^Efm, Gg^Gvs, Wwf, Ww, Ww, Wo, Ww, Ww, Gg^Fds, Rr, Wwf, Gg^Fds, Ww, Gg^Efm, Ww, Ww, Gg^Efm, Gg^Vh, Re, Gg^Efm, Mm, Ww, Ww, Ww
_off^_usr, _off^_usr, _off^_usr, _off^_usr, _off^_usr, _off^_usr, _off^_usr, _off^_usr, _off^_usr, _off^_usr, _off^_usr, _off^_usr, _off^_usr, _off^_usr, _off^_usr, _off^_usr, _off^_usr, _off^_usr, Wo, Wo, Wo, Wo, Ww, Ww, Gg^Gvs, Gg^Efm, Gg^Efm, Gg^Fds, 3 Kh, Ch, Rr, Rr, Rr, Rr, Kh, Gg^Fds, Hh, Gg^Efm, Hh^Fds, Wwf, Ww, Ww, Ww, Ww, Rr, Rr, Gg^Vh, Ww, Hh^Fds, Wwf, Ww, Ww, Hh^Fds, Re, Gg^Fds, Gg^Fds, Ww, Ww, Wo, Ww
_off^_usr, _off^_usr, _off^_usr, _off^_usr, _off^_usr, _off^_usr, _off^_usr, _off^_usr, _off^_usr, _off^_usr, _off^_usr, _off^_usr, _off^_usr, _off^_usr, _off^_usr, _off^_usr, _off^_usr, _off^_usr, Wo, Wo, Wo, Wo, Wo, Ww, Ww, Gg^Gvs, Gg^Efm, Hh, Rr, Rp^Vhc, Wwf, Wwf, Wwf, Rp^Vhc, Ch, Gg^Fds, Hh, Mm, Hh, Wwf, Gg^Efm, Gg^Efm, Rr, Ww^Bw/, Ww, Gg^Fds, Gg^Gvs, Gg^Gvs, Gg^Efm, Gg^Efm, Ww, Ww, Ww, Re, Ww, Ww, Ww, Wo, Wo, Wo
_off^_usr, _off^_usr, _off^_usr, _off^_usr, _off^_usr, _off^_usr, _off^_usr, _off^_usr, _off^_usr, _off^_usr, _off^_usr, _off^_usr, _off^_usr, _off^_usr, _off^_usr, _off^_usr, _off^_usr, _off^_usr, Wwr, Wo, Wo, Wwr, Wo, Ww, Ww, Gg^Gvs, Gg^Efm, Gg, Ch, Rr, Wwf, Rr, Wwf, Rr, Rr, Hh^Fds, Gg, Hh^Fds, Rr, Gg^Efm, Rr, Rr, Gg^Efm, Ww, Gg^Efm, Gg^Efm, Gg^Gvs, Wwf, Ww, Ww, Wwr, Ww, Ww, Ww^Bw|, Ww, Ww, Ww, Wo, Wo, Wo
_off^_usr, _off^_usr, _off^_usr, _off^_usr, _off^_usr, _off^_usr, _off^_usr, _off^_usr, _off^_usr, _off^_usr, _off^_usr, _off^_usr, _off^_usr, _off^_usr, _off^_usr, _off^_usr, _off^_usr, _off^_usr, Wo, Wwr, Wo, Wo, Wo, Ww, Ww, Gg^Gvs, Gg^Efm, Gg^Fds, Kh, Rp^Vhc, Rr, Wwf, Rr, Rp^Vhc, Kh, Rr, Rr, Rr, Gg^Gvs, Rr, Gg^Efm, Gg^Vh, Gg, Wwf, Gg^Efm, Gg^Gvs, Wwf, Wwf, Ww, Ww, Ww, Ww, Gg, Gg^Efm, Ww, Ww, Wwr, Wo, Wo, Wo
_off^_usr, _off^_usr, _off^_usr, _off^_usr, _off^_usr, _off^_usr, _off^_usr, _off^_usr, _off^_usr, _off^_usr, _off^_usr, _off^_usr, _off^_usr, _off^_usr, _off^_usr, _off^_usr, _off^_usr, _off^_usr, Wo, Wo, Wo, Wo, Wo, Ww, Gg^Gvs, Gg^Gvs, Gg^Efm, Gg^Fds, 1 Gg, Rr, Ch, Rr, Rr, Ch, Gg^Fds, Hh, Gg^Gvs, Rp^Vhc, Gg^Gvs, Gg^Efm, Hh, Hh, Hh^Fds, Gg, Gg, Gg, Ww^Bw\, Ww, Gg^Efm, Gg, Gg^Efm, Gg^Efm, Chw, Wwf, Ww, Ww, Wwr, Wo, Wo, Wo
_off^_usr, _off^_usr, _off^_usr, _off^_usr, _off^_usr, _off^_usr, _off^_usr, _off^_usr, _off^_usr, _off^_usr, _off^_usr, _off^_usr, _off^_usr, _off^_usr, _off^_usr, _off^_usr, _off^_usr, _off^_usr, Wo, Wo, Wo, Wo, Ww, Ww, Gg^Gvs, Gg^Efm, Gg^Gvs, Gg^Gvs, Gg^Gvs, Gg^Fds, Gg^Fds, Kh, Gg, Gg, Gg^Efm, Gg, Gg, Gg^Gvs, Wwf, Gg^Gvs, Gg^Gvs, Mm, Mm, Gg^Fds, Gg^Efm, Gg^Efm, Ww, Ww^Bw/, Gg^Efm, Gg^Vh, Hh^Fds, Chw, Khw, Ww, Ww, Wwr, Wo, Wo, Wo, Wo
_off^_usr, _off^_usr, _off^_usr, _off^_usr, _off^_usr, _off^_usr, _off^_usr, _off^_usr, _off^_usr, _off^_usr, _off^_usr, _off^_usr, _off^_usr, _off^_usr, _off^_usr, _off^_usr, _off^_usr, _off^_usr, Wo, Wo, Wo, Wo, Wo, Ww, Ww, Gg^Gvs, Ww, Wo, Ww^Bw/, Gg^Gvs, 2 Gg^Efm, Hh, Wwf, Gg^Gvs, Gg^Efm, Gg^Fds, Ww, Wwf, Gg^Efm, Gg, Wwf, Gg^Gvs, Gg^Gvs, Gg^Gvs, Gg^Efm, Ww, Ww, Ww, Ww, Gg^Fds, Ww, Wwf, Ww, Ww, Ww, Wwr, Wo, Wo, Wo, Wo
_off^_usr, _off^_usr, _off^_usr, _off^_usr, _off^_usr, _off^_usr, _off^_usr, _off^_usr, _off^_usr, _off^_usr, _off^_usr, _off^_usr, _off^_usr, _off^_usr, _off^_usr, _off^_usr, _off^_usr, _off^_usr, Wo, Wo, Wwr, Wo, Wo, Ww, Ww, Ww, Ww, Ww^Bw/, Ww, Gg^Gvs, Gg^Gvs, Gg^Gvs, Wwf, Gg^Gvs, Gg^Gvs, Gg^Gvs, Ww, Ww, Ww, Wwf, Gg^Efm, Gg, Ww, Ww, Ww, Ww, Ww, Ww, Wo, Ww, Ww, Ww, Ww, Ww, Ww, Ww, Wo, Wo, Wo, Wo
_off^_usr, _off^_usr, _off^_usr, _off^_usr, _off^_usr, _off^_usr, _off^_usr, _off^_usr, _off^_usr, _off^_usr, _off^_usr, _off^_usr, _off^_usr, _off^_usr, _off^_usr, _off^_usr, _off^_usr, _off^_usr, Wo, Wo, Wo, Wo, Wo, Wo, Wo, Wwr, Wo, Ww, Ww, Ww, Ww, Ww, Ww, Gg^Gvs, Ww, Ww, Ww, Wo, Ww, Ww, Ww, Ww, Ww, Ww, Wo, Wo, Ww, Wo, Wo, Wo, Ww, Wo, Ww, Ww, Wo, Wo, Wo, Wo, Wo, Wo
_off^_usr, _off^_usr, _off^_usr, _off^_usr, _off^_usr, _off^_usr, _off^_usr, _off^_usr, _off^_usr, _off^_usr, _off^_usr, _off^_usr, _off^_usr, _off^_usr, _off^_usr, _off^_usr, _off^_usr, _off^_usr, Wwr, Wo, Wwr, Wo, Wo, Wo, Wo, Wo, Wo, Wo, Wo, Ww, Wo, Ww, Ww, Ww, Ww, Ww, Wo, Wo, Wo, Ww, Ww, Ww, Wo, Ww, Ww, Ww, Wo, Wo, Wo, Wo, Wo, Wo, Ww, Wo, Wo, Wo, Wo, Wo, Wo, Wo
_off^_usr, _off^_usr, _off^_usr, _off^_usr, _off^_usr, _off^_usr, _off^_usr, _off^_usr, _off^_usr, _off^_usr, _off^_usr, _off^_usr, _off^_usr, _off^_usr, _off^_usr, _off^_usr, _off^_usr, _off^_usr, Ww, Wo, Wo, Wo, Wo, Wo, Wo, Wo, Wo, Wo, Wo, Wo, Ww, Wo, Wo, Wo, Wo, Wo, Ww, Ww, Wo, Wo, Wo, Wo, Ww, Ww, Wo, Wo, Ww, Ww, Wo, Wo, Ww, Ww, Ww, Wo, Wo, Wo, Wo, Wo, Wo, Wo
