_off^_usr, _off^_usr, _off^_usr, _off^_usr, _off^_usr, _off^_usr, _off^_usr, _off^_usr, _off^_usr, _off^_usr, _off^_usr, _off^_usr, _off^_usr, _off^_usr, _off^_usr, _off^_usr, _off^_usr, _off^_usr, Wot, Wot, Wot, Wot, Wot, Wot, Wot, Wwt, Wot, Wot, Wot, Wot, Wwt, Wwt, Wot, Wot, Wot, Wot, Wot, Wot, Wot, Wot, Wot, Wwt, Wwt, Wwt, Wwt, Wwt, Wot, Wot, Wot, Wot, Wot, Ww, Wot, Wwt, Wwt, Wwt, Wot, Wot, Wot, Ww
_off^_usr, _off^_usr, _off^_usr, _off^_usr, _off^_usr, _off^_usr, _off^_usr, _off^_usr, _off^_usr, _off^_usr, _off^_usr, _off^_usr, _off^_usr, _off^_usr, _off^_usr, _off^_usr, _off^_usr, _off^_usr, Wot, Wot, Wot, Wot, Wot, Wot, Wwt, Wwt, Wwt, Wwt, Wot, Wwt, Wot, Wot, Wot, Wwt, Wwt, Wot, Wwt, Wot, Wwt, Wot, Wwt, Wwt, Wwt, Wwt, Wot, Wot, Wot, Wot, Wot, Wot, Wwt, Wot, Wot, Wot, Wwt, Wwt, Wwt, Wwt, Wot, Wot
_off^_usr, _off^_usr, _off^_usr, _off^_usr, _off^_usr, _off^_usr, _off^_usr, _off^_usr, _off^_usr, _off^_usr, _off^_usr, _off^_usr, _off^_usr, _off^_usr, _off^_usr, _off^_usr, _off^_usr, _off^_usr, Wot, Wot, Wot, Wot, Wot, Wwt, Wwt, Wot, Wot, Wot, Wwt, Wwt, Wwt, Wot, Wwt, Wwt, Wot, Wwt, Wot, Wwt, Wot, Wwt, Wot, Wwt, Wot, Wwt, Wwt, Wot, Wwt, Wwt, Wwt, Wwt, Wwt, Wwt, Wwt, Wot, Wwt, Wwt, Wot, Wot, Wwt, Wwt
_off^_usr, _off^_usr, _off^_usr, _off^_usr, _off^_usr, _off^_usr, _off^_usr, _off^_usr, _off^_usr, _off^_usr, _off^_usr, _off^_usr, _off^_usr, _off^_usr, _off^_usr, _off^_usr, _off^_usr, _off^_usr, Wot, Wot, Wwt, Wwt, Wwt, Wwt, Wot, Wot, Wwt, Wot, Wwt, Wot, Wot, Wwt, Wwt, Wot, Wot, Wwt, Wwt, Wot, Wwt, Wot, Wwt, Wot, Wwt, Wot, Wwt, Wot, Wot, Wwt, Wot, Wwt, Wwt, Wwt, Wwt, Wot, Wot, Wot, Wwt, Wot, Wot, Wwt
_off^_usr, _off^_usr, _off^_usr, _off^_usr, _off^_usr, _off^_usr, _off^_usr, _off^_usr, _off^_usr, _off^_usr, _off^_usr, _off^_usr, _off^_usr, _off^_usr, _off^_usr, _off^_usr, _off^_usr, _off^_usr, Wot, Wot, Wot, Wwt, Wot, Wot, Wwt, Wwt, Wot, Wot, Wot, Wwt, Wwt, Wwt, Wwt, Wwt, Wwt, Wot, Wwt, Wwt, Wwt, Wwt, Wwt, Wwt, Wwt, Wwt, Wwt, Wot, Wwt, Wot, Wwt, Wwt, Wot, Wot, Wot, Wot, Wot, Wot, Wwt, Wot, Wot, Wwt
_off^_usr, _off^_usr, _off^_usr, _off^_usr, _off^_usr, _off^_usr, _off^_usr, _off^_usr, _off^_usr, _off^_usr, _off^_usr, _off^_usr, _off^_usr, _off^_usr, _off^_usr, _off^_usr, _off^_usr, _off^_usr, Wot, Wot, Wot, Wot, Wot, Wot, Wwt, Wot, Wot, Wwt, Wwt, Wot, Wot, Wwt, Wwt, Wot, Wwt, Wwt, Wot, Wot, Wot, Wwt, Wwt, Wwt, Md, Wwt, Md, Wwt, Wwt, Wwt, Wwt, Wwt, Wwt, Wwt, Wwt, Wot, Wot, Wwt, Wot, Wwt, Wwt, Wwt
_off^_usr, _off^_usr, _off^_usr, _off^_usr, _off^_usr, _off^_usr, _off^_usr, _off^_usr, _off^_usr, _off^_usr, _off^_usr, _off^_usr, _off^_usr, _off^_usr, _off^_usr, _off^_usr, _off^_usr, _off^_usr, Wwt, Wwt, Wwt, Wwt, Wot, Wwt, Wwt, Wot, Wwt, Wwt, Wot, Wot, Wwt, Wot, Wwt, Wwt, Wwt, Wot, Wwt, Wwt, Md, Wwt, Md, Md, Md, Md, Md, Md, Md, Wwt, Md, Wwt, Wwt, Wot, Wot, Wot, Wot, Wot, Wot, Wwt, Wwt, Wwt
_off^_usr, _off^_usr, _off^_usr, _off^_usr, _off^_usr, _off^_usr, _off^_usr, _off^_usr, _off^_usr, _off^_usr, _off^_usr, _off^_usr, _off^_usr, _off^_usr, _off^_usr, _off^_usr, _off^_usr, _off^_usr, Wot, Wot, Wot, Wot, Wwt, Wwt, Wwt, Wwt, Wot, Wot, Wwt, Wwt, Wwt, Wwt, Md, Wwt, Md, Wwt, Md, Md, Mm^Fdf, Md, Md, Mm^Fdf, Md, Ql, Ql, Md, Md, Md, Md, Wwt, Wwt, Wot, Wot, Wwt, Wwt, Wwt, Wot, Wwt, Wwt, Wwt
_off^_usr, _off^_usr, _off^_usr, _off^_usr, _off^_usr, _off^_usr, _off^_usr, _off^_usr, _off^_usr, _off^_usr, _off^_usr, _off^_usr, _off^_usr, _off^_usr, _off^_usr, _off^_usr, _off^_usr, _off^_usr, Wwt, Wwt, Wwt, Wwt, Wot, Wwt, Wwt, Wot, Wwt, Wwt, Wwt, Wwt, Md, Md, Md, Md, Md, Md, Md, Mv, Md, Md, Md, Md, Md, Md, Md, Ql, Md, Md, Mv, Md, Wwt, Wwt, Wwt, Wwt, Wot, Wwt, Wwt, Wot, Wwt, Wwt
_off^_usr, _off^_usr, _off^_usr, _off^_usr, _off^_usr, _off^_usr, _off^_usr, _off^_usr, _off^_usr, _off^_usr, _off^_usr, _off^_usr, _off^_usr, _off^_usr, _off^_usr, _off^_usr, _off^_usr, _off^_usr, Wot, Wwt, Wwt, Wwt, Wwt, Wot, Wwt, Wwt, Wwt, Wwt, Wwt, Wwt, Md, Md, Qlf, Md, Md, Md, Md, Md, Mm^Zbl, Hhd^Fdf, Zfop^Vd, Hhd^Fdf, Mm^Zbl, Mm^Fdf, Hhd^Fdf, Md, Mm^Fdf, Md, Md, Md, Md, Wwt, Wwt, Wwt, Wot, Wwt, Wwt, Wot, Wwt, Wwt
_off^_usr, _off^_usr, _off^_usr, _off^_usr, _off^_usr, _off^_usr, _off^_usr, _off^_usr, _off^_usr, _off^_usr, _off^_usr, _off^_usr, _off^_usr, _off^_usr, _off^_usr, _off^_usr, _off^_usr, _off^_usr, Wot, Wot, Wwt, Wot, Wot, Wwt, Wot, Wwt, Wwt, Wwt, Md, Md, Ql, Qlf, Md, Md, Md, Mm^Fdf, Zfop^Fdf, Zfop^Fdf, Zfop, Zfop, Zfop, Zfop, Zfop, Gd^Fdf, Zfs^Fdf, Gd^Fdf, Gd^Fdf, Md, Md, Ql, Ql, Md, Wwt, Wwt, Wot, Wwt, Wwt, Wot, Wot, Wwt
_off^_usr, _off^_usr, _off^_usr, _off^_usr, _off^_usr, _off^_usr, _off^_usr, _off^_usr, _off^_usr, _off^_usr, _off^_usr, _off^_usr, _off^_usr, _off^_usr, _off^_usr, _off^_usr, _off^_usr, _off^_usr, Wwt, Wot, Wot, Wwt, Wwt, Wwt, Wwt, Wot, Wwt, Wwt, Md, Md, Ql, Md, Md, Md, Gd^Fdf, Gd^Fdf, Zfop^Zbl, Zfop, Ql, Ql, Ql, Ql, Ql, Zfop, Zfop^Zbl, Zfs^Fdf, Gd^Fdf, Md, Md, Md, Md, Md, Md, Wot, Wot, Wwt, Wwt, Wwt, Wwt, Wwt
_off^_usr, _off^_usr, _off^_usr, _off^_usr, _off^_usr, _off^_usr, _off^_usr, _off^_usr, _off^_usr, _off^_usr, _off^_usr, _off^_usr, _off^_usr, _off^_usr, _off^_usr, _off^_usr, _off^_usr, _off^_usr, Wot, Wwt, Wwt, Wot, Wwt, Wwt, Wwt, Wwt, Wwt, Md, Md, Md, Md, Md, Mm^Fdf, Hhd^Fdf, Mm, Zfop, Qlf, Zfop, Ql, Ql, Zfop, Ql, Ql, Zfop, Qlf, Zfs^Fdf, Mm, Mm^Fdf, Md, Mm^Fdf, Md, Md, Md, Wot, Wot, Wot, Wot, Wwt, Wot, Wwt
_off^_usr, _off^_usr, _off^_usr, _off^_usr, _off^_usr, _off^_usr, _off^_usr, _off^_usr, _off^_usr, _off^_usr, _off^_usr, _off^_usr, _off^_usr, _off^_usr, _off^_usr, _off^_usr, _off^_usr, _off^_usr, Wot, Wot, Wot, Wwt, Wwt, Wwt, Wot, Wwt, Wwt, Md, Ql, Md, Md, Md, Md, Gd^Fdf, Zfs^Fdf, Zfop, Qlf, Zfop, Ql, Zfop, Zfop^Vd, Zfop, Ql, Zfop, Qlf, Zfs, Zfs, Qlf, Mm^Fdf, Md, Md, Ql, Ql, Md, Wwt, Wot, Wot, Wwt, Wot, Wwt
_off^_usr, _off^_usr, _off^_usr, _off^_usr, _off^_usr, _off^_usr, _off^_usr, _off^_usr, _off^_usr, _off^_usr, _off^_usr, _off^_usr, _off^_usr, _off^_usr, _off^_usr, _off^_usr, _off^_usr, _off^_usr, Wot, Wot, Wot, Wot, Wwt, Wwt, Wot, Wot, Wot, Md, Md, Ql, Ql, Md, Hhd^Fdf, Zfs, Zfs^Fdf, Zfop^Fdf, Qlf, Zfop, Ql, Zfop, Zfop, Zfop, Ql, Zfop, Qlf, Zfs, Zfs^Fdf, Zfs, Gd^Fdf, Md, Md, Ql, Ql, Md, Md, Wwt, Wwt, Wot, Wot, Wwt
_off^_usr, _off^_usr, _off^_usr, _off^_usr, _off^_usr, _off^_usr, _off^_usr, _off^_usr, _off^_usr, _off^_usr, _off^_usr, _off^_usr, _off^_usr, _off^_usr, _off^_usr, _off^_usr, _off^_usr, _off^_usr, Wot, Wot, Wwt, Wwt, Wot, Wot, Wwt, Wwt, Md, Md, Md, Md, Md, Md, Zfs^Fdf, Zfs, Zfs^Fdf, Zfs, Zfs^Vd, Zfop, Zfop, Ql, Ql, Ql, Zfop, Zfop, Zfs^Vd, Zfs, Zfs^Fdf, Zfs, Gd^Fdf, Hhd^Fdf, Md, Md, Md, Md, Md, Wwt, Wwt, Wwt, Wwt, Wwt
_off^_usr, _off^_usr, _off^_usr, _off^_usr, _off^_usr, _off^_usr, _off^_usr, _off^_usr, _off^_usr, _off^_usr, _off^_usr, _off^_usr, _off^_usr, _off^_usr, _off^_usr, _off^_usr, _off^_usr, _off^_usr, Wot, Wot, Wwt, Wot, Wwt, Wwt, Wwt, Wwt, Md, Mv, Md, Md, Mm^Fdf, Mm^Fdf, Gd^Fdf, Zfs, Zfs, Zfs, Zfs, Qlf, Qlf^Bs/, Zfop, Zfop, Zfop, Qlf^Bs\, Qlf, Zfs, Zfs, Zfs, Zfs, Ql, Md, Md, Md, Mv, Md, Md, Wwt, Wwt, Wwt, Wot, Wwt
_off^_usr, _off^_usr, _off^_usr, _off^_usr, _off^_usr, _off^_usr, _off^_usr, _off^_usr, _off^_usr, _off^_usr, _off^_usr, _off^_usr, _off^_usr, _off^_usr, _off^_usr, _off^_usr, _off^_usr, _off^_usr, Wwt, Wwt, Wot, Wot, Wwt, Wwt, Wwt, Wwt, Md, Md, Md, Md, Md, Mm^Fdf, Mm, Zfs, Zfs^Fdf, Qlf, Zfs^Zbl, Zfs, Zfs, Qlf, Zfs^Vd, Qlf, Zfs, Zfs, Zfs^Zbl, Zfs, Gd^Fdf, Zfs, Ql, Hhd^Fdf, Md, Md, Md, Md, Md, Md, Wwt, Wwt, Wot, Wwt
_off^_usr, _off^_usr, _off^_usr, _off^_usr, _off^_usr, _off^_usr, _off^_usr, _off^_usr, _off^_usr, _off^_usr, _off^_usr, _off^_usr, _off^_usr, _off^_usr, _off^_usr, _off^_usr, _off^_usr, _off^_usr, Wwt, Wot, Wwt, Wwt, Wwt, Wwt, Wwt, Md, Wot, Md, Md, Md, Md, Mm^Fdf, Zfs, Zfs, Zfs, Zfs^Fdf, Zfs, Zfs, Zfs, Zfs, Gd^Fdf, Zfs, Zfs, Zfs, Hhd^Fdf, Gd^Fdf, Zfs^Vd, Zfs, Zfs^Fdf, Hhd^Fdf, Md, Md, Md, Md, Md, Wwt, Wwt, Wot, Wot, Wwt
_off^_usr, _off^_usr, _off^_usr, _off^_usr, _off^_usr, _off^_usr, _off^_usr, _off^_usr, _off^_usr, _off^_usr, _off^_usr, _off^_usr, _off^_usr, _off^_usr, _off^_usr, _off^_usr, _off^_usr, _off^_usr, Wot, Wwt, Wot, Wwt, Wwt, Wwt, Wwt, Md, Wot, Md, Mm^Fdf, Md, Md, Hhd^Fdf, Zfs, Qlf, Qlf, Zfs, Zfs, Zfs^Fdf, Gd^Fdf, Gd^Fdf, Ce, Gd^Fdf, Gd^Fdf, Zfs, Zfs, Zfs, Zfs, Zfs, Gd^Fdf, Md, Md, Md, Ql, Md, Wwt, Wwt, Wwt, Wwt, Wot, Wwt
_off^_usr, _off^_usr, _off^_usr, _off^_usr, _off^_usr, _off^_usr, _off^_usr, _off^_usr, _off^_usr, _off^_usr, _off^_usr, _off^_usr, _off^_usr, _off^_usr, _off^_usr, _off^_usr, _off^_usr, _off^_usr, Wwt, Wwt, Wot, Wwt, Wwt, Wwt, Wot, Wot, Wot, Md, Md, Md, Md, Mm^Fdf, Zfs^Fdf, Zfs, Zfs, Zfs, Zfs, Zfs, Gd^Fdf, Zfop, Ke, Zfop, Gd^Fdf, Zfs, Qlf, Zfs, Mm^Zbl, Zfs^Fdf, Md, Md, Md, Ql, Ql, Md, Wwt, Wwt, Wot, Wot, Wot, Wwt
_off^_usr, _off^_usr, _off^_usr, _off^_usr, _off^_usr, _off^_usr, _off^_usr, _off^_usr, _off^_usr, _off^_usr, _off^_usr, _off^_usr, _off^_usr, _off^_usr, _off^_usr, _off^_usr, _off^_usr, _off^_usr, Wwt, Wot, Wwt, Wwt, Wot, Wot, Wwt, Wwt, Wot, Wwt, Md, Ql, Ql, Md, Hhd^Fdf, Zfs, Zfs, Zfs^Vd, Zfs, Zfs, Zfs, Gd^Fdf, Zfs, Gd^Fdf, Zfs, Zfs, Zfs, Zfs, Gd^Fdf, Mm^Fdf, Md, Md, Mv, Md, Md, Md, Wwt, Wwt, Wwt, Wwt, Wwt, Wot
_off^_usr, _off^_usr, _off^_usr, _off^_usr, _off^_usr, _off^_usr, _off^_usr, _off^_usr, _off^_usr, _off^_usr, _off^_usr, _off^_usr, _off^_usr, _off^_usr, _off^_usr, _off^_usr, _off^_usr, _off^_usr, Wwt, Wot, Wot, Wwt, Wwt, Wwt, Wot, Wot, Wwt, Wwt, Wwt, Md, Md, Md, Md, Gd^Fdf, Qlf, Zfs, Zfs, Zfs^Fdf, Zfs, Zfs, Zfs^Zbl, Zfs, Zfs^Fdf, Zfs^Fdf, Zfs^Vd, Zfs, Gd^Fdf, Hhd^Fdf, Mm^Fdf, Md, Md, Md, Md, Wwt, Wwt, Wwt, Wot, Wot, Wot, Wot
_off^_usr, _off^_usr, _off^_usr, _off^_usr, _off^_usr, _off^_usr, _off^_usr, _off^_usr, _off^_usr, _off^_usr, _off^_usr, _off^_usr, _off^_usr, _off^_usr, _off^_usr, _off^_usr, _off^_usr, _off^_usr, Wot, Wot, Wwt, Wot, Wot, Wwt, Wot, Wwt, Wwt, Wwt, Wwt, Md, Md, Ql, Ql, Md, Qlf, Zfs, Zfs, Zfs, Zfs, Zfs, Zfs, Zfs, Zfs, Zfs, Zfs, Zfs, Md, Md, Md, Md, Md, Md, Wwt, Wwt, Wwt, Wot, Wwt, Wwt, Wwt, Wot
_off^_usr, _off^_usr, _off^_usr, _off^_usr, _off^_usr, _off^_usr, _off^_usr, _off^_usr, _off^_usr, _off^_usr, _off^_usr, _off^_usr, _off^_usr, _off^_usr, _off^_usr, _off^_usr, _off^_usr, _off^_usr, Wot, Wwt, Wwt, Wwt, Wwt, Wot, Wwt, Wwt, Wot, Wot, Wwt, Wwt, Wwt, Md, Md, Md, Md, Rb, Rb, Zfs, 1 Rb, Zfs, 2 Rb, Zfs, Rb, Zfs, Rb, Md, Md, Md, Wwt, Md, Wwt, Wwt, Wot, Wwt, Wot, Wot, Wot, Wot, Wwt, Wot
_off^_usr, _off^_usr, _off^_usr, _off^_usr, _off^_usr, _off^_usr, _off^_usr, _off^_usr, _off^_usr, _off^_usr, _off^_usr, _off^_usr, _off^_usr, _off^_usr, _off^_usr, _off^_usr, _off^_usr, _off^_usr, Wot, Wwt, Wwt, Wwt, Wot, Wot, Wot, Wwt, Wot, Wot, Wot, Wwt, Wwt, Wwt, Wwt, Md, Wwt, Wwf, Wwf, Ww^Bw|, Wwf, Ww^Bw|, Wwf, Ww^Bw|, Wwf, Ww^Bw|, Wwf, Wwf, Wwf, Wwf, Wwt, Wwt, Wwt, Wwt, Wot, Wot, Wwt, Wot, Wwt, Wot, Wot, Wot
_off^_usr, _off^_usr, _off^_usr, _off^_usr, _off^_usr, _off^_usr, _off^_usr, _off^_usr, _off^_usr, _off^_usr, _off^_usr, _off^_usr, _off^_usr, _off^_usr, _off^_usr, _off^_usr, _off^_usr, _off^_usr, Wot, Wwt, Wot, Wot, Wwt, Wwt, Wot, Wot, Wot, Wot, Wwt, Wot, Wwt, Wwt, Wwt, Wwt, Wwt, Wwt, Wwt, Ww^Bw|, Wwt, Wot, Wwt, Ww^Bw|, Wwt, Wot, Wwt, Wwt, Wwt, Wwt, Wwt, Wwt, Wwt, Wwt, Wot, Wot, Wot, Wwt, Wot, Wwt, Wwt, Wot
_off^_usr, _off^_usr, _off^_usr, _off^_usr, _off^_usr, _off^_usr, _off^_usr, _off^_usr, _off^_usr, _off^_usr, _off^_usr, _off^_usr, _off^_usr, _off^_usr, _off^_usr, _off^_usr, _off^_usr, _off^_usr, Wot, Wot, Wwt, Wot, Wwt, Wwt, Wwt, Wwt, Wot, Wot, Wot, Wot, Wot, Wwt, Wot, Wwt, Wot, Wwt, Wwt, Wwt, Wwt, Wwt, Wwt, Wwt, Wwt, Wwt, Wwt, Wwt, Wot, Wwt, Wot, Wwt, Wwt, Wwt, Wot, Wot, Wwt, Wwt, Wot, Wwt, Wot, Wot
_off^_usr, _off^_usr, _off^_usr, _off^_usr, _off^_usr, _off^_usr, _off^_usr, _off^_usr, _off^_usr, _off^_usr, _off^_usr, _off^_usr, _off^_usr, _off^_usr, _off^_usr, _off^_usr, _off^_usr, _off^_usr, Wot, Wwt, Wot, Wwt, Wot, Wot, Wwt, Wot, Wot, Wot, Wot, Wwt, Wwt, Wwt, Wwt, Wot, Wot, Wwt, Wwt, Wwt, Wwt, Wot, Wot, Wwt, Wot, Wwt, Wwt, Wot, Wwt, Wot, Wot, Wwt, Wwt, Wot, Wwt, Wwt, Wwt, Wot, Wot, Wot, Wwt, Wot
_off^_usr, _off^_usr, _off^_usr, _off^_usr, _off^_usr, _off^_usr, _off^_usr, _off^_usr, _off^_usr, _off^_usr, _off^_usr, _off^_usr, _off^_usr, _off^_usr, _off^_usr, _off^_usr, _off^_usr, _off^_usr, Wot, Wot, Wot, Wwt, Wot, Wwt, Wwt, Wot, Wot, Wwt, Wwt, Wwt, Wwt, Wot, Wot, Wwt, Wwt, Wot, Wot, Wwt, Wot, Wot, Wwt, Wwt, Wot, Wot, Wwt, Wot, Wwt, Wwt, Wwt, Wot, Wot, Wwt, Wwt, Wwt, Wot, Wot, Wot, Wwt, Wot, Wot
_off^_usr, _off^_usr, _off^_usr, _off^_usr, _off^_usr, _off^_usr, _off^_usr, _off^_usr, _off^_usr, _off^_usr, _off^_usr, _off^_usr, _off^_usr, _off^_usr, _off^_usr, _off^_usr, _off^_usr, _off^_usr, Wot, Wot, Wwt, Wwt, Wot, Wwt, Wot, Wwt, Wot, Wot, Wwt, Wot, Wwt, Wwt, Wot, Wot, Wot, Wot, Wwt, Wwt, Wot, Wot, Wot, Wwt, Wot, Wot, Wot, Wwt, Wot, Wot, Wot, Wot, Wot, Wot, Wwt, Wot, Wot, Wwt, Wot, Wwt, Wot, Wot
_off^_usr, _off^_usr, _off^_usr, _off^_usr, _off^_usr, _off^_usr, _off^_usr, _off^_usr, _off^_usr, _off^_usr, _off^_usr, _off^_usr, _off^_usr, _off^_usr, _off^_usr, _off^_usr, _off^_usr, _off^_usr, Wot, Wot, Wot, Wot, Wwt, Wwt, Wwt, Wot, Wot, Wot, Wot, Wwt, Wot, Wwt, Wwt, Wwt, Wwt, Wwt, Wot, Wot, Wot, Wwt, Wwt, Wwt, Wot, Wwt, Wot, Wot, Wot, Wwt, Wot, Wwt, Wot, Wwt, Wwt, Wot, Wot, Wwt, Wwt, Wot, Wot, Wot
_off^_usr, _off^_usr, _off^_usr, _off^_usr, _off^_usr, _off^_usr, _off^_usr, _off^_usr, _off^_usr, _off^_usr, _off^_usr, _off^_usr, _off^_usr, _off^_usr, _off^_usr, _off^_usr, _off^_usr, _off^_usr, Ww, Wot, Wot, Wwt, Wwt, Wwt, Wot, Wot, Wot, Wot, Wot, Wot, Wwt, Wot, Wot, Wot, Wot, Wot, Wwt, Wwt, Wot, Wot, Wot, Wot, Wwt, Wwt, Wot, Wot, Wwt, Wwt, Wot, Wot, Wwt, Wwt, Wwt, Wot, Wwt, Wwt, Wwt, Wwt, Wot, Wot
