_off^_usr, _off^_usr, _off^_usr, _off^_usr, _off^_usr, _off^_usr, _off^_usr, _off^_usr, _off^_usr, _off^_usr, _off^_usr, _off^_usr, _off^_usr, _off^_usr, _off^_usr, _off^_usr, _off^_usr, _off^_usr, Wo, Wo, Wo, Wo, Wo, Wo, Gs^Fds, Gs^Fds, Gs^Fds, Gs^Fds, Xos, Xos, Rr, Rr, Xos, Xos, Xos, Rrc, Rrc, Rrc, Rrc, Rrc, Xos, Xos, Xos, Rr, Rr, Xos, Xos, Gs^Fds, Gg, Wo, Wo, Ww, Wo, Ww, Ww, Ww, Ww, Ww, Ww, Ww
_off^_usr, _off^_usr, _off^_usr, _off^_usr, _off^_usr, _off^_usr, _off^_usr, _off^_usr, _off^_usr, _off^_usr, _off^_usr, _off^_usr, _off^_usr, _off^_usr, _off^_usr, _off^_usr, _off^_usr, _off^_usr, Wo, Wo, Wo, Wo, Wwr, Wo, Ds, Gs^Fds, Gg, Gs^Fds, Xos, Xos, Xos, Xos, Ch, Ch, Ch, Xos, Rrc, Rrc, Rrc, Xos, Ch, Ch, Ch, Xos, Xos, Xos, Xos, Gs^Fds, Gg, Ds, Ds, Wo, Ch, Wo, Ww, Wo, Wwr, Wo, Ww, Ww
_off^_usr, _off^_usr, _off^_usr, _off^_usr, _off^_usr, _off^_usr, _off^_usr, _off^_usr, _off^_usr, _off^_usr, _off^_usr, _off^_usr, _off^_usr, _off^_usr, _off^_usr, _off^_usr, _off^_usr, _off^_usr, Wo, Wo, Wo, Wwr, Ww, Ww, Gg, Gg, Gg, Xos, Gg, Xos, Xos, Xos, Ch, Ch, Rp^Vhc, Xos, Rrc, Rrc, Rrc, Xos, Rp^Vhc, Ch, Ch, Xos, Xos, Xos, Gg, Xos, Gg, Gg, Gg, Ch, Gg^Ve, Ch, Ch, Ww, Ww, Wo, Wo, Ww
_off^_usr, _off^_usr, _off^_usr, _off^_usr, _off^_usr, _off^_usr, _off^_usr, _off^_usr, _off^_usr, _off^_usr, _off^_usr, _off^_usr, _off^_usr, _off^_usr, _off^_usr, _off^_usr, _off^_usr, _off^_usr, Wo, Wwr, Ww, Ww, Ch, Ch, Ch, Ch, Ch, Gg, Gg, Xos, Rr^Vhc, Xos, Ch, Rp^Vhc, Rrc, Rrc, Rrc, Xos, Rrc, Rrc, Rrc, Rp^Vhc, Ch, Xos, Mm, Xos, Gg, Gg, Gg, Gg, Gg, Gg, Gg, Gg, Gg^Ve, Kh, Ds, Ww, Wo, Ww
_off^_usr, _off^_usr, _off^_usr, _off^_usr, _off^_usr, _off^_usr, _off^_usr, _off^_usr, _off^_usr, _off^_usr, _off^_usr, _off^_usr, _off^_usr, _off^_usr, _off^_usr, _off^_usr, _off^_usr, _off^_usr, Wo, Wwr, Ww, Ch, Gg^Ve, Gg^Ve, Gg, Gg^Ve, Gg, Gg, Mm, Mm^Xm, Mm^Xm, Rrc, Rrc, Rrc, Rrc, Rrc, Ch, Rp^Vhc, Ch, Rrc, Rrc, Mm, Mm^Xm, Mm^Xm, Mm^Xm, Hh^Fds, Gg^Ve, Gg, Ds, Hh^Fds, Hh^Vhh, Gs^Fds, Hh, Gg, Gg, Gg, Ch, Ds, Wo, Ww
_off^_usr, _off^_usr, _off^_usr, _off^_usr, _off^_usr, _off^_usr, _off^_usr, _off^_usr, _off^_usr, _off^_usr, _off^_usr, _off^_usr, _off^_usr, _off^_usr, _off^_usr, _off^_usr, _off^_usr, _off^_usr, Wwr, Ww, Ww, Ch, Gg, Gg, 5 Kh, Ch, Gg, Gg, Ww, Mm, Mm^Xm, Rrc, Rrc, Rp^Vhc, Rrc, Ch, Rp^Vhc, 4 Kh, Rp^Vhc, Ch, Rrc, Mm, Mm, Rr^Vhc, Mm^Xm, Mm^Xm, Wwf, Ww, Ww, Ds, Ds, Hh^Fds, Ds, Hh, Gg, 6 Kh, Ch, Ds, Ww, Ww
_off^_usr, _off^_usr, _off^_usr, _off^_usr, _off^_usr, _off^_usr, _off^_usr, _off^_usr, _off^_usr, _off^_usr, _off^_usr, _off^_usr, _off^_usr, _off^_usr, _off^_usr, _off^_usr, _off^_usr, _off^_usr, Ww, Ww, Ww, Gg, Gg, Ch, Ch, Ch, Gg, Gg, Ww, Hh^Fds, Mm, Mm^Xm, Mm^Xm, Rrc, Rrc, Ch, Ch, Rp^Vhc, Ch, Ch, Rrc, Rrc, Rrc, Rrc, Ch, Mm^Xm, Wwf, Ww, Wwr, Ww, Wo, Ww, Ww, Ds, Gg, Gg^Ve, Ch, Ds, Ww, Ww
_off^_usr, _off^_usr, _off^_usr, _off^_usr, _off^_usr, _off^_usr, _off^_usr, _off^_usr, _off^_usr, _off^_usr, _off^_usr, _off^_usr, _off^_usr, _off^_usr, _off^_usr, _off^_usr, _off^_usr, _off^_usr, Ww, Wo, Ww, Ww, Gg, Gg, Gg, Gg, Gg, Gg, Gg, Mm, Mm, Mm^Xm, Mm^Xm, Ch, Rrc, Rrc, Mm, Rrc, Rrc, Rrc, Rrc, Rrc, Ch, Ch, Wwf, Ww, Gg, Wwf, Ch, Wo, Ww, Wo, Wo, Ds, Gg, Ch, Ds, Ds, Ww, Ww
_off^_usr, _off^_usr, _off^_usr, _off^_usr, _off^_usr, _off^_usr, _off^_usr, _off^_usr, _off^_usr, _off^_usr, _off^_usr, _off^_usr, _off^_usr, _off^_usr, _off^_usr, _off^_usr, _off^_usr, _off^_usr, Ww, Wo, Ww, Hh^Fds, Gs^Fds, Gs, Gg^Efm, Gg, Mm, Gg, Gg, Gg, Gg, Mm, Gg, Ch, Ch, Rrc, Rrc, Mm, Rrc, Rp^Vhc, Rrc, Ch, Ww, Ww, Gg, Gg, Gll, Gll, Gg, Ww, Ww, Wwr, Wwr, Gg, Ds, Ds, Ww, Ww, Ww, Ww
_off^_usr, _off^_usr, _off^_usr, _off^_usr, _off^_usr, _off^_usr, _off^_usr, _off^_usr, _off^_usr, _off^_usr, _off^_usr, _off^_usr, _off^_usr, _off^_usr, _off^_usr, _off^_usr, _off^_usr, _off^_usr, Ww, Ww, Ww, Gs^Fds, Gs^Fds, Gs, Mm, Mm, Mm, Hh, Mm, Ch, Gll, Gg, Gg, Gg, Gg, Ch, Ch, Hh, Mm, Mm, Mm^Xm, Mm^Xm, Gg, Gg, Gll, Gll, Gg^Ve, Gg, Gg, Mm, Mm, Ww, Gg, Gg, Ds, Ds, Ds, Wo, Ww, Ww
_off^_usr, _off^_usr, _off^_usr, _off^_usr, _off^_usr, _off^_usr, _off^_usr, _off^_usr, _off^_usr, _off^_usr, _off^_usr, _off^_usr, _off^_usr, _off^_usr, _off^_usr, _off^_usr, _off^_usr, _off^_usr, Ww, Wwr, Wwr, Gs^Fds, Gg^Ve, Gg, Gg, Hh^Vhh, Wwf, Mm, Hh^Fds, Gg, Gg, Gll, Gll, Gg, Gg, Gg, Gs^Fds, Mm^Xm, Mm^Xm, Mm^Xm, Mm, Mm, Gg, Ch, Gg, Gg, Gs, Gg, Gg, Hh^Fds, Mm, Mm, Hh, Ww, Wo, Ww, Ds, Ww, Ww, Ww
_off^_usr, _off^_usr, _off^_usr, _off^_usr, _off^_usr, _off^_usr, _off^_usr, _off^_usr, _off^_usr, _off^_usr, _off^_usr, _off^_usr, _off^_usr, _off^_usr, _off^_usr, _off^_usr, _off^_usr, _off^_usr, Ww, Wwr, Wo, Gg, Wwf, Gg, Gg, Gg, Ww, Mm, Ww, Gg^Ve, Gg, Gg, Gg, Gll, Ch, Gg, Gg, Gs^Fds, Hh^Vhh, Mm, Gg, Gg, Gg, Gg, Gg, Gg, Gs^Fds, Gg, Ch, Gg, Gg, Mm, Mm, Hh, Wwr, Wo, Ww, Wo, Wo, Ww
_off^_usr, _off^_usr, _off^_usr, _off^_usr, _off^_usr, _off^_usr, _off^_usr, _off^_usr, _off^_usr, _off^_usr, _off^_usr, _off^_usr, _off^_usr, _off^_usr, _off^_usr, _off^_usr, _off^_usr, _off^_usr, Ww, Ww, Wo, Gg, Ww, Ww, Gg, Gg, Gg, Hh^Fds, Gg, Wwf, Gg, Gg, Gg, Gg, Gg, Gg, Gg, Gg, Gg, Gg, Gg, Gg, Gg, Gs^Fds, Re, Gg, Re, Re, Kh, Re, Gg, Hh^Fds, Mm, Hh, Wo, Ww, Ww, Wo, Ww, Ww
_off^_usr, _off^_usr, _off^_usr, _off^_usr, _off^_usr, _off^_usr, _off^_usr, _off^_usr, _off^_usr, _off^_usr, _off^_usr, _off^_usr, _off^_usr, _off^_usr, _off^_usr, _off^_usr, _off^_usr, _off^_usr, Ww, Wwr, Ww, Wwf, Gg, Gg, Gg, Gg, Gg^Efm, Gg, Gg, Gg, Ch, Ch, Ch, Gg, Gg, Gg, Mm, Gg, Gs^Fds, Gs^Fds, Gs^Fds, Hh^Fds, Ch, Re, Ch, Re, Gg, Ch, Gg^Ve, Ch, Gs, Gg, Mm, Hh^Fds, Ww, Wo, Ww, Wo, Ww, Ww
_off^_usr, _off^_usr, _off^_usr, _off^_usr, _off^_usr, _off^_usr, _off^_usr, _off^_usr, _off^_usr, _off^_usr, _off^_usr, _off^_usr, _off^_usr, _off^_usr, _off^_usr, _off^_usr, _off^_usr, _off^_usr, Wo, Ww, Ww, Wwr, Gg, Gs, Mm, Hh, Gs^Fds, Gg^Efm, Gg, Ww, Ww, Ww^Vm, Ww, Kh, Gg, Mm, Mm, Mm, Mm^Xm, Mm, Hh^Fds, Re, Re, Ch, Gg^Ve, Gg, Ww, Gg, Wwf, Gg, Gg, Gg, Gg, Hh, Ww, Wwr, Wo, Ww, Ww, Ww
_off^_usr, _off^_usr, _off^_usr, _off^_usr, _off^_usr, _off^_usr, _off^_usr, _off^_usr, _off^_usr, _off^_usr, _off^_usr, _off^_usr, _off^_usr, _off^_usr, _off^_usr, _off^_usr, _off^_usr, _off^_usr, Wo, Wo, Wo, Gg, Gg^Ve, Gs^Fds, Mm, Mm, Mm, Gs^Fds, Gg, Ww, Ww, Ww, Ww, Wwf, Gg, Mm, Mm^Xm, Mm^Xm, Mm, Mm, Gs^Fds, Gs^Fds, Gg, Gg, Ww, Wwf, Gg, Ww, Gg, Mm, Mm, Hh^Vhh, Hh^Fds, Gg, Gg, Ww, Ww, Wo, Ww, Ww
_off^_usr, _off^_usr, _off^_usr, _off^_usr, _off^_usr, _off^_usr, _off^_usr, _off^_usr, _off^_usr, _off^_usr, _off^_usr, _off^_usr, _off^_usr, _off^_usr, _off^_usr, _off^_usr, _off^_usr, _off^_usr, Wo, Wo, Wo, Gg, Re, Ch, Mm, Ww, Wwf, Gg, Wwf, Ww, Ww, Ww, Gg, Wwf, Gg, Mm, Mm, Mm, Gs^Fds, Hh^Fds, Gg, Gg, Mm, Wwf, Mm, Mm, Gg^Ve, Gg, Gs, Gs^Fds, Hh^Fds, Mm, Mm, Mm, Gs, Gg, Gg, Ww, Ww, Ww
_off^_usr, _off^_usr, _off^_usr, _off^_usr, _off^_usr, _off^_usr, _off^_usr, _off^_usr, _off^_usr, _off^_usr, _off^_usr, _off^_usr, _off^_usr, _off^_usr, _off^_usr, _off^_usr, _off^_usr, _off^_usr, Wo, Wo, Wo, Hh^Fds, Gg, Ch, Ch, Mm, Mm, Wwf, Gg, Ww, Gg, Gg, Gs, Gg, Gg, Hh, Hh^Vhh, Hh^Fds, Gs^Fds, Gg, Gg, Gg, Ww, Wwf, Gg, Ch, Ch, Ch, Re, Gg, Re, Gs^Fds, Gs^Fds, Gg, Gg, Gg, Mm, Ww, Ww, Ww
_off^_usr, _off^_usr, _off^_usr, _off^_usr, _off^_usr, _off^_usr, _off^_usr, _off^_usr, _off^_usr, _off^_usr, _off^_usr, _off^_usr, _off^_usr, _off^_usr, _off^_usr, _off^_usr, _off^_usr, _off^_usr, Wo, Wo, Ww, Wwf, Wwf, Gg, Gg, Re, Mm, Hh^Vhh, Gg, Gg, Ch, Gg^Ve, Ch, Gs^Fds, Wwf, Ww, Gs^Fds, Gs^Fds, Gg, Ww, Ww, Ww, Gg, Gg, Gg, Gg, Gg, Re, Gg, Re, Gg, Re, Ch, Gg^Ve, Gs, Gg, Hh^Fds, Hh, Ww, Ww
_off^_usr, _off^_usr, _off^_usr, _off^_usr, _off^_usr, _off^_usr, _off^_usr, _off^_usr, _off^_usr, _off^_usr, _off^_usr, _off^_usr, _off^_usr, _off^_usr, _off^_usr, _off^_usr, _off^_usr, _off^_usr, Ww, Ww, Ww, Gg, Wwf, Ww, Ww, Gg, Gg, Gg, Gg, Re, Gs^Fds, Ch, Gs^Fds, Hh^Fds, Wwf, Gg, Gs^Fds, Hh^Fds, Hh, Gg, Wwf, Gg, Wwr, Wwf, Wo, Hh, Mm, Gg, Mm, Gg, Mm, Ch, Gs, Ch, Gs, Hh^Fds, Gs^Fds, Gs^Fds, Ww, Ww
_off^_usr, _off^_usr, _off^_usr, _off^_usr, _off^_usr, _off^_usr, _off^_usr, _off^_usr, _off^_usr, _off^_usr, _off^_usr, _off^_usr, _off^_usr, _off^_usr, _off^_usr, _off^_usr, _off^_usr, _off^_usr, Ww, Ww, Ww, Gg, Wwf, Ww, Gg, Gg, Gs, Gs, Mm, Mm, Mm, Gg, Ww, Ww, Gg, Gg, Gs^Fds, Gs^Fds, Ww, Ww, Ww, Ww, Ww, Wo, Ww, Mm, Gg, Hh^Fds, Hh^Fds, Hh^Fds, Gg, Gg, Gg, Gg, Mm, Hh, Gs^Fds, Gs^Fds, Ww, Ww
_off^_usr, _off^_usr, _off^_usr, _off^_usr, _off^_usr, _off^_usr, _off^_usr, _off^_usr, _off^_usr, _off^_usr, _off^_usr, _off^_usr, _off^_usr, _off^_usr, _off^_usr, _off^_usr, _off^_usr, _off^_usr, Ww, Wo, Gg^Ve, Wwf, Gg, Wwf, Gg, Gg, Hh^Fds, Ww, Hh, Mm, Hh^Fds, Gg, Gg, Gg, Wwf, Ww, Gg, Gs^Fds, Wwf, Wo, Wo, Wo, Wwr, Wo, Wwf, Hh^Fds, Gs^Fds, Mm, Mm, Mm, Wwf, Gg^Ve, Gg, Gs^Fds, Gs^Fds, Mm, Gs^Fds, Mm, Ww, Ww
_off^_usr, _off^_usr, _off^_usr, _off^_usr, _off^_usr, _off^_usr, _off^_usr, _off^_usr, _off^_usr, _off^_usr, _off^_usr, _off^_usr, _off^_usr, _off^_usr, _off^_usr, _off^_usr, _off^_usr, _off^_usr, Ww, Ww, Gg, Gg, Gs^Fds, Gg, Gs^Fds, Gs^Fds, Gs^Fds, Mm, Mm, Mm^Xm, Mm, Gs, Gs^Fds, Gg^Ve, Ww, Gg, Wwf, Gg, Wwf, Wwf, Wo, Wo, Ww, Wo, Wwf, Hh^Fds, Gs^Fds, Gs^Fds, Gg, Gg, Gg, Ww, Gg, Gg, Gg, Hh^Vhh, Hh, Gs^Fds, Wo, Ww
_off^_usr, _off^_usr, _off^_usr, _off^_usr, _off^_usr, _off^_usr, _off^_usr, _off^_usr, _off^_usr, _off^_usr, _off^_usr, _off^_usr, _off^_usr, _off^_usr, _off^_usr, _off^_usr, _off^_usr, _off^_usr, Ww, Ce, Gg, Gs^Fds, Gs^Fds, Gs^Fds, Hh^Fds, Gs^Fds, Mm, Mm, Mm^Xm, Mm^Xm, Mm, Gs^Fds, Hh^Fds, Ww, Gg, Gg, Ww, Gg, Wwf, Wwf, Wwf, Wwf, Wwf, Wwf, Wwf, Gg, Mm, Gs^Fds, Hh^Vhh, Gs^Fds, Gg, Wwf, Gg, Hh^Fds, Mm, Mm, Mm, Gs^Fds, Wo, Wo
_off^_usr, _off^_usr, _off^_usr, _off^_usr, _off^_usr, _off^_usr, _off^_usr, _off^_usr, _off^_usr, _off^_usr, _off^_usr, _off^_usr, _off^_usr, _off^_usr, _off^_usr, _off^_usr, _off^_usr, _off^_usr, Ww, Ce, Dd^Vdt, Gg, Gs^Fds, Gs^Fds, Hh^Fds, Hh^Vhh, Hh, Mm, Mm^Xm, Mm, Hh^Vhh, Gs^Fds, Ww, Wwf, Gg, Wwf, Gg, Gg, Wwr, Wwr, Wo, Wwf, Wo, Ww, Ww, Ds, Ds, Mm, Mm, Mm, Gg, Ww, Wwf, Mm, Mm, Mm, Mm, Hh^Fds, Wo, Wo
_off^_usr, _off^_usr, _off^_usr, _off^_usr, _off^_usr, _off^_usr, _off^_usr, _off^_usr, _off^_usr, _off^_usr, _off^_usr, _off^_usr, _off^_usr, _off^_usr, _off^_usr, _off^_usr, _off^_usr, _off^_usr, Wo, Ce, Ce, Gg, Gg, Gs^Fds, Gs^Fds, Hh^Fds, Gs^Fds, Mm, Mm^Xm, Mm, Mm, Hh^Fds, Gs^Fds, Gg, Ww, Ww, Gg, Wo, Wwr, Wo, Wo, Wo, Wo, Ww, Ww, Ds, Ce, Hh, Gg, Gs^Fds, Hh, Gg^Ve, Gg, Hh, Mm, Mm, Mm, Mm, Wo, Wo
_off^_usr, _off^_usr, _off^_usr, _off^_usr, _off^_usr, _off^_usr, _off^_usr, _off^_usr, _off^_usr, _off^_usr, _off^_usr, _off^_usr, _off^_usr, _off^_usr, _off^_usr, _off^_usr, _off^_usr, _off^_usr, Wo, Ds, Dd^Vdt, 3 Ke, Ce, Ds, Ds, Gs^Fds, Gs^Fds, Mm^Xm, Gs^Fds, Mm, Gs^Fds, Gs^Fds, Gg, Gs^Fds, Dd^Vdt, Dd^Vdt, Hh^Fds, Wo, Wwr, Wo, Wo, Wwr, Wwr, Wo, Ww, Ds, Dd^Vdt, Ce, Ce, Dd^Vdt, Ce, Hh^Fds, Dd^Vdt, Gg, Wwf, Hh, Ds, Ds, Wo, Wo
_off^_usr, _off^_usr, _off^_usr, _off^_usr, _off^_usr, _off^_usr, _off^_usr, _off^_usr, _off^_usr, _off^_usr, _off^_usr, _off^_usr, _off^_usr, _off^_usr, _off^_usr, _off^_usr, _off^_usr, _off^_usr, Wo, Ww, Wo, Ds, Dd^Vdt, Ce, Ds, Ds, Hh, Mm^Xm, Hh, Hh^Fds, Ce, Dd^Vdt, Ce, Dd^Vdt, Ce, Ce, Dd^Vdt, Ds, Wwr, Wo, Wo, Wwr, Wo, Wo, Ww, Ww, Ww, Ds, Dd^Vdt, Ce, 1 Ke, Ce, Ce, Dd^Vdt, Wwf, Dd^Vdt, Wo, Wo, Wo, Wo
_off^_usr, _off^_usr, _off^_usr, _off^_usr, _off^_usr, _off^_usr, _off^_usr, _off^_usr, _off^_usr, _off^_usr, _off^_usr, _off^_usr, _off^_usr, _off^_usr, _off^_usr, _off^_usr, _off^_usr, _off^_usr, Wo, Ww, Wwr, Wo, Wo, Ce, Ds, Ds, Hh^Fds, Hh, Hh^Fds, Gs^Fds, Ce, Ce, Wwf, 2 Ke, Ds, Ce, Ds, Wwr, Wo, Wo, Wo, Wwr, Wo, Wo, Ww, Ww, Ww, Ww, Ww, Wwf, Wwf, Wwf, Dd^Vdt, Dd^Vdt, Ww, Ww, Wo, Wo, Wo, Wo
_off^_usr, _off^_usr, _off^_usr, _off^_usr, _off^_usr, _off^_usr, _off^_usr, _off^_usr, _off^_usr, _off^_usr, _off^_usr, _off^_usr, _off^_usr, _off^_usr, _off^_usr, _off^_usr, _off^_usr, _off^_usr, Wo, Ww, Ww, Ww, Wo, Ww, Wwr, Hh^Fds, Ds, Hh^Fds, Ds, Dd^Vdt, Dd^Vdt, Dd^Vdt, Wo, Wwf, Ww, Ds, Wo, Wo, Wo, Wo, Wo, Wo, Wwr, Wo, Ww, Ww, Ww, Ww, Ww, Ww, Ww, Wo, Ww, Wwr, Wwr, Wwr, Wo, Wo, Wo, Wo
_off^_usr, _off^_usr, _off^_usr, _off^_usr, _off^_usr, _off^_usr, _off^_usr, _off^_usr, _off^_usr, _off^_usr, _off^_usr, _off^_usr, _off^_usr, _off^_usr, _off^_usr, _off^_usr, _off^_usr, _off^_usr, Wo, Wo, Wo, Ww, Ww, Wo, Ww, Ww, Ww, Ds, Ds, Ww, Ww, Wo, Ww, Wwr, Ww, Wo, Wo, Wo, Wo, Wo, Wo, Wwr, Wo, Wo, Wo, Ww, Ww, Wo, Wo, Wo, Ww, Wo, Ww, Wwr, Wo, Wo, Wo, Wo, Wo, Wo
_off^_usr, _off^_usr, _off^_usr, _off^_usr, _off^_usr, _off^_usr, _off^_usr, _off^_usr, _off^_usr, _off^_usr, _off^_usr, _off^_usr, _off^_usr, _off^_usr, _off^_usr, _off^_usr, _off^_usr, _off^_usr, Wwr, Wo, Wwr, Wo, Wo, Ww, Ww, Ww, Wo, Ww, Wo, Ww, Wo, Ww, Ww, Ww, Wo, Wo, Wo, Wo, Wo, Wo, Wo, Wo, Wo, Wo, Ww, Ww, Wo, Wo, Wo, Wo, Wo, Wo, Ww, Wo, Wo, Wo, Wo, Wo, Wo, Wo
_off^_usr, _off^_usr, _off^_usr, _off^_usr, _off^_usr, _off^_usr, _off^_usr, _off^_usr, _off^_usr, _off^_usr, _off^_usr, _off^_usr, _off^_usr, _off^_usr, _off^_usr, _off^_usr, _off^_usr, _off^_usr, Ww, Wo, Wo, Wo, Wo, Wo, Wo, Wo, Wo, Wo, Wo, Wo, Ww, Wo, Wo, Wo, Wo, Wo, Ww, Ww, Wo, Wo, Wo, Wo, Ww, Wo, Wo, Wo, Ww, Ww, Wo, Wo, Ww, Ww, Ww, Wo, Wo, Wo, Wo, Wo, Wo, Wo
