_off^_usr, _off^_usr, _off^_usr, _off^_usr, _off^_usr, _off^_usr, _off^_usr, _off^_usr, _off^_usr, _off^_usr, _off^_usr, _off^_usr, _off^_usr, _off^_usr, _off^_usr, _off^_usr, _off^_usr, _off^_usr, Wo, Wo, Wo, Wo, Wo, Wo, Wo, Wo, Wo, Wo, Wo, Wo, Wo, Wo, Wo, Wo, Wo, Wo, Wo, Wo, Wo, Wo, Wo, Wo, Wo, Wo, Wo, Wo, Wo, Wo, Wo, Wo, Wo, Wo, Wo, Wo, Wo
_off^_usr, _off^_usr, _off^_usr, _off^_usr, _off^_usr, _off^_usr, _off^_usr, _off^_usr, _off^_usr, _off^_usr, _off^_usr, _off^_usr, _off^_usr, _off^_usr, _off^_usr, _off^_usr, _off^_usr, _off^_usr, Wo, Wo, Wo, Wo, Ww, Wo, Wo, Wo, Wo, Wo, Wo, Wo, Wo, Wo, Ww, Wo, Wo, Wo, Ww, Wo, Ww, Wo, Wo, Wo, Wo, Wo, Wo, Wo, Wo, Wo, Wo, Wo, Ww, Wo, Wo, Wo, Wo
_off^_usr, _off^_usr, _off^_usr, _off^_usr, _off^_usr, Ww^ZBw|, _off^_usr, _off^_usr, _off^_usr, _off^_usr, _off^_usr, _off^_usr, _off^_usr, _off^_usr, _off^_usr, _off^_usr, _off^_usr, _off^_usr, Wo, Wo, Wo, Ww, Wo, Wo, Ww, Ww, Wo, Wo, Wo, Wo, Ww, Wo, Ww, Ww, Ww, Wo, Wo, Ww, Ww, Ww, Wo, Wo, Ww, Wo, Ww, Wo, Ww, Ww, Ww, Wo, Wo, Wo, Ww, Wo, Wo
_off^_usr, _off^_usr, _off^_usr, _off^_usr, _off^_usr, _off^_usr, _off^_usr, _off^_usr, _off^_usr, _off^_usr, _off^_usr, _off^_usr, _off^_usr, _off^_usr, _off^_usr, _off^_usr, _off^_usr, _off^_usr, Wo, Wo, Ww, Ww, Ww, Ww, Ww, Wo, Ww, Ww, Wwf, Ww, Dd, Ww, Dd, Ww, Dd, Ww, Ww, Ww, Ww, Ww, Dd, Ww, Wwf, Ww, Wwf, Ww, Wwf, Ww, Dd, Ww, Ww, Wo, Ww, Wo, Wo
_off^_usr, _off^_usr, _off^_usr, _off^_usr, _off^_usr, _off^_usr, _off^_usr, _off^_usr, _off^_usr, _off^_usr, _off^_usr, _off^_usr, _off^_usr, _off^_usr, _off^_usr, _off^_usr, _off^_usr, _off^_usr, Wo, Wo, Wo, Wo, Wo, Wo, Ww, Ww, Dd, Dd, Ch, Ch, Ch, Dd, Ch, Dd, Ch, Dd, Ch, Wwf, Ch, Dd, Ch, Dd, Ch, Wwf, Ch, Dd, Ch, Ch, Ch, Dd, Wwf, Ww, Ww, Wo, Wo
_off^_usr, _off^_usr, _off^_usr, _off^_usr, _off^_usr, _off^_usr, _off^_usr, _off^_usr, _off^_usr, _off^_usr, _off^_usr, _off^_usr, _off^_usr, _off^_usr, _off^_usr, _off^_usr, _off^_usr, _off^_usr, Wo, Wo, Wo, Ww, Wo, Ww, Ww, Wwf, Ch, Ch, Rr, Rr, Rp^Vhc, Ch, Rr, Ch, Rr, Ch, Rr, Ch, Rr, Ch, Rr, Ch, Rr, Ch, Rr, Ch, Rp^Vhc, Rr, Rr, Ch, 4 Ch, Wwf, Ww, Wo, Wo
_off^_usr, _off^_usr, _off^_usr, _off^_usr, _off^_usr, _off^_usr, _off^_usr, _off^_usr, _off^_usr, _off^_usr, _off^_usr, _off^_usr, _off^_usr, _off^_usr, _off^_usr, _off^_usr, _off^_usr, _off^_usr, Wo, Wo, Wo, Ww, Ww, Ww, Wo, Dd, Ch, Rp^Vhc, Re, Re, Re, Re, Re, Rr, Re, Re, Re, Re, Kh, Rb, Rb, Rb, Rb, Rr, Rb, Rr, Re, Re, Re, Rp^Vhc, Ch, Dd, Ww, Wo, Wo
_off^_usr, _off^_usr, _off^_usr, _off^_usr, _off^_usr, _off^_usr, _off^_usr, _off^_usr, _off^_usr, _off^_usr, _off^_usr, _off^_usr, _off^_usr, _off^_usr, _off^_usr, _off^_usr, _off^_usr, _off^_usr, Wo, Ww, Ww, Wo, Ww, Ww, Wo, Dd, Ch, Rr, Rp^Vhr, Re, Ch, Kh, Re, Re, Ch, Ch, Ch, Ch, Rr, Ch, Ch, Ch, Ch, Rb, Rb, Kh, Ch, Re, Rp^Vhr, Rr, Ch, Dd, Ww, Ww, Wo
_off^_usr, _off^_usr, _off^_usr, _off^_usr, _off^_usr, _off^_usr, _off^_usr, _off^_usr, _off^_usr, _off^_usr, _off^_usr, _off^_usr, _off^_usr, _off^_usr, _off^_usr, _off^_usr, _off^_usr, _off^_usr, Wo, Wo, Ww, Wo, Wo, Ww, Ww, Wwf, Wwf, Ch, Ch, Re, Ch, Rp^Vhc, Re, Ch, Rr, Rr, Rr, Rr, Rr, Rr, Rr, Rr, Rr, Ch, Rb, Rp^Vhc, Ch, Re, Ch, Ch, Wwf, Wwf, Ww, Wo, Wo
_off^_usr, _off^_usr, _off^_usr, _off^_usr, _off^_usr, _off^_usr, _off^_usr, _off^_usr, _off^_usr, _off^_usr, _off^_usr, _off^_usr, _off^_usr, _off^_usr, _off^_usr, _off^_usr, _off^_usr, _off^_usr, Wo, Wo, Wo, Wo, Ww, Ww, Ww, Ww, Ww, Dd, Ch, Re, Re, Re, Rr, Ch, Rr, Rp^Vhc, Rr, Rr, Rr, Rr, Rr, Rp^Vhc, Rr, Ch, Rr, Rb, Re, Re, Ch, Dd, Ww, Ww, Wo, Ww, Wo
_off^_usr, _off^_usr, _off^_usr, _off^_usr, _off^_usr, _off^_usr, _off^_usr, _off^_usr, _off^_usr, _off^_usr, _off^_usr, _off^_usr, _off^_usr, _off^_usr, _off^_usr, _off^_usr, _off^_usr, _off^_usr, Wo, Wo, Wo, Wo, Wo, Wo, Wo, Ww, Ww, Dd, Ch, Re, Ch, Re, Rr, Re, Ch, Rr, Ch, Ch, Rr, Chr, Chr, Rr, Ch, Re, Rr, Rb, Ch, Re, Ch, Dd, Ww, Wo, Wo, Ww, Wo
_off^_usr, _off^_usr, _off^_usr, _off^_usr, _off^_usr, _off^_usr, _off^_usr, _off^_usr, _off^_usr, _off^_usr, _off^_usr, _off^_usr, _off^_usr, _off^_usr, _off^_usr, _off^_usr, _off^_usr, _off^_usr, Wo, Wo, Wo, Ww, Ww, Ww, Wo, Wo, Ww, Wwf, Ch, Re, Ch, Re, Rb, Rr, Rp^Vhc, Ch, Re, Kh, Rr, Kh, Rb, Chr, Rp^Vhc, Rr, Rb, Rb, Ch, Rb, Ch, Wwf, Ww, Ww, Ww, Ww, Wo
_off^_usr, _off^_usr, _off^_usr, _off^_usr, _off^_usr, _off^_usr, _off^_usr, _off^_usr, _off^_usr, _off^_usr, _off^_usr, _off^_usr, _off^_usr, _off^_usr, _off^_usr, _off^_usr, _off^_usr, _off^_usr, Wo, Wo, Wo, Wo, Ww, Ww, Ww, Ww, Wo, Dd, Ch, Re, Rr, Kh, Re, Rb, Rb, Re, Rb, Rb, Rb, Rb, Rb, Rb, Rb, Rb, Re, Kh, Rr, Rb, Ch, Wwf, Ww, Ww, Wo, Wo, Wo
_off^_usr, _off^_usr, _off^_usr, _off^_usr, _off^_usr, _off^_usr, _off^_usr, _off^_usr, _off^_usr, _off^_usr, _off^_usr, _off^_usr, _off^_usr, _off^_usr, _off^_usr, _off^_usr, _off^_usr, _off^_usr, Wo, Wo, Wo, Wo, Wo, Ww, Ww, Ww, Dd, Dd, Ch, Rb, Rb, Rr, Rb, Rb, Rb, Rb, Rb, Rb, Rb, Rb, Rb, Rb, Rb, Rb, Rb, Rr, Rb, Rb, Ch, Dd, Dd, Ww, Ww, Wo, Wo
_off^_usr, _off^_usr, _off^_usr, _off^_usr, _off^_usr, _off^_usr, _off^_usr, _off^_usr, _off^_usr, _off^_usr, _off^_usr, _off^_usr, _off^_usr, _off^_usr, _off^_usr, _off^_usr, _off^_usr, _off^_usr, Wo, Wo, Wo, Wo, Ww, Ww, Ww, Wwf, Ch, Ch, Rp^Vhc, Rb, Ch, Rb, Rb, Rb, Re, Rb, Re, Rb, Re, Rb, Re, Rb, Re, Rb, Rb, Rb, Ch, Rb, Rp^Vhr, Ch, Ch, Wwf, Ww, Wo, Wo
_off^_usr, _off^_usr, _off^_usr, _off^_usr, _off^_usr, _off^_usr, _off^_usr, _off^_usr, _off^_usr, _off^_usr, _off^_usr, _off^_usr, _off^_usr, _off^_usr, _off^_usr, _off^_usr, _off^_usr, _off^_usr, Wo, Wo, Wo, Wo, Ww, Ww, Ww, Wwf, Ch, Rr, Rb, Rb, Rb, Rb, Ch, Re, Re, Re, Rb, Re, Rb, Re, Rb, Re, Re, Re, Ch, Rb, Re, Re, Re, Rr, Ch, Wwf, Ww, Wo, Wo
_off^_usr, _off^_usr, _off^_usr, _off^_usr, _off^_usr, _off^_usr, _off^_usr, _off^_usr, _off^_usr, _off^_usr, _off^_usr, _off^_usr, _off^_usr, _off^_usr, _off^_usr, _off^_usr, _off^_usr, _off^_usr, Wo, Wo, Wo, Ww, Wo, Ww, Ww, Dd, Ch, Rp^Vhc, Rr, Rb, Rr, Rp^Vhr, Ch, Re, Wwf, Rb, Wwf, Rb, Wwf, Rb, Wwf, Rb, Rb, Re, Ch, Rp^Vhc, Rr, Re, Rr, Rp^Vhc, Ch, Dd, Wo, Ww, Wo
_off^_usr, _off^_usr, _off^_usr, _off^_usr, _off^_usr, _off^_usr, _off^_usr, _off^_usr, _off^_usr, _off^_usr, _off^_usr, _off^_usr, _off^_usr, _off^_usr, _off^_usr, _off^_usr, _off^_usr, _off^_usr, Wo, Wo, Wo, Ww, Wo, Ww, Ww, Dd, Dd, Ch, Ch, Rp^Vhc, Ch, Ch, Wwf, Wwf, 1 Ww^Bw/, Ww^Bw|, 2 Ww^Bw/, Ww^Bw|, Ww^Bw/, Wwf^Bw|, Wwf^Bw\, Wwf, Rb, Re, Rb, Ch, Ch, Rp^Vhc, Ch, Ch, Dd, Dd, Ww, Ww, Wo
_off^_usr, _off^_usr, _off^_usr, _off^_usr, _off^_usr, _off^_usr, _off^_usr, _off^_usr, _off^_usr, _off^_usr, _off^_usr, _off^_usr, _off^_usr, _off^_usr, _off^_usr, _off^_usr, _off^_usr, _off^_usr, Wo, Wo, Ww, Wo, Wo, Wo, Ww, Wo, Wo, Dd, Wwf, Ch, Rb, Rb, Ww, Wo, Wwf, Ww^Bw/, Ww^Bw/, Ww^Bw/, Ww^Bw/, Ww^Bw/, Ww^Bw/, Rb^Bw\, Rb^Bw\, Rb, Wwf, Rb, Rb, Ch, Dd, Wwf, Ww, Ww, Ww, Ww, Wo
_off^_usr, _off^_usr, _off^_usr, _off^_usr, _off^_usr, _off^_usr, _off^_usr, _off^_usr, _off^_usr, _off^_usr, _off^_usr, _off^_usr, _off^_usr, _off^_usr, _off^_usr, _off^_usr, _off^_usr, _off^_usr, Wo, Wo, Ww, Wo, Wo, Ww, Ww, Wo, Ww, Ww, Ww, Ww, Ww, Ww, Ww, Wo, Ww, Wo, Ww^Bw/, Ww^Bw/, Ww^Bw/, Ww^Bw/, Wo, Ww^Bw/, Ww^Bw/, Ww^Bw\, Ww^Bw\, Wwf, Wo, Dd, Ww, Ww, Wo, Wo, Ww, Wo, Wo
_off^_usr, _off^_usr, _off^_usr, _off^_usr, _off^_usr, _off^_usr, _off^_usr, _off^_usr, _off^_usr, _off^_usr, _off^_usr, _off^_usr, _off^_usr, _off^_usr, _off^_usr, _off^_usr, _off^_usr, _off^_usr, Wo, Wo, Wo, Ww, Ww, Ww, Ww, Ww, Wo, Ww, Ww, Ww, Wo, Wo, Ww, Ww, Wo, Ww, Ww, Wo, Wo, Ww, Wo, Ww^Bw/, Wo, Ww^Bw/, Wo^Bw/, Ww^Bw\, Ww^Bw\, Ww, Ww^Bw/, Ww, Ww, Ww, Wo, Wo, Wo
_off^_usr, _off^_usr, _off^_usr, _off^_usr, _off^_usr, _off^_usr, _off^_usr, _off^_usr, _off^_usr, _off^_usr, _off^_usr, _off^_usr, _off^_usr, _off^_usr, _off^_usr, _off^_usr, _off^_usr, _off^_usr, Wo, Wo, Wo, Wo, Ww, Ww, Wo, Ww, Wo, Wo, Ww, Ww, Ww, Ww, Wo, Ww, Wo, Wo, Ww, Wo, Ww, Ww, Ww, Ww, Wo, Ww^Bw/, Wo, Ww^Bw/, Ww^Bw/, Ww^Bw/, Ww, Ww, Wo, Ww, Wo, Wo, Wo
_off^_usr, _off^_usr, _off^_usr, _off^_usr, _off^_usr, _off^_usr, _off^_usr, _off^_usr, _off^_usr, _off^_usr, _off^_usr, _off^_usr, _off^_usr, _off^_usr, _off^_usr, _off^_usr, _off^_usr, _off^_usr, Wo, Wo, Wo, Ww, Wo, Wo, Ww, Wo, Ww, Ww, Wo, Wo, Ww, Wo, Ww, Wo, Wo, Ww, Ww, Ww, Ww, Ww, Ww, Ww, Ww, Ww, Wo, Ww^Bw/, Ww, Ww, Wo, Ww, Wo, Wo, Wo, Wo, Wo
_off^_usr, _off^_usr, _off^_usr, _off^_usr, _off^_usr, _off^_usr, _off^_usr, _off^_usr, _off^_usr, _off^_usr, _off^_usr, _off^_usr, _off^_usr, _off^_usr, _off^_usr, _off^_usr, _off^_usr, _off^_usr, Wo, Wo, Ww, Ww, Ww, Wo, Wo, Ww, Ww, Ww, Ww, Wo, Wo, Ww, Ww, Ww, Ww, Wo, Wo, Wo, Wo, Ww, Wo, Wo, Ww, Ww, Ww, Ww, Ww, Wo, Wo, Ww, Ww, Wo, Ww, Ww, Wo
_off^_usr, _off^_usr, _off^_usr, _off^_usr, _off^_usr, _off^_usr, _off^_usr, _off^_usr, _off^_usr, _off^_usr, _off^_usr, _off^_usr, _off^_usr, _off^_usr, _off^_usr, _off^_usr, _off^_usr, _off^_usr, Wo, Wo, Wo, Wo, Wo, Wo, Wo, Ww, Wo, Wo, Wo, Wo, Wo, Wo, Wo, Wo, Wo, Ww, Wo, Wo, Wo, Wo, Wo, Wo, Wo, Wo, Wo, Wo, Wo, Wo, Wo, Wo, Wo, Wo, Wo, Wo, Wo
_off^_usr, _off^_usr, _off^_usr, _off^_usr, _off^_usr, _off^_usr, _off^_usr, _off^_usr, _off^_usr, _off^_usr, _off^_usr, _off^_usr, _off^_usr, _off^_usr, _off^_usr, _off^_usr, _off^_usr, _off^_usr, Wo, Wo, Wo, Wo, Wo, Wo, Wo, Wo, Wo, Wo, Wo, Wo, Wo, Wo, Wo, Wo, Wo, Wo, Wo, Wo, Wo, Wo, Wo, Wo, Wo, Wo, Wo, Wo, Wo, Wo, Wo, Wo, Wo, Wo, Wo, Wo, Wo
