_off^_usr, _off^_usr, _off^_usr, _off^_usr, _off^_usr, _off^_usr, _off^_usr, _off^_usr, _off^_usr, _off^_usr, _off^_usr, _off^_usr, _off^_usr, _off^_usr, _off^_usr, _off^_usr, _off^_usr, _off^_usr, Rrc, Rrc, Rrc, Ch, Ch, Gd, Gll^Fmf, Gd, Gd, Gd, Gll^Fmf, Gll^Fmf, Gll^Fmf, Gll^Fmf, Gll^Fmf, Gll^Fmf, Ds, Wwt, Wwt, Wwt, Wwt, Wwt, Wwt, Wwt, Wwt, Wwt, Wwt, Wwt, Ds, Ds, Gd, Gll^Fmf, Gll^Fmf, Gll^Fmf, Gd, Gll^Fmf, Gd, Gd, Gll^Fmf, Gll^Fmf, Gll^Fmf, Gll^Fmf
_off^_usr, _off^_usr, _off^_usr, _off^_usr, _off^_usr, _off^_usr, _off^_usr, _off^_usr, _off^_usr, _off^_usr, _off^_usr, _off^_usr, _off^_usr, _off^_usr, _off^_usr, _off^_usr, _off^_usr, _off^_usr, Rr, Rrc, Rrc, Rrc, Rrc, Ch, Ch, Gd, Ds, Gd, Gd, Gd, Gll^Fmf, Gs, Gd, Gll^Fmf, Ds, Wwt, Wwt, Wwt, Wwt, Wwt, Wwt, Wwt, Wwt, Wwt, Ds, Ds, Ds, Gll^Fmf, Gd, Gll^Fmf, Gd, Gll^Fmf, Gd, Gd, Gll^Fmf, Gll^Fmf, Gd, Gd, Gd, Gll^Fmf
_off^_usr, _off^_usr, _off^_usr, _off^_usr, _off^_usr, _off^_usr, _off^_usr, _off^_usr, _off^_usr, _off^_usr, _off^_usr, _off^_usr, _off^_usr, _off^_usr, _off^_usr, _off^_usr, _off^_usr, _off^_usr, Ch, Rr, Rr, Rrc, Rrc, Rrc, Rrc^Vud, Ch, Gd, Gll^Fmf, Gd, Gd, Gd, Gll^Fmf, Ch, Gll^Fmf, Ds, Wwt, Wwt, Wwt, Wwt, Wwt, Wwt, Wwt, Ds, Ds, Ch, Ds, Gd, Gll^Fmf, Gll^Fmf, Gd, Gd, Gll^Fmf, Gll^Fmf, Gd, Gd, Gd, Gd, Gll^Fmf, Gd, Gd
_off^_usr, _off^_usr, _off^_usr, _off^_usr, _off^_usr, _off^_usr, _off^_usr, _off^_usr, _off^_usr, _off^_usr, _off^_usr, _off^_usr, _off^_usr, _off^_usr, _off^_usr, _off^_usr, _off^_usr, _off^_usr, Gd, Xos, Ch, Rr, Rr, Rrc, Rrc, Ch, Gll^Fmf, Gd, Gd, Ds, Ch, Ch, Rrc^Vud, Ch, Ch, Ds, Wwt, Wwt, Wwt, Wwt, Wwt, Wwt, Ch, Ch, Rrc^Vud, Ch, Ch, Gd, Gd^Esd, Ds, Gd, Gd, Gd, Gd, Gd, Gd, Gll^Fmf, Gd, Gll^Fmf, Gd
_off^_usr, _off^_usr, _off^_usr, _off^_usr, _off^_usr, 1 _off^_usr, _off^_usr, 2 _off^_usr, _off^_usr, _off^_usr, _off^_usr, _off^_usr, _off^_usr, _off^_usr, _off^_usr, _off^_usr, _off^_usr, _off^_usr, Gll^Fmf, Gd, Gd, Xos, Rr, Rrc, Rrc, Ch, Gd, Gd, Ch, Ch, Rrc, Rrc, Rrc, Rrc^Ebn, Rrc^Vud, Ch, Ww^Vm, Wwt, Wwt, Wwt, Ww^Vm, Ch, Rrc^Vud, Rrc^Ebn, Rrc, Rrc, Rrc, Ch, Ch, Gd, Gd, Gll^Fmf, Gd, Gll^Fmf, Gll^Fmf, Gd, Ds, Gd, Gd, Gd
_off^_usr, _off^_usr, _off^_usr, _off^_usr, _off^_usr, _off^_usr, _off^_usr, _off^_usr, _off^_usr, _off^_usr, _off^_usr, _off^_usr, _off^_usr, _off^_usr, _off^_usr, _off^_usr, _off^_usr, _off^_usr, Gd, Gd, Gll^Fmf, Ch, Rr, Rrc, Rrc, Ch, Ch, Ch, Rrc, Rrc, Rrc, Rrc, Rr^Vud, Xos, Xos, Ch, Wwt^Bw\, Wwt, Wwt, Wwt, Wwt^Bw/, Ch, Xos, Xos, Rr^Vud, Rrc, Rrc, Rrc, Rrc, Ch, Ch, Gd, Ds, Gd, Gll^Fmf, Ds, Gll^Fmf, Gll^Fmf, Gd, Gll^Fmf
_off^_usr, _off^_usr, _off^_usr, _off^_usr, _off^_usr, _off^_usr, _off^_usr, _off^_usr, _off^_usr, _off^_usr, _off^_usr, _off^_usr, _off^_usr, _off^_usr, _off^_usr, _off^_usr, _off^_usr, _off^_usr, Gd, Gll^Fmf, Xos, Xos, Rr^Vud, Rrc, Rrc, Rrc^Ebn, Rrc, Rrc, Rrc, Rrc, Rr, Rr, Ch, Xos, Ds, Xos, Xos, Wwt^Bw\, Ch, Wwt^Bw/, Xos, Xos, Gll^Fmf, Xos, Ch, Rr, Rr, Rrc, Rrc, Rrc^Vud, Ch, Gd, Gd, Gll^Fmf, Gd, Gll^Fmf, Gd, Gd, Gd, Gll^Fmf
_off^_usr, _off^_usr, _off^_usr, _off^_usr, _off^_usr, _off^_usr, _off^_usr, _off^_usr, _off^_usr, _off^_usr, _off^_usr, _off^_usr, _off^_usr, _off^_usr, _off^_usr, _off^_usr, _off^_usr, _off^_usr, Ds, Gd, Gll^Fmf, Xos, Ch, Rr, Rr, Rrc, Rr, Rrc, Rr, Rr, Ch, Xos, Wwf, Ds, Wwt, Ww^Vm, Wwt, Wwt, Wwt, Wwt, Wwt, Ww^Vm, Ds, Gd, Gd, Xos, Ch, Rr^Ebn, Rrc, Rrc, Ch, Gd^Esd, Gll^Fmf, Gd, Gll^Fmf, Gd, Gd, Gd, Ch, Gd
_off^_usr, _off^_usr, _off^_usr, _off^_usr, _off^_usr, _off^_usr, _off^_usr, _off^_usr, _off^_usr, _off^_usr, _off^_usr, _off^_usr, _off^_usr, _off^_usr, _off^_usr, _off^_usr, _off^_usr, _off^_usr, Wwt, Ds, Ds, Ds, Ds, Xos, Ch, Rr^Vud, Xos, Rr^Vud, Ch^Esd, Xos, Wwf, Wwf, Wwt, Wwt, Wwt, Wwt, Wot, Wwt, Wwt, Wwt, Wwt, Wwt, Ds, Gd, Gll^Fmf, Gd, Xos, Rr, Rrc, Rrc, Ch, Gd, Gd, Gd, Gd, Gll^Fmf, Ch, Ch, Rrc^Vud, Ch
_off^_usr, _off^_usr, ZWKe, ZWKe, ZWCe, _off^_usr, ZWCe, ZWKe^Zca, ZWCe, ZWKe^Zca, ZWCe, ZWKe^Zca, ZWCe^Zmo, _off^_usr, _off^_usr, _off^_usr, _off^_usr, _off^_usr, Wot, Wwt, Wwt, Wwt, Wwt, Ds, Ds, Xos, Xos, Xos, Ds, Wwf, Wwt, Wwt, Wwt, Wwt, Wot, Wwt, Wot, Wot, Wwr, Wwt, Wwt, Wwt, Wwt, Ds, Gd, Gd, Ch, Rr, Rrc, Rrc, Ch, Ds, Ds, Gd^Esd, Ch, Ch, Rrc, Rrc, Rrc, Rrc
_off^_usr, _off^_usr, ZWKe, ZWCe, ZWCe, ZWCe, ZWCe, ZWCe, ZWCe, ZWCe, ZWCe, ZWCe, ZWCe, ZWCe, ZWCe, _off^_usr, _off^_usr, _off^_usr, Wot, Wot, Wwt, Wot, Wot, Ww^Vm, Ds, Gll^Fmf, Gd, Gd^Esd, Ds, Wwt, Wot, Wwt, Wwt, Wwt, Wwt, Wwt, Wwt, Wwr, Wot, Wot, Wwt, Wwt^Zro, Wwt, Wwr, Gd^Esd, Gll^Fmf, Xos, Rr, Rrc, Rrc, Rrc, Ch, Ch, Ch, Rrc, Rrc, Rrc, Rrc, Rr, Rrc
_off^_usr, _off^_usr, ZWKe, ZWKe, ZWCe, ZWCe^Zwk, ZWCe, ZWf^Zwv, ZWCe, ZWf^Zwv, ZWCe, ZWf^Zwv, ZWCe, 3 ZWCe^Zwk, ZWCe, ZWKe, _off^_usr, _off^_usr, Wwt, Wot, Wot, Wwt, Wwt, Wwt, Wwr, Ds, Ds, Ds, Wwt, Wwr, Wwt, Wwt, Wwt, Wot, Wwt, Wwr, Wot, Wot, Wot, Wwt, Wwt, Wwt, Wwt, Wwr, Ds, Xos, Xos, Rr^Vud, Rr, Rrc, Rrc, Rrc, Rrc, Rrc, Rrc, Rrc, Rrc, Rr, Xos, Rr
_off^_usr, _off^_usr, ZWKe, ZWCe, ZWCe, ZWCe, ZWCe, ZWCe, ZWCe, ZWCe, ZWCe, ZWCe, ZWCe^Zmo, ZWCe, _off^_usr, _off^_usr, _off^_usr, _off^_usr, Wot, Wwt, Wwt, Wot, Wwt, Wwr, Wwt, Wwt, Wwr, Wwt, Wot, Wot, Wot, Wwt, Wwt, Wot, Wwt, Wwt, Ww^Vm, Ww^Vm, Xos, Ww^Vm, Ww^Vm, Wot, Wwt, Wwt, Wwt, Ds, Wwf, Ch, Xos, Rr, Rr, Rrc, Rrc, Rrc, Rrc, Rrc, Rr, Rr^Vud, Xos, Xos
_off^_usr, _off^_usr, _off^_usr, ZWKe, _off^_usr, _off^_usr, _off^_usr, ZWKe^Zca, _off^_usr, ZWKe^Zca, _off^_usr, ZWKe^Zca, _off^_usr, _off^_usr, _off^_usr, _off^_usr, _off^_usr, _off^_usr, Wot, Wot, Wot, Wwt, Wwr, Wwt, Wot, Wwt, Wwr, Wwt, Wwt, Wwt, Wwt, Wwt, Wwt, Wwt, Wot, Wwt, Xos, Ch, Xos, Ch, Xos, Wwt, Wot, Wwt, Wwt, Wwt, Wwt, Wwf, Wwf, Ch, Xos, Rr, Rr^Vud, Rr^Ebn, Rr^Vud, Rr, Xos, Ch, Gll^Fmf, Gll^Fmf
_off^_usr, _off^_usr, _off^_usr, _off^_usr, _off^_usr, _off^_usr, _off^_usr, _off^_usr, _off^_usr, _off^_usr, _off^_usr, _off^_usr, _off^_usr, _off^_usr, _off^_usr, _off^_usr, _off^_usr, _off^_usr, Wot, Wot, Wwt, Wot, Wwr, Wwr, Wot, Wot, Wwt, Wwt, Wwt, Wwt, Wwt^Zro, Wwr, Wot, Wot, Wwt, Wot, Xos, Xos, Xos, Xos, Xos, Wwt, Wwt, Wwt, Wwt, Wot, Wwt, Wwt, Wot, Wwf, Wwf, Ch, Xos, Xos, Xos, Ch, Ds, Ds, Ds, Gd^Esd
_off^_usr, _off^_usr, _off^_usr, _off^_usr, _off^_usr, _off^_usr, _off^_usr, _off^_usr, _off^_usr, _off^_usr, _off^_usr, _off^_usr, _off^_usr, _off^_usr, _off^_usr, _off^_usr, _off^_usr, _off^_usr, Wot, Wot, Wwt, Wwt, Wot, Wot, Wwt, Wwt, Wwt, Wwt, Wwt, Wwr, Wwt, Wwt, Wwt, Wwt, Wot, Wwr, Wot, Ch, Xos, Ch, Wot, Wwt, Wwt, Wwt, Wwt, Wot, Wwt, Wwt, Wwt, Wwt, Wot, Wwf, Wwf, Xos, Ds, Ds, Wwt, Ww^Vm, Wwt, Ds
_off^_usr, _off^_usr, _off^_usr, _off^_usr, _off^_usr, _off^_usr, _off^_usr, _off^_usr, _off^_usr, _off^_usr, _off^_usr, _off^_usr, _off^_usr, _off^_usr, _off^_usr, _off^_usr, _off^_usr, _off^_usr, Wot, Wot, Wwt, Wot, Wot, Wwr, Wwr, Wwt, Wot, Wwt, Wot, Wwt, Wwt, Wwt, Wot, Wwt, Wwt, Wwt, Wwt, Wwt, Wot, Wwr, Wwt, Wot, Wwt, Wwt, Wot, Wwt, Wwt, Wwr, Wwt, Wwt, Wwt, Wwt, Wwt, Wwf, Wwt, Wwt, Wwt, Wot, Wot, Wwr
_off^_usr, _off^_usr, _off^_usr, _off^_usr, _off^_usr, _off^_usr, _off^_usr, _off^_usr, _off^_usr, _off^_usr, _off^_usr, _off^_usr, _off^_usr, _off^_usr, _off^_usr, _off^_usr, _off^_usr, _off^_usr, Wwt, Wwt, Wot, Wot, Wwt, Wwt^Zro, Wot, Wot, Wwt, Wwt, Wwt, Wwt, Wwt, Wwt, Wot, Wwt, Wwt, Wot, Wwt, Wwt, Wwt, Wwt, Wwt, Wwt, Wwt, Wwt, Wot, Wwt, Wwt, Wwt, Wwt^Zro, Wot, Wot, Wwr, Wot, Wwt, Wwt, Wot, Wwr, Wwt, Wwr, Wwr
_off^_usr, _off^_usr, _off^_usr, _off^_usr, _off^_usr, _off^_usr, _off^_usr, _off^_usr, _off^_usr, _off^_usr, _off^_usr, _off^_usr, _off^_usr, _off^_usr, _off^_usr, _off^_usr, _off^_usr, _off^_usr, Wwt, Wot, Wwt, Wwt, Wwt, Wwt, Wwr, Wwt, Wot, Ds, Ds, Wwt, Wwt, Wwt, Wwt, Wot, Wwt, Wwt, Wot, Wwt, Wwt, Wwt, Wwt, Wot, Wwt, Wwt, Wwt, Wwt, Wwt, Wwr, Wot, Wwr, Wwt, Wot, Wwt, Wwt, Wwt, Wwt, Wwt, Wot, Wot, Wwr
_off^_usr, _off^_usr, _off^_usr, _off^_usr, _off^_usr, _off^_usr, _off^_usr, _off^_usr, _off^_usr, _off^_usr, _off^_usr, _off^_usr, _off^_usr, _off^_usr, _off^_usr, _off^_usr, _off^_usr, _off^_usr, Wot, Wwt, Wot, Wwt, Wot, Wot, Wwt, Wwt, Ww^Vm, Gll^Fmf, Ds, Gll^Fmf, Wwr, Wot, Wwt, Wot, Wot, Wot, Wwt, Wwt^Zro, Wwt, Wwt, Wwr, Wwt, Wot, Wwr, Wwt, Wot, Wwt, Wwt, Wot, Wwt, Wwr, Wwt^Zro, Mm^Xm, Wwt, Wwr, Wwt, Wwr, Wwr, Wot, Wwr
_off^_usr, _off^_usr, _off^_usr, _off^_usr, _off^_usr, _off^_usr, _off^_usr, _off^_usr, _off^_usr, _off^_usr, _off^_usr, _off^_usr, _off^_usr, _off^_usr, _off^_usr, _off^_usr, _off^_usr, _off^_usr, Wwt, Wwt, Wot, Wwt, Wwt, Wwt, Wot, Wot, Ds, Gll^Fmf, Gll^Fmf, Gll^Fmf, Wot, Wot, Wwt, Wwt, Wwt, Wwt, Wot, Wwt, Wwt, Wot, Wot, Wwt, Wot, Wwt, Wwt, Wwt, Wwr, Wot, Wot, Wwt, Wwr, Mm, Wwf^Zlh, Wwf, Mm, Wwt, Wot, Wot, Wot, Wwr
_off^_usr, _off^_usr, _off^_usr, _off^_usr, _off^_usr, _off^_usr, _off^_usr, _off^_usr, _off^_usr, _off^_usr, _off^_usr, _off^_usr, _off^_usr, _off^_usr, _off^_usr, _off^_usr, _off^_usr, _off^_usr, Wwt, Wot, Wwt, Wwt, Wot, Wot, Wwt, Wwr, Wwr, Gll^Fmf, Gll^Fmf, Wwf^Zlh, Wwt, Wwt, Wwt, Wwt, Wwt, Wwt, Wwt, Wwt, Wwt, Wot, Wot, Wot, Wwt, Wot, Wot, Wwt, Wwt, Wwt, Wot, Wwt, Wwt, Mm, Wwr, Wwf, Ww^Vm, Mm, Wot, Wot, Wot, Wot
_off^_usr, _off^_usr, _off^_usr, _off^_usr, _off^_usr, _off^_usr, _off^_usr, _off^_usr, _off^_usr, _off^_usr, _off^_usr, _off^_usr, _off^_usr, _off^_usr, _off^_usr, _off^_usr, _off^_usr, _off^_usr, Wwt, Wot, Wot, Wwt, Wwt, Wwt, Wot, Wot, Wwt, Ww^Vm, Wwt, Wwt, Wwt, Wwt, Wot, Wwt, Wwt, Wot, Wwt, Wwt, Wwt, Wwt, Wwt, Wwt, Wwt, Wwt, Wwt, Wwt, Wwt, Wwr, Wot, Wwt, Wwt, Wwt, Wot, Wwt, Wwt, Wot, Wot, Wot, Wot, Wot
_off^_usr, _off^_usr, _off^_usr, _off^_usr, _off^_usr, _off^_usr, _off^_usr, _off^_usr, _off^_usr, _off^_usr, _off^_usr, _off^_usr, _off^_usr, _off^_usr, _off^_usr, _off^_usr, _off^_usr, _off^_usr, Wot, Wot, Wwt, Wot, Wot, Wwt, Wwr, Wwt, Wwt, Wwt, Wwt, Wwt, Wwr, Wwt, Wwt, Wot, Wwr, Wwt, Wwt, Wot, Wot, Wwt, Wwt, Wwt, Wwr, Wwt, Wot, Wwt^Zro, Wwt, Wwr, Wwt, Wwr, Wwt^Zro, Wwt, Wwt, Wwt, Wwr, Wot, Wwr, Wwt, Wot, Wot
_off^_usr, _off^_usr, _off^_usr, _off^_usr, _off^_usr, _off^_usr, _off^_usr, _off^_usr, _off^_usr, _off^_usr, _off^_usr, _off^_usr, _off^_usr, _off^_usr, _off^_usr, _off^_usr, _off^_usr, _off^_usr, Wot, Wwt, Wwt, Wwr, Wwt^Zro, Wot, Wwt, Wwt, Wot, Wot, Wwt, Wot, Wot, Wwt, Wot, Wwt, Wwt^Zro, Wwr, Wot, Wot, Wwt, Wwr, Gll^Fmf, Wwt, Wwt, Wwt, Wwt, Wwt, Wot, Wwt, Wot, Mm, Ww^Vm, Wwr, Wot, Wwr, Wot, Wot, Wot, Wot, Wot, Wot
_off^_usr, _off^_usr, _off^_usr, _off^_usr, _off^_usr, _off^_usr, _off^_usr, _off^_usr, _off^_usr, _off^_usr, _off^_usr, _off^_usr, _off^_usr, _off^_usr, _off^_usr, _off^_usr, _off^_usr, _off^_usr, Wot, Wwt, Wwt, Wwr, Wot, Wot, Wot, Wwt, Wot, Wot, Wot, Wwt, Wwr, Wot, Wot, Wot, Wwt, Wwt, Wwt, Wwt, Ds, Ds, Gd, Gll^Fmf, Ds, Wwt, Wwt, Wot, Wwt, Wwt, Wwt, Wwr, Wwr, Wot, Wot, Wot, Wwr, Wot, Wwt, Wot, Wot, Wot
_off^_usr, _off^_usr, _off^_usr, _off^_usr, _off^_usr, _off^_usr, _off^_usr, _off^_usr, _off^_usr, _off^_usr, _off^_usr, _off^_usr, _off^_usr, _off^_usr, _off^_usr, _off^_usr, _off^_usr, _off^_usr, Wot, Wwt, Wot, Wot, Wwt, Wwt, Wot, Wot, Wot, Wwt, Wwt, Wot, Wwt, Wwt, Wwt, Wwt, Wwt, Wwt, Wwt, Wwt, Ds, Gll^Fmf, Wwf^Vm, Ds, Wwr, Wot, Wot, Wwt, Wot, Wwt, Wot, Wot, Wwt, Wwt, Wot, Wot, Wot, Wwt, Wot, Wwr, Wwt, Wot
_off^_usr, _off^_usr, _off^_usr, _off^_usr, _off^_usr, _off^_usr, _off^_usr, _off^_usr, _off^_usr, _off^_usr, _off^_usr, _off^_usr, _off^_usr, _off^_usr, _off^_usr, _off^_usr, _off^_usr, _off^_usr, Wot, Wot, Wwt, Wot, Wwt, Wwt, Wwt, Wwt, Wot, Wot, Wot, Wot, Wwt, Wwt, Wot, Wwt, Wwt, Wwr, Wwt, Wwt, Wwt, Gd, Wwt, Wwt, Wwt, Wwt, Wwt, Wwt, Wot, Wwt, Wot, Wwt, Wwt, Wwt, Wot, Wot, Wwt, Wwt, Wot, Wwr, Wot, Wot
_off^_usr, _off^_usr, _off^_usr, _off^_usr, _off^_usr, _off^_usr, _off^_usr, _off^_usr, _off^_usr, _off^_usr, _off^_usr, _off^_usr, _off^_usr, _off^_usr, _off^_usr, _off^_usr, _off^_usr, _off^_usr, Wot, Wwt, Wot, Wwt, Wot, Wot, Wwt, Wot, Wot, Wot, Wwt, Wwt, Wot, Wwt, Wot, Wwt, Wwt, Wwt, Wwt, Wot, Wot, Wwt, Wot, Wot, Wwt, Wwt, Wwt, Wot, Wwt, Wot, Wwr, Wwt, Wwt, Wot, Wwr, Wwt, Wwt, Wot, Wot, Wot, Wwt, Wot
_off^_usr, _off^_usr, _off^_usr, _off^_usr, _off^_usr, _off^_usr, _off^_usr, _off^_usr, _off^_usr, _off^_usr, _off^_usr, _off^_usr, _off^_usr, _off^_usr, _off^_usr, _off^_usr, _off^_usr, _off^_usr, Wot, Wot, Wot, Wwt, Wot, Wwt, Wwt, Wot, Wot, Wwt, Wwt, Wwt, Wot, Wot, Wwt, Wot, Wwt, Wwt, Wwt, Wwt, Wwt, Wwt, Wwt, Wwt, Wot, Wot, Wwt, Wot, Wwt, Wwt, Wwt, Wot, Wot, Wwt, Wwt, Wwt, Wot, Wot, Wot, Wwt, Wot, Wot
_off^_usr, _off^_usr, _off^_usr, _off^_usr, _off^_usr, _off^_usr, _off^_usr, _off^_usr, _off^_usr, _off^_usr, _off^_usr, _off^_usr, _off^_usr, _off^_usr, _off^_usr, _off^_usr, _off^_usr, _off^_usr, Wot, Wot, Wwt, Wwt, Wot, Wwt, Wot, Wwt, Wot, Wwt, Wwt, Wwt, Wwt, Wot, Wwt, Wwt, Wwt, Wot, Wwt, Wwt, Wwt, Wwt, Wwt, Wwt, Wot, Wot, Wot, Wwt, Wot, Wot, Wot, Wot, Wot, Wot, Wwt, Wot, Wot, Wwt, Wot, Wwt, Wot, Wot
_off^_usr, _off^_usr, _off^_usr, _off^_usr, _off^_usr, _off^_usr, _off^_usr, _off^_usr, _off^_usr, _off^_usr, _off^_usr, _off^_usr, _off^_usr, _off^_usr, _off^_usr, _off^_usr, _off^_usr, _off^_usr, Wot, Wot, Wot, Wot, Wwt, Wwt, Wwt, Wot, Wot, Wwt, Wwt, Wwt, Wwt, Wwt, Wwt, Wwt, Wwt, Wwt, Wwt, Wwt, Wwt, Wwt, Wwt, Wwt, Wot, Wwt, Wot, Wot, Wot, Wwt, Wot, Wwt, Wot, Wwt, Wwt, Wot, Wot, Wwt, Wwt, Wot, Wot, Wot
_off^_usr, _off^_usr, _off^_usr, _off^_usr, _off^_usr, _off^_usr, _off^_usr, _off^_usr, _off^_usr, _off^_usr, _off^_usr, _off^_usr, _off^_usr, _off^_usr, _off^_usr, _off^_usr, _off^_usr, _off^_usr, Ww, Wot, Wot, Wwt, Wwt, Wwt, Wot, Wot, Wot, Wwt, Wwt, Wwt, Wwt, Wwt, Wwt, Wwt, Wwt, Wwt, Wwt, Wwt, Wwt, Wwt, Wwt, Wwt, Wwt, Wwt, Wot, Wot, Wwt, Wwt, Wot, Wot, Wwt, Wwt, Wwt, Wot, Wwt, Wwt, Wwt, Wwt, Wot, Wot
