_off^_usr, _off^_usr, _off^_usr, _off^_usr, _off^_usr, _off^_usr, _off^_usr, _off^_usr, _off^_usr, _off^_usr, _off^_usr, _off^_usr, _off^_usr, _off^_usr, _off^_usr, _off^_usr, _off^_usr, _off^_usr, Ww, Ww, Ww, Ww, Ww, Ww, Ww, Ww, Ww, Ww, Ww, Ww, Ww, Ww, Ww, Ww, Ww, Ww, Ww, Ww, Ww, Ww, Ww, Ww, Ww, Ww, Ww, Ww, Ww, Ww, Ww, Ww, Ww, Ww, Ww
_off^_usr, _off^_usr, _off^_usr, _off^_usr, _off^_usr, _off^_usr, _off^_usr, _off^_usr, _off^_usr, _off^_usr, _off^_usr, _off^_usr, _off^_usr, _off^_usr, _off^_usr, _off^_usr, _off^_usr, _off^_usr, Ww, Ww, Ww, Ww, Ww, Ww, Ww, Ww, Ds, Ww, Ds, Ww, Gd, Gd, Ww, Gg, Ww, Gd, Ww, Ww, Ww, Ww, Ww, Ww, Ds, Ww, Ww, Ww, Gs^Fds, Ww, Ww, Ww, Ww, Ww, Ww
_off^_usr, _off^_usr, _off^_usr, _off^_usr, _off^_usr, _off^_usr, _off^_usr, _off^_usr, _off^_usr, _off^_usr, _off^_usr, _off^_usr, _off^_usr, _off^_usr, _off^_usr, _off^_usr, _off^_usr, _off^_usr, Ww, Ww, Ww, Ww, Ww, Ww, Gs, Gd, Gd, Ds, Gs^Efm, Gd, Gd, Ds, Ds, Ww, Gd, Gd, Gd, Gd, Ww, Ww, Gd, Ds, Gd, Gd, Gd, Ss, Ss, Ss, Ww, Gs^Fds, Ww, Ww, Ww
_off^_usr, _off^_usr, _off^_usr, _off^_usr, _off^_usr, _off^_usr, _off^_usr, _off^_usr, _off^_usr, _off^_usr, _off^_usr, _off^_usr, _off^_usr, _off^_usr, _off^_usr, _off^_usr, _off^_usr, _off^_usr, Ww, Ww, Ww, Ww, Ds, Ds, Gd, Gs^Efm, Ww, Gd, Gd, Gd, Ss, Gd, Gs, Ds, Gs, Gs^Efm, Gs, Gd, Gd, Gd, Gg^Vc, Gd, Gs^Fds, Gs^Fds, Gs^Fds, Gd, Ss, Gs^Fds, Ss, Gd, Gd, Ww, Ww
_off^_usr, _off^_usr, _off^_usr, _off^_usr, _off^_usr, _off^_usr, _off^_usr, _off^_usr, _off^_usr, _off^_usr, _off^_usr, _off^_usr, _off^_usr, _off^_usr, _off^_usr, _off^_usr, _off^_usr, _off^_usr, Ww, Ww, Ww, Ww, Gd, Gd, Re^Es, Gd, Gd, Ww, Gs, Ss, Hh, Ss, Gs^Fds, Gd, Ce, Gd, Gs, Hh, Gd, Gd, Gd, Gd, Gs, Hh, Gs, Gd, Hh, Gs^Fds, Ss, Gs^Fds, Gd, Ww, Ww
_off^_usr, _off^_usr, _off^_usr, _off^_usr, _off^_usr, _off^_usr, _off^_usr, _off^_usr, _off^_usr, _off^_usr, _off^_usr, _off^_usr, _off^_usr, _off^_usr, _off^_usr, _off^_usr, _off^_usr, _off^_usr, Ww, Ww, Ww, Gd, Gd, Gs^Vc, Re, Gd, Gs^Efm, Gd, Gd, Gs^Fds, Gs^Fds, Gs^Fds, Gs^Fds, Gd, Rp, Gd, Rp, Gs, Rp, Rp, Rp, Ce^Es, Gd, Gs, Gd, Gd, Gs, Gs^Fds, Hh, Ss, Gs^Fds, Ww, Ww
_off^_usr, _off^_usr, _off^_usr, _off^_usr, _off^_usr, _off^_usr, _off^_usr, _off^_usr, _off^_usr, _off^_usr, _off^_usr, _off^_usr, _off^_usr, _off^_usr, _off^_usr, _off^_usr, _off^_usr, _off^_usr, Ww, Ww, Ww, Ww, Gd, Re, Gd, Gd, Ce, Gd, Rp, Gd, Gd, Hh, Rp, Rp, Gd, Rp, Gd^Efm, Rp, Gd, Gd^Efm, Gd^Efm, Rp, Rp, Gd, Gd, Gd, Gd, Gs^Fds, Gs^Fds, Ss, Ww, Ww, Ww
_off^_usr, _off^_usr, _off^_usr, _off^_usr, _off^_usr, _off^_usr, _off^_usr, _off^_usr, _off^_usr, _off^_usr, _off^_usr, _off^_usr, _off^_usr, _off^_usr, _off^_usr, _off^_usr, _off^_usr, _off^_usr, Ww, Ww, Ww, Ww, Gd, Gd, Gs^Fds, Gd, Gd, Rp, Gd^Efm, Rp, Rp, Rp, Gs, Gd, Re^Es, Gd, Gd, Gd, Hh, Gd^Efm, Gd, Gd, Gd, Rp, Rp, Ce, Gd, Gd, Gs^Fds, Ss, Ww, Ww, Ww
_off^_usr, _off^_usr, _off^_usr, _off^_usr, _off^_usr, _off^_usr, _off^_usr, _off^_usr, _off^_usr, _off^_usr, _off^_usr, _off^_usr, _off^_usr, _off^_usr, _off^_usr, _off^_usr, _off^_usr, _off^_usr, Ww, Ww, Ww, Ww, Ds, Gs^Fds, Hh, Gd, Rp, Rp, Gs^Fds, Gd^Efm, Gd, Gd, Ww, Gs^Vc, Gd, Gd, Gs^Fds, Gs^Fds, Gs^Fds, Gs^Fds, Gs^Fds, Gg^Vc, Gd, Gd, Ce^Es, Ket, Gd, Gd, Gd^Efm, Gd^Efm, Ww, Ww, Ww
_off^_usr, _off^_usr, _off^_usr, _off^_usr, _off^_usr, _off^_usr, _off^_usr, _off^_usr, _off^_usr, _off^_usr, _off^_usr, _off^_usr, _off^_usr, _off^_usr, _off^_usr, _off^_usr, _off^_usr, _off^_usr, Ww, Ww, Ww, Ww, Ds, Gs^Fds, Gs^Fds, Gd, Rp, Gs^Fds, Gs^Fds, Ss, Ds, Ww, Ww, Ds, Gs^Fms, Gd, Mm, Gs^Fds, Hh, Hh, Ss, Gs^Fds, Gd, Gd, Gd, Gd, Gd, Dd^Esd, Gs, Gd, Ww, Ww, Ww
_off^_usr, _off^_usr, _off^_usr, _off^_usr, _off^_usr, _off^_usr, _off^_usr, _off^_usr, _off^_usr, _off^_usr, _off^_usr, _off^_usr, _off^_usr, _off^_usr, _off^_usr, _off^_usr, _off^_usr, _off^_usr, Ww, Ww, Ww, Ww, Ds, Ss, Gs^Fds, Rp, Gd, Gs^Fds, Gs^Fds, Gd, Ds, Wwf, Gs^Fms, Mm, Mm^Xm, Mm^Xm, Mm^Xm, Mm^Xm, Mm^Xm, Hh, Mm, Gd, Gs^Fds, Gs^Fds, Gs^Fds, Gs^Fds, Ww, Gs, Gs, Ww, Ww, Ww, Ww
_off^_usr, _off^_usr, _off^_usr, _off^_usr, _off^_usr, _off^_usr, _off^_usr, _off^_usr, _off^_usr, _off^_usr, _off^_usr, _off^_usr, _off^_usr, _off^_usr, _off^_usr, _off^_usr, _off^_usr, _off^_usr, Ww, Ww, Ww, Ww, Ds, Ss, Rp, Rp, Gd, Gs^Fds, Gd, Gd, Gd, Mm, Mm^Xm, Mm^Xm, Mm^Xm, Mm^Xm, Qxu, Qxu, Qxu, Mm^Xm, Mm^Xm, Mm, Mm, Gd^Efm, Gd^Efm, Gd, Ww, Gs, Ww, Ww^Bw\, Wo, Ww, Wo
_off^_usr, _off^_usr, _off^_usr, _off^_usr, _off^_usr, _off^_usr, _off^_usr, _off^_usr, _off^_usr, _off^_usr, _off^_usr, _off^_usr, _off^_usr, _off^_usr, _off^_usr, _off^_usr, _off^_usr, _off^_usr, Ww, Ww, Ww, Ds, Gd, Gd, Rp, Gd, Gs^Efm, Gd, Re, Gd, Hh, Mm^Xm, Xos, Xos, Xos, Mm^Xm, Uh^Fdw, Uh^Fdw, Uh^Fdw, Qxu, Qxu, Mm^Xm, Mm^Xm, Hh^Fds, Gd, Gd, Ww, Ww, Ww, Ww, Wo, Wo, Wo
_off^_usr, _off^_usr, _off^_usr, _off^_usr, _off^_usr, _off^_usr, _off^_usr, _off^_usr, _off^_usr, _off^_usr, _off^_usr, _off^_usr, _off^_usr, _off^_usr, _off^_usr, _off^_usr, _off^_usr, _off^_usr, Ww, Ww, Ww, Gs, 1 Gd, Ce, Rp, Gd, Gd, Re^Es, Gs^Vc, Re^Es, Hh, Mm^Xm, Xos, Urb, Urb, Xos, Urb^Pr\, Rb, Rb, Ur^Efm, Ur, Qxu, Mm^Xm, Mm, Gd, Ww, Ww, Ww, Gd, Ww, Ww, Ww, Ww
_off^_usr, _off^_usr, _off^_usr, _off^_usr, _off^_usr, _off^_usr, _off^_usr, _off^_usr, _off^_usr, _off^_usr, _off^_usr, _off^_usr, _off^_usr, _off^_usr, _off^_usr, _off^_usr, _off^_usr, _off^_usr, Ww, Ww, Ww, Gd, Gd, Gd, Gd, Rp, Rp, Gd, Gd, Gd, Mm, Mm, Xos, Urb, Urb, Urb, Urb^Pr/o, Xos, Rb, Rb^Es, Ur, Qxu, Mm^Xm, Mm, Gs^Fds, Gs, Ww, Ww, Gs, Ww, Ww, Ww, Ww
_off^_usr, _off^_usr, _off^_usr, _off^_usr, _off^_usr, _off^_usr, _off^_usr, _off^_usr, _off^_usr, _off^_usr, _off^_usr, _off^_usr, _off^_usr, _off^_usr, _off^_usr, _off^_usr, _off^_usr, _off^_usr, Ww, Ww, Wot, Wwf, Gs, 2 Gs^Efm, Gs^Efm, Gd, Gd, Rp, Rp, Rb, Uh^Fdw, Mm^Xm, Xos, Urb, Xos, Xos, Ur^Es, Ur^Es, Rb, Ur^Efm, Ur^Efm, Qxu, Qxu, Mm^Xm, Gs^Fds, Gs^Efm, Ww, Ww, Ww, Ww, Ww, Ww, Ww
_off^_usr, _off^_usr, _off^_usr, _off^_usr, _off^_usr, _off^_usr, _off^_usr, _off^_usr, _off^_usr, _off^_usr, _off^_usr, _off^_usr, _off^_usr, _off^_usr, _off^_usr, _off^_usr, _off^_usr, _off^_usr, Ww, Ww, Ww, Ww, Gs, Gs^Fds, Gs^Fds, Gd, Gd, Rp, Co, Co^Es, Rb^Efm, Mm, Mm, Xos, Mm^Xm, Mm^Xm, Mm, Ur^Fdw, Rb, Ur, Ur^Efm, Ur^Fdw, Qxu, Mm^Xm, Hh, Gs^Efm, Ww, Ww, Ww, Gs, Ww, Ww, Ww
_off^_usr, _off^_usr, _off^_usr, _off^_usr, _off^_usr, _off^_usr, _off^_usr, _off^_usr, _off^_usr, _off^_usr, _off^_usr, _off^_usr, _off^_usr, _off^_usr, _off^_usr, _off^_usr, _off^_usr, _off^_usr, Ww, Ww, Ww, Ww, Ww, Gs^Vc, Gs^Fds, Gd, Gd, Co, Hh, Rb^Es, Rb, Rb, Rb^Es, Mm, Mm, Mm, Mm, Uh^Vhhr, Rb, Rb^Es, Qxu, Qxu, Mm^Xm, Mm^Xm, Gd, Gd, Ds, Gd, Ww, Gd, Ww, Ww, Ww
_off^_usr, _off^_usr, _off^_usr, _off^_usr, _off^_usr, _off^_usr, _off^_usr, _off^_usr, _off^_usr, _off^_usr, _off^_usr, _off^_usr, _off^_usr, _off^_usr, _off^_usr, _off^_usr, _off^_usr, _off^_usr, Ww, Ww, Ww, Ww, Ds, Gs, Gd, Gd, Gg^Efm, Mm^Xm, Mm, Uh^Fds, Ur^Fdw, Rb^Efm, Ur, Ur, Ur, Mm, Ur^Efm, Rb, Ur^Efm, Ur^Fdw, Qxu, Mm^Xm, Mm, Ss, Gd, Ds, Ce^Es, Gd, Ww, Ww, Gd, Ww, Ww
_off^_usr, _off^_usr, _off^_usr, _off^_usr, _off^_usr, _off^_usr, _off^_usr, _off^_usr, _off^_usr, _off^_usr, _off^_usr, _off^_usr, _off^_usr, _off^_usr, _off^_usr, _off^_usr, _off^_usr, _off^_usr, Ww, Ww, Ww, Ww, Gd, Gd, Gs^Efm, Gd, Gd, Mm^Xm, Mm^Xm, Qxu, Qxu, Uh, Mm, Ur^Efm, Uh, Ur^Efm, Ur^Fdw, Rb, Qxu, Qxu, Mm^Xm, Mm^Xm, Gs^Fds, Gs, Ss, Ds, Gd, Ww, Gs, Ww, Ww, Ww, Ww
_off^_usr, _off^_usr, _off^_usr, _off^_usr, _off^_usr, _off^_usr, _off^_usr, _off^_usr, _off^_usr, _off^_usr, _off^_usr, _off^_usr, _off^_usr, _off^_usr, _off^_usr, _off^_usr, _off^_usr, _off^_usr, Ww, Ww, Ww, Ww, Ds, Gs^Fds, Gd, Ce, Gd, Mm, Mm, Mm^Xm, Mm^Xm, Qxu, Qxu, Qxu, Qxu, Uh^Vhhr, Qxu, Qxu, Mm^Xm, Mm^Xm, Ss, Ss, Gs^Fds, Gs, Gs, Ww, Ww, Ww, Gs, Ds, Gd, Ww, Ww
_off^_usr, _off^_usr, _off^_usr, _off^_usr, _off^_usr, _off^_usr, _off^_usr, _off^_usr, _off^_usr, _off^_usr, _off^_usr, _off^_usr, _off^_usr, _off^_usr, _off^_usr, _off^_usr, _off^_usr, _off^_usr, Ww, Ww, Ww, Ww, Ww, Ds, Gs, Gs, Gs^Fds, Gs^Fds, Gs^Fds, Mm, Gs, Mm^Xm, Mm^Xm, Mm^Xm, Mm^Xm, Qxu, Mm^Xm, Mm^Xm, Mm, Mm, Ww, Gs^Fds, Gs^Efm, Gs, Ww, Ww, Ww, Ww, Ww, Gd, Gd, Ww, Ww
_off^_usr, _off^_usr, _off^_usr, _off^_usr, _off^_usr, _off^_usr, _off^_usr, _off^_usr, _off^_usr, _off^_usr, _off^_usr, _off^_usr, _off^_usr, _off^_usr, _off^_usr, _off^_usr, _off^_usr, _off^_usr, Ww, Ww, Ww, Ww, Gd, Ds, Ww, Gd, Gs, Gs^Efm, Gs, Gd, Ds, Gs, Gs, Mm, Gs^Fds, Mm^Xm, Gs, Gs^Fds, Gd, Gd, Gs, Gg^Efm, Gs, Ds, Ww, Gs, Gs, Gs, Ww, Gd, Gd, Ww, Ww
_off^_usr, _off^_usr, _off^_usr, _off^_usr, _off^_usr, _off^_usr, _off^_usr, _off^_usr, _off^_usr, _off^_usr, _off^_usr, _off^_usr, _off^_usr, _off^_usr, _off^_usr, _off^_usr, _off^_usr, _off^_usr, Ww, Ww, Ww, Ww, Ww, Ww, Ww, Ww, Ww, Ww, Ww, Ds, Ww, Ww, Ww, Gs, Ww, Gs, Ww, Ww, Ww, Ww, Ww, Ww, Ww, Ww, Ww, Ww, Ww, Ww, Ww, Ww, Ww, Ww, Ww
_off^_usr, _off^_usr, _off^_usr, _off^_usr, _off^_usr, _off^_usr, _off^_usr, _off^_usr, _off^_usr, _off^_usr, _off^_usr, _off^_usr, _off^_usr, _off^_usr, _off^_usr, _off^_usr, _off^_usr, _off^_usr, _off^_usr, Ww, Ww, Ww, Ww, Ww, Ww, Ww, Ww, Ww, Ww, Ww, Ww, Ww, Ww, Ww, Ww, Ww, Ww, Ww, Ww, Ww, Ww, Ww, Ww, Ww, Ww, Ww, Ww, Ww, Ww, Ww, Ww, Ww, Ww
