_off^_usr, _off^_usr, _off^_usr, _off^_usr, _off^_usr, _off^_usr, _off^_usr, _off^_usr, _off^_usr, _off^_usr, _off^_usr, _off^_usr, _off^_usr, _off^_usr, _off^_usr, _off^_usr, _off^_usr, _off^_usr, Wo, Wo, Wo, Wo, Wo, Wo, Wo, Wo, Wo, Wo, Wo, Wo, Wo, Wo, Wo, Ww, Wo, Wo, Ww, Ww, Ww, Ww, Wo, Wo, Wo, Wo, Ww, Ww, Ww, Ww, Ww, Ww, Ww, Wo, Wo, Wo, Wo, Wo, Wo, Wo, Wo
_off^_usr, _off^_usr, _off^_usr, _off^_usr, _off^_usr, _off^_usr, _off^_usr, _off^_usr, _off^_usr, _off^_usr, _off^_usr, _off^_usr, _off^_usr, _off^_usr, _off^_usr, _off^_usr, _off^_usr, _off^_usr, Wo, Wo, Ww, Wo, Wo, Wo, Wo, Ww, Ww, Wo, Ww, Wo, Ww, Ww, Ww, Ww, Gg^Efm, Ww, Ww, Ww, Ww, Ww, Ww, Wo, Ww, Ww, Ww, Wo, Wo, Wo, Wo, Ww, Ww, Wo, Wo, Wo, Wo, Wo, Wo, Wo, Wo
_off^_usr, _off^_usr, _off^_usr, _off^_usr, _off^_usr, _off^_usr, _off^_usr, _off^_usr, _off^_usr, _off^_usr, _off^_usr, _off^_usr, _off^_usr, _off^_usr, _off^_usr, _off^_usr, _off^_usr, _off^_usr, Wo, Wo, Ww, Wo, Ww, Ww, Ww, Ww, Ww, Ww, Gg, Ww, Gg^Fet, Ww, Gg^Efm, Wwf, Gg, Gg^Efm, Gg^Efm, Gg^Fet, Gg^Efm, Ww, Gg^Efm, Ww, Ww, Wo, Ww, Ww, Ww, Wo, Ww, Ww, Wo, Wo, Wo, Wo, Wo, Wo, Wo, Wo, Wo
_off^_usr, _off^_usr, _off^_usr, _off^_usr, _off^_usr, _off^_usr, _off^_usr, _off^_usr, _off^_usr, _off^_usr, _off^_usr, _off^_usr, _off^_usr, _off^_usr, _off^_usr, _off^_usr, _off^_usr, _off^_usr, Wo, Wo, Ww, Ww, Wo, Ww, Wo, Ww, Ww, Gg^Efm, Wwf, Ww, Gg, Gg^Fet, Gg^Efm, Gg^Efm, Zfs, Zfs, Zfs^Zbp, Zfs, Zfs, Gg^Fet, Gg^Fet, Wwf, Gg^Fet, Gg^Efm, Gg^Efm, Gg^Fet, Gg^Efm, Ww, Ww, Ww, Wo, Ww, Ww, Wo, Ww, Wo, Wo, Wo, Wo
_off^_usr, _off^_usr, _off^_usr, _off^_usr, _off^_usr, _off^_usr, _off^_usr, _off^_usr, _off^_usr, _off^_usr, _off^_usr, _off^_usr, _off^_usr, _off^_usr, _off^_usr, _off^_usr, _off^_usr, _off^_usr, Wo, Wo, Ww, Wo, Wo, Ww, Ww, Ww, Ww, Gg^Fet, Gg^Efm, Gg^Fet, Gg^Fet, Gg^Fet, Zfs, Rp, Zfs^Zbp, Rr, Rr, Rr, Zfs^Zbp, Rp, Zfs, Gg, Gg^Fet, Gg^Efm, Gg^Efm, Gg^Efm, Ww, Ww, Gg^Efm, Ww, Ww, Ww, Ww, Ww, Ww, Wo, Wo, Wo, Wo
_off^_usr, _off^_usr, _off^_usr, _off^_usr, _off^_usr, _off^_usr, _off^_usr, _off^_usr, _off^_usr, _off^_usr, _off^_usr, _off^_usr, _off^_usr, _off^_usr, _off^_usr, _off^_usr, _off^_usr, _off^_usr, Ww, Ww, Wo, Ww, Ww, Ww, Ww, Ww, Gg, Ww, Gg^Efm, Gg^Efm, Zfs, Zfs, Rr, Zfs^Zbp, Rr, Rr, Rr, Rr, Rr, Zfs^Zbp, Rr, Zfs, Rp, Gg, Gg^Efm, Gg^Fet, Gg^Efm, Gg^Fet, Gg^Efm, Ww, Gg^Efm, Ww, Gg, Ww, Ww, Wo, Wo, Wo, Wo
_off^_usr, _off^_usr, _off^_usr, _off^_usr, _off^_usr, _off^_usr, _off^_usr, _off^_usr, _off^_usr, _off^_usr, _off^_usr, _off^_usr, _off^_usr, _off^_usr, _off^_usr, _off^_usr, _off^_usr, _off^_usr, Ww, Wo, Ww, Ww, Gg, Wwf, Ww, Gg, Wwf, Ww, Gg^Efm, Gg^Efm, Zfs, Zfs^Zbp, Rr, Rr, Rr, Rr, Rr, Rr, Rr, Rr, Zfs^Zbp, Zfs^Zbp, Zfs^Zbp, Rp, Zfs, Gg^Efm, Gg^Efm, Gg^Efm, Gg^Efm, Wwf, Wwf, Gg^Efm, Ww, Ww, Wo, Wo, Ww, Wo, Wo
_off^_usr, _off^_usr, _off^_usr, _off^_usr, _off^_usr, _off^_usr, _off^_usr, _off^_usr, _off^_usr, _off^_usr, _off^_usr, _off^_usr, _off^_usr, _off^_usr, _off^_usr, _off^_usr, _off^_usr, _off^_usr, Wo, Ww, Wo, Ww, Ww, Ww, Gg^Efm, Gg^Fet, Gg^Efm, Ww, Gg^Fet, Gg^Efm, Gg^Efm, Zfs, Zfs, Zfs^Zbp, Zfs^Zbp, Rr, Rr, Rr, Zfs, Zfs^Zbp, Zfs, Zfs^Ii, Zfs^Zbp, Zfs^Zbp, Rr, Zfs, Rp, Gg^Fet, Gg^Efm, Gg^Efm, Gg^Fet, Ww, Ww, Ww, Ww, Ww, Ww, Wo, Wo
_off^_usr, _off^_usr, _off^_usr, _off^_usr, _off^_usr, _off^_usr, _off^_usr, _off^_usr, _off^_usr, _off^_usr, _off^_usr, _off^_usr, _off^_usr, _off^_usr, _off^_usr, _off^_usr, _off^_usr, _off^_usr, Wo, Ww, Ww, Ww, Gg^Efm, Ww, Gg^Efm, Ww, Gg, Gg^Efm, Gg^Efm, Rp^Zbt, Rp, Gg, Gg^Efm, Rp, Zfs, Rr, Zfs^Zbp, Zfs, Zfs, Zfs, Zfs, Zfs^Zbp, Rr, Rr, Rr, Zfs^Zbp, Zfs^Zbp, Zfs, Zfs, Gg, Gg^Efm, Gg^Efm, Wwf, Ww, Wo, Wo, Ww, Wo, Wo
_off^_usr, _off^_usr, _off^_usr, _off^_usr, _off^_usr, _off^_usr, _off^_usr, _off^_usr, _off^_usr, _off^_usr, _off^_usr, _off^_usr, _off^_usr, _off^_usr, _off^_usr, _off^_usr, _off^_usr, _off^_usr, Wo, Ww, Ww, Gg^Efm, Gg^Fet, Gg, Gg^Efm, Gg^Efm, Rp^Zbt, Gg^Efm, Gg^Efm, Gg^Efm, Gg^Efm, Rp, Rp, Gg^Fet, Rp, Zfs, Rr, Zfs, Zfs^Zbp, Zfs, Rr, Rr, Rr, Rr, Rr, Rr, Rr, Rr, Zfs^Zbp, Zfs, Gg^Efm, Gg^Efm, Wwf, Ww, Wo, Ww, Ww, Wo, Wo
_off^_usr, _off^_usr, _off^_usr, _off^_usr, _off^_usr, _off^_usr, _off^_usr, _off^_usr, _off^_usr, _off^_usr, _off^_usr, _off^_usr, _off^_usr, _off^_usr, _off^_usr, _off^_usr, _off^_usr, _off^_usr, Ww, Ww, Ww, Wwf, Gg^Efm, Gg^Efm, Gg^Efm, Gg^Efm, Gg^Efm, Rp, Rp, Gg^Efm, Gg^Fet, Gg^Fet, Rp, Rp, Rr, Rr, Rr, Rr, Zfs, Rr, Zfs^Zbp, Rr, Rr, Rr, Rr, Rr, Zfs^Zbp, Rr, Zfs, Zfs, Gg^Efm, Gg^Efm, Ww, Ww, Ww, Ww, Wo, Wo, Wo
_off^_usr, _off^_usr, _off^_usr, _off^_usr, _off^_usr, _off^_usr, _off^_usr, _off^_usr, _off^_usr, _off^_usr, _off^_usr, _off^_usr, _off^_usr, _off^_usr, _off^_usr, _off^_usr, _off^_usr, _off^_usr, Wo, Wo, Wo, Gg^Efm, Gg^Efm, Rp^Zbt, Rp, Gg^Efm, Gg^Efm, Gg^Efm, Gg^Fet, Rp, Rp, Rp, Rr, Rr, Rr, Rr, Rp, Rp, Gg^Fet, Zfs, Rp, Zfs^Zbp, Rr, Rr, Rr, Zfs^Zbp, Rp, Zfs, Gg^Efm, Gg^Fet, Gg, Ww, Ww, Ww, Wo, Wo, Wo, Wo, Wo
_off^_usr, _off^_usr, _off^_usr, _off^_usr, _off^_usr, _off^_usr, _off^_usr, _off^_usr, _off^_usr, _off^_usr, _off^_usr, _off^_usr, _off^_usr, _off^_usr, _off^_usr, _off^_usr, _off^_usr, _off^_usr, Ww, Wo, Ww, Ww, Gg^Fet, Gg^Efm, Gg^Efm, Rp, Rp, Gg^Fet, Rp, Rp, Rr, Rr, Rr, Rr, Rp, Rp, Gg^Fet, Rp, Rp, Gg^Efm, Gg^Efm, Zfs, Zfs, Zfs^Zbp, Zfs, Zfs, Gg^Efm, Gg^Efm, Gg^Efm, Gg^Efm, Ww, Gg, Ww, Ww, Ww, Wo, Wo, Wo, Wo
_off^_usr, _off^_usr, _off^_usr, _off^_usr, _off^_usr, _off^_usr, _off^_usr, _off^_usr, _off^_usr, _off^_usr, _off^_usr, _off^_usr, _off^_usr, _off^_usr, _off^_usr, _off^_usr, _off^_usr, _off^_usr, Ww, Ww, Ww, Ww, Ww, Gg, Gg^Efm, Gg^Fet, Rp, Rp, Rr, Rr, Rr, Rr, Rp, Rp, Rp, Gg^Fet, Gg^Efm, Gg^Efm, Gg, Rp, Rp^Zbt, Gg^Efm, Gg^Efm, Gg^Efm, Gg, Gg^Efm, Gg^Fet, Gg^Efm, Ww, Ww, Gg^Efm, Ww, Wo, Wo, Wo, Ww, Wo, Wo, Wo
_off^_usr, _off^_usr, _off^_usr, _off^_usr, _off^_usr, _off^_usr, _off^_usr, _off^_usr, _off^_usr, _off^_usr, _off^_usr, _off^_usr, _off^_usr, _off^_usr, _off^_usr, _off^_usr, _off^_usr, _off^_usr, Ww, Wo, Ww, Ww, Ww, Gg, Re, Rp, Rr, Rr, Rr, Rr, Rp, Rp, Gg^Fet, Gg^Fet, Gg^Efm, Rp, Rp, Gg^Efm, Gg^Efm, Gg^Efm, Gg^Efm, Gg^Efm, Gg^Efm, Gg^Efm, Gg^Efm, Gg^Efm, Wwf, Gg^Efm, Ww, Gg^Fet, Ww, Ww, Ww, Ww, Wo, Wo, Ww, Ww, Wo
_off^_usr, _off^_usr, _off^_usr, _off^_usr, _off^_usr, _off^_usr, _off^_usr, _off^_usr, _off^_usr, _off^_usr, _off^_usr, _off^_usr, _off^_usr, _off^_usr, _off^_usr, _off^_usr, _off^_usr, _off^_usr, Wo, Ww, Wo, Ww, Ww, Ww^Bw/, Ww^Bw/, 1 Rp, 2 Rp, Rr, Rp, Rp, Gg^Fet, Rp, Rp, Gg^Efm, Gg^Efm, Gg^Efm, Gg^Efm, Rp^Zbt, Gg^Efm, Gg, Wwf, Gg^Efm, Ww, Gg^Fet, Ww, Gg^Efm, Ww, Wo, Ww, Ww, Ww, Ww, Ww, Wo, Ww, Ww, Ww, Wo, Wo
_off^_usr, _off^_usr, _off^_usr, _off^_usr, _off^_usr, _off^_usr, _off^_usr, _off^_usr, _off^_usr, _off^_usr, _off^_usr, _off^_usr, _off^_usr, _off^_usr, _off^_usr, _off^_usr, _off^_usr, _off^_usr, Wo, Ww, Ww, Ww, Ww, Ww^Bw/, Ww^Bw/, Ww^Bw/, Ww^Bw/, Re, Gg, Gg^Zbt, Gg, Gg^Efm, Gg^Efm, Rp, Rp^Zbt, Gg^Efm, Gg^Efm, Gg^Efm, Gg^Efm, Wwf, Gg^Fet, Ww, Ww, Ww, Gg^Efm, Ww, Ww, Ww, Ww, Ww, Ww, Wo, Ww, Ww, Ww, Wo, Wo, Wo, Ww
_off^_usr, _off^_usr, _off^_usr, _off^_usr, _off^_usr, _off^_usr, _off^_usr, _off^_usr, _off^_usr, _off^_usr, _off^_usr, _off^_usr, _off^_usr, _off^_usr, _off^_usr, _off^_usr, _off^_usr, _off^_usr, Wo, Wo, Wo, Ww, Wo, Wo, Ww, Ww, Ww, Ww, Gg, Gg, Ww, Gg, Ww, Gg^Efm, Gg^Efm, Gg^Efm, Gg^Efm, Ww, Ww, Gg^Efm, Ww, Ww, Ww, Gg^Efm, Ww, Ww, Wo, Wo, Ww, Wo, Wo, Wo, Wo, Wo, Ww, Wo, Wo, Wo, Wo
_off^_usr, _off^_usr, _off^_usr, _off^_usr, _off^_usr, _off^_usr, _off^_usr, _off^_usr, _off^_usr, _off^_usr, _off^_usr, _off^_usr, _off^_usr, _off^_usr, _off^_usr, _off^_usr, _off^_usr, _off^_usr, Wo, Wo, Wo, Ww, Ww, Wo, Wo, Wo, Ww, Ww, Ww, Ww, Ww, Gg^Fet, Ww, Ww, Ww, Ww, Ww, Ww, Wo, Ww, Ww, Wo, Wo, Ww, Ww, Wo, Ww, Ww, Wo, Wo, Ww, Ww, Wo, Wo, Wo, Wo, Wo, Wo, Wo
_off^_usr, _off^_usr, _off^_usr, _off^_usr, _off^_usr, _off^_usr, _off^_usr, _off^_usr, _off^_usr, _off^_usr, _off^_usr, _off^_usr, _off^_usr, _off^_usr, _off^_usr, _off^_usr, _off^_usr, _off^_usr, Wo, Wo, Wo, Wo, Ww, Ww, Ww, Ww, Ww, Wo, Wo, Wo, Ww, Ww, Ww, Wo, Wo, Wo, Ww, Ww, Ww, Ww, Ww, Ww, Ww, Ww, Ww, Ww, Ww, Wo, Ww, Ww, Wo, Wo, Ww, Wo, Ww, Ww, Wo, Wo, Wo
