_off^_usr, _off^_usr, _off^_usr, _off^_usr, _off^_usr, _off^_usr, _off^_usr, _off^_usr, _off^_usr, _off^_usr, _off^_usr, _off^_usr, _off^_usr, _off^_usr, _off^_usr, _off^_usr, _off^_usr, _off^_usr, Wo, Wo, Wo, Wo, Wo, Wo, Ww, Wo, Ww, Ww, Wo, Wo, Ww, Ww, Ww, Ww, Wo, Ww, Ww, Wo, Ww, Ww, Wo, Wo, Wo, Wo
_off^_usr, _off^_usr, _off^_usr, _off^_usr, _off^_usr, _off^_usr, _off^_usr, _off^_usr, _off^_usr, _off^_usr, _off^_usr, _off^_usr, _off^_usr, _off^_usr, _off^_usr, _off^_usr, _off^_usr, _off^_usr, Wo, Wo, Wo, Wo, Ww, Wo, Ww, Ww, Ww, Ww, Ww, Wo, Wo, Ww, Ww, Ww, Ww, Ww, Ww, Ww, Ww, Wo, Ww, Wo, Ww, Wo
_off^_usr, _off^_usr, _off^_usr, _off^_usr, _off^_usr, Ww^ZBw|, _off^_usr, _off^_usr, _off^_usr, _off^_usr, _off^_usr, _off^_usr, _off^_usr, _off^_usr, _off^_usr, _off^_usr, _off^_usr, _off^_usr, Wo, Wo, Ww, Wo, Wo, Ww, Wwf, Ww, Ds, Ww, Ww, Ww, Ww, Ww, Wo, Ww, Ww, Ww, Ds, Ww, Ww, Ww, Wo, Ww, Ww, Ww
_off^_usr, _off^_usr, _off^_usr, _off^_usr, _off^_usr, _off^_usr, _off^_usr, _off^_usr, _off^_usr, _off^_usr, _off^_usr, _off^_usr, _off^_usr, _off^_usr, _off^_usr, _off^_usr, _off^_usr, _off^_usr, Wo, Ww, Ww, Ww, Ww, Ww, Gs, Gs, Ds, Ww, Gs, Wo, Ww, Wo, Gs^Ft, Gs^Vc, Hh, Wwf, Wwf, Ww, Ww, Ww, Ww, Wo, Wo, Wo
_off^_usr, _off^_usr, _off^_usr, _off^_usr, _off^_usr, 1 _off^_usr, _off^_usr, 2 _off^_usr, _off^_usr, _off^_usr, _off^_usr, _off^_usr, _off^_usr, _off^_usr, _off^_usr, _off^_usr, _off^_usr, _off^_usr, Wo, Wo, Ww, Ww, Ww, Ww, Gs, Gs, Gs, Gs, Gs^Ft, Wwf, Gs, Ds, Xu, Xu, Wwf, Gs, Ds, Ww, Wwf, Ww, Ww, Ww, Ww, Wo
_off^_usr, _off^_usr, _off^_usr, _off^_usr, _off^_usr, _off^_usr, _off^_usr, _off^_usr, _off^_usr, _off^_usr, _off^_usr, _off^_usr, _off^_usr, _off^_usr, _off^_usr, _off^_usr, _off^_usr, _off^_usr, Wo, Wo, Wo, Wo, Ww, Ww, Gs^Ft, Ds, Ww, Gs^Ft, Ww, Wo, Gs, Gs^Ft, Ww, Wwf, Uh^Emf, Xu, Xu, Wwf^Bw/, Wo, Ww, Ww, Wo, Wo, Wo
_off^_usr, _off^_usr, _off^_usr, _off^_usr, _off^_usr, _off^_usr, _off^_usr, _off^_usr, _off^_usr, _off^_usr, _off^_usr, _off^_usr, _off^_usr, _off^_usr, _off^_usr, _off^_usr, _off^_usr, _off^_usr, Wo, Wo, Ww, Wo, Ww, Wwf, Gs, Hh, Ww, Ww, Wo, Wo, Ww, Wwf, Wwf, Ww, Xu, Uu^Vu, Re, Gs, Ds, Ww, Wo, Wo, Ww, Ww
_off^_usr, _off^_usr, _off^_usr, _off^_usr, _off^_usr, _off^_usr, _off^_usr, _off^_usr, _off^_usr, _off^_usr, _off^_usr, _off^_usr, _off^_usr, _off^_usr, _off^_usr, _off^_usr, _off^_usr, _off^_usr, Wo, Wo, Wo, Ww, Ww, Ds, Gs, Ww, Ww, Ww, Ds, Wo, Wwf, Xu, Re, Re, Re, Re, Xu, Gs^Ft, Ds, Ww, Ww, Ww, Ww, Ww
_off^_usr, _off^_usr, _off^_usr, _off^_usr, _off^_usr, _off^_usr, _off^_usr, _off^_usr, _off^_usr, _off^_usr, _off^_usr, _off^_usr, _off^_usr, _off^_usr, _off^_usr, _off^_usr, _off^_usr, _off^_usr, Wo, Ww, Wo, Ww, Ww, Ds, Gs^Ft, Ww^Bw\, Gs, Gs^Vc, Ds, Ww, Ww, Xu, Ur, Re, Ur, Ur, Xu, Hh, Gs^Ft, Wo, Ww, Ww, Wo, Ww
_off^_usr, _off^_usr, _off^_usr, _off^_usr, _off^_usr, _off^_usr, _off^_usr, _off^_usr, _off^_usr, _off^_usr, _off^_usr, _off^_usr, _off^_usr, _off^_usr, _off^_usr, _off^_usr, _off^_usr, _off^_usr, Wo, Ww, Ww, Wo, Ww, Gs^Ft, Hh, Ww, Gs, Ww, Hh, Ww, Gs, Wwf, Xu, Uh, Xu, Uu, Xu, Gd^Vhr, Ww, Ww, Ww, Wo, Ww, Wo
_off^_usr, _off^_usr, _off^_usr, _off^_usr, _off^_usr, _off^_usr, _off^_usr, _off^_usr, _off^_usr, _off^_usr, _off^_usr, _off^_usr, _off^_usr, _off^_usr, _off^_usr, _off^_usr, _off^_usr, _off^_usr, Wo, Wo, Ww, Ww, Ww, Ww, Ww, Ww, Wwf, Xu, Xu, Gs^Ft, Ds, Gs^Dr, Ds, Xu, Xu, Xu, Ww, Ww, Ww, Wo, Wo, Ww, Ww, Ww
_off^_usr, _off^_usr, _off^_usr, _off^_usr, _off^_usr, _off^_usr, _off^_usr, _off^_usr, _off^_usr, _off^_usr, _off^_usr, _off^_usr, _off^_usr, _off^_usr, _off^_usr, _off^_usr, _off^_usr, _off^_usr, Wo, Wo, Wo, Wo, Ww, Ww, Ww, Ww, Ww, Ww, Ww, Ww, Ww, Ww, Ww, Ww, Ww, Ww, Ww, Wo, Ww, Wo, Ww, Wo, Wo, Ww
_off^_usr, _off^_usr, _off^_usr, _off^_usr, _off^_usr, _off^_usr, _off^_usr, _off^_usr, _off^_usr, _off^_usr, _off^_usr, _off^_usr, _off^_usr, _off^_usr, _off^_usr, _off^_usr, _off^_usr, _off^_usr, Wo, Wo, Wo, Wo, Ww, Ww, Wo, Wo, Ww, Ww, Ww, Ww, Ww, Ww, Ww, Ww, Ww, Ww, Ww, Ww, Ww, Ww, Ww, Wo, Ww, Ww
_off^_usr, _off^_usr, _off^_usr, _off^_usr, _off^_usr, _off^_usr, _off^_usr, _off^_usr, _off^_usr, _off^_usr, _off^_usr, _off^_usr, _off^_usr, _off^_usr, _off^_usr, _off^_usr, _off^_usr, _off^_usr, Wo, Wo, Wo, Wo, Ww, Ww, Wo, Wo, Ww, Ww, Ww, Ww, Ww, Ww, Ww, Ww, Ww, Ww, Ww, Ww, Ww, Ww, Ww, Wo, Ww, Ww
_off^_usr, _off^_usr, _off^_usr, _off^_usr, _off^_usr, _off^_usr, _off^_usr, _off^_usr, _off^_usr, _off^_usr, _off^_usr, _off^_usr, _off^_usr, _off^_usr, _off^_usr, _off^_usr, _off^_usr, _off^_usr, Wo, Wo, Wo, Wo, Ww, Ww, Wo, Wo, Ww, Ww, Ww, Ww, Ww, Ww, Ww, Ww, Ww, Ww, Ww, Ww, Ww, Ww, Ww, Wo, Ww, Ww
