_off^_usr, _off^_usr, Qxu, _off^_usr, Qxu, _off^_usr, Qxu, _off^_usr, Qxu, _off^_usr, Qxu, _off^_usr, Qxu, _off^_usr, Qxu, _off^_usr, Qxu, _off^_usr, Qxu, _off^_usr, Qxu, _off^_usr, Qxu, _off^_usr, Qxu, _off^_usr, Qxu, _off^_usr, Qxu, _off^_usr, Qxu, _off^_usr, Qxu, _off^_usr, _off^_usr
Qxu, Qxu, Qxu, Qxu, Qxu, Qxu, Qxu, Qxu, Qxu, Qxu, Qxu, Qxu, Qxu, Qxu, Qxu, Qxu, Qxu, Qxu, Qxu, Qxu, Qxu, Qxu, Qxu, Qxu, Qxu, Qxu, Qxu, Qxu, Qxu, Qxu, Qxu, Qxu, Qxu, Qxu, Qxu
Qxu, Qxu, Qxu, Qxu, Qxu, Qxu, Qxu, Qxu, Qxu, Qxu, Qxu, Qxu, Qxu, Qxu, Qxu, Qxu, Qxu, Qxu, Qxu, Qxu, Qxu, Qxu, Qxu, Qxu, Qxu, Qxu, Qxu, Qxu, Qxu, Qxu, Qxu, Qxu, Qxu, Qxu, Qxu
Qxu, Qxu, Qxu, Qxu, Qxu, Qxu, Qxu, Qxu, Qxu, Qxu, Qxu, Qxu, Qxu, Qxu, Qxu, Qxu, Qxu, Qxu, Qxu, Qxu, Qxu, Qxu, Qxu, Qxu, Qxu, Qxu, Qxu, Qxu, Qxu, Qxu, Qxu, Qxu, Qxu, Qxu, Qxu
Qxu, Qxu, Qxu, Qxu, Qxu, Qxu, Qxu, Qxu, Xoi, Qxu, Xoi, Qxu, Xoi, Qxu, Xoi, Qxu, Xoi, Qxu, Xoi, Qxu, Xoi, Qxu, Xoi, Qxu, Xoi, Qxu, Xoi, Qxu, Qxu, Qxu, Qxu, Qxu, Qxu, Qxu, Qxu
Qxu, Qxu, Qxu, Qxu, Qxu, Qxu, Qxu, Qxu, Xoi, Xoi, Brym, Xoi, Brym, Xoi, Brym, Xoi, Brym, Xoi, Brym, Xoi, Brym, Xoi, Brym, Xoi, Brym, Xoi, Xoi, Qxu, Qxu, Qxu, Qxu, Qxu, Qxu, Qxu, Qxu
Qxu, Qxu, Qxu, Qxu, Qxu, Qxu, Qxu, Xoi, Brym, Brym, Xoi, Brym, Brym, Brym, Xoi, Brym, Brym, Brym, Brym, Brym, Xoi, Brym, Brym, Brym, Xoi, Brym, Brym, Xoi, Qxu, Qxu, Qxu, Qxu, Qxu, Qxu, Qxu
Qxu, Qxu, Qxu, Qxu, Qxu, Qxu, Xoi, Xoi, Brym, Brym, Brym, Brym, Brym, Brym, Brym, Brym, Brym, Brym, Brym, Brym, Brym, Brym, Brym, Brym, Brym, Brym, Brym, Xoi, Xoi, Qxu, Qxu, Qxu, Qxu, Qxu, Qxu
Qxu, Qxu, Qxu, Qxu, Qxu, Qxu, Xoi, Brym, Brym, Brym, Xoi, Brym, Brym, Brym, Xoi, Brym, Brym, Brym, Brym, Brym, Xoi, Brym, Brym, Brym, Xoi, Brym, Brym, Brym, Xoi, Qxu, Qxu, Qxu, Qxu, Qxu, Qxu
Qxu, Qxu, Qxu, Qxu, Qxu, Xoi, Xoi, Beym, Brym, Brym, Brym, Brym, Brym, Brym, Brym, Brym, Brym, Brym, Brym, Brym, Brym, Brym, Brym, Brym, Brym, Brym, Brym, Beym, Xoi, Xoi, Qxu, Qxu, Qxu, Qxu, Qxu
Qxu, Qxu, Qxu, Qxu, Qxu, Qxu, Xoi, Brym, Brym, Brym, Brym, Brym, Xoi, Brym, Brym, Brym, Xoi, Xoi, Xoi, Brym, Brym, Brym, Xoi, Brym, Brym, Brym, Brym, Brym, Xoi, Qxu, Qxu, Qxu, Qxu, Qxu, Qxu
Qxu, Qxu, Qxu, Qxu, Qxu, Qxu, Qxu, Xoi, Brym, Brym, Brym, Brym, Brym, Brym, Brym, Xoi, Beym, Brym, Beym, Xoi, Brym, Brym, Brym, Brym, Brym, Brym, Brym, Xoi, Qxu, Qxu, Qxu, Qxu, Qxu, Qxu, Qxu
Qxu, Qxu, Qxu, Qxu, Qxu, Qxu, Qxu, Xoi, Xoi, Brym, Brym, Brym, Brym, Brym, Brym, Brym, 1 Brym, Brym, 2 Brym, Brym, Brym, Brym, Brym, Brym, Brym, Brym, Xoi, Xoi, Qxu, Qxu, Qxu, Qxu, Qxu, Qxu, Qxu
Qxu, Qxu, Qxu, Qxu, Qxu, Qxu, Qxu, Qxu, Xoi, Xoi, Xoi, Xoi, Xoi, Xoi, Xoi, Xoi, Xoi, Beym, Xoi, Xoi, Xoi, Xoi, Xoi, Xoi, Xoi, Xoi, Xoi, Qxu, Qxu, Qxu, Qxu, Qxu, Qxu, Qxu, Qxu
Qxu, Qxu, Qxu, Qxu, Qxu, Qxu, Qxu, Qxu, Qxu, Qxu, Qxu, Qxu, Qxu, Qxu, Qxu, Qxu, Qxu, Xoi, Qxu, Qxu, Qxu, Qxu, Qxu, Qxu, Qxu, Qxu, Qxu, Qxu, Qxu, Qxu, Qxu, Qxu, Qxu, Qxu, Qxu
Qxu, Qxu, Qxu, Qxu, Qxu, Qxu, Qxu, Qxu, Qxu, Qxu, Qxu, Qxu, Qxu, Qxu, Qxu, Qxu, Qxu, Qxu, Qxu, Qxu, Qxu, Qxu, Qxu, Qxu, Qxu, Qxu, Qxu, Qxu, Qxu, Qxu, Qxu, Qxu, Qxu, Qxu, Qxu
Qxu, Qxu, Qxu, Qxu, Qxu, Qxu, Qxu, Qxu, Qxu, Qxu, Qxu, Qxu, Qxu, Qxu, Qxu, Qxu, Qxu, Qxu, Qxu, Qxu, Qxu, Qxu, Qxu, Qxu, Qxu, Qxu, Qxu, Qxu, Qxu, Qxu, Qxu, Qxu, Qxu, Qxu, Qxu
Qxu, Qxu, Qxu, Qxu, Qxu, Qxu, Qxu, Qxu, Qxu, Qxu, Qxu, Qxu, Qxu, Qxu, Qxu, Qxu, Qxu, Qxu, Qxu, Qxu, Qxu, Qxu, Qxu, Qxu, Qxu, Qxu, Qxu, Qxu, Qxu, Qxu, Qxu, Qxu, Qxu, Qxu, Qxu
