_off^_usr, _off^_usr, _off^_usr, _off^_usr, _off^_usr, _off^_usr, _off^_usr, _off^_usr, _off^_usr, _off^_usr, _off^_usr, _off^_usr, _off^_usr, _off^_usr, _off^_usr, _off^_usr, _off^_usr, _off^_usr, Wo, Wo, Wo, Wo, Wo, Wo, Wo, Wo, Wo, Wo, Wo, Wo, Wo, Wo, Wo, Wo, Wo, Wo, Wo, Wo, Wo, Wo, Wo, Wo, Wo, Wo, Wo, Wo, Wo, Wo, Wo, Wo, Wo, Wo, Wo, Wo, Wo
_off^_usr, _off^_usr, _off^_usr, _off^_usr, _off^_usr, _off^_usr, _off^_usr, _off^_usr, _off^_usr, _off^_usr, _off^_usr, _off^_usr, _off^_usr, _off^_usr, _off^_usr, _off^_usr, _off^_usr, _off^_usr, Wo, Wo, Wo, Wo, Wo, Wo, Wo, Wo, Wo, Wo, Wo, Wo, Wo, Wo, Xue, Wo, Xue, Wo, Xue, Wo, Wo, Wo, Wo, Wo, Wo, Wo, Wo, Wo, Wo, Wo, Wo, Wo, Wo, Wo, Wo, Wo, Wo
_off^_usr, _off^_usr, _off^_usr, _off^_usr, _off^_usr, _off^_usr, _off^_usr, _off^_usr, _off^_usr, _off^_usr, _off^_usr, _off^_usr, _off^_usr, _off^_usr, _off^_usr, _off^_usr, _off^_usr, _off^_usr, Wo, Wo, Wo, Wo, Wo, Wo, Xue, Xue, Xue, Wo, Xue, Wo, Xue, Xue, Xue, Wo, Xue, Xue, Xue, Xue, Xue, Xue, Xue, Xue, Xue, Wo, Xue, Wo, Wo, Wo, Wo, Wo, Wo, Wo, Wo, Wo, Wo
_off^_usr, _off^_usr, _off^_usr, _off^_usr, _off^_usr, _off^_usr, _off^_usr, _off^_usr, _off^_usr, _off^_usr, _off^_usr, _off^_usr, _off^_usr, _off^_usr, _off^_usr, _off^_usr, _off^_usr, _off^_usr, Wo, Wo, Wo, Wo, Xue, Xue, Xue, Xue, Xue, Xue, Xue, Xue, Xue, Xue, Xue, Xue, Xue, Xue, Xue, Xue, Xue, Xue, Xue, Xue, Xue, Xue, Xue, Xue, Ww, Wo, Ww, Wo, Xue, Wo, Wo, Wo, Wo
_off^_usr, _off^_usr, _off^_usr, _off^_usr, _off^_usr, _off^_usr, _off^_usr, _off^_usr, _off^_usr, _off^_usr, _off^_usr, _off^_usr, _off^_usr, _off^_usr, _off^_usr, _off^_usr, _off^_usr, _off^_usr, Wo, Wo, Wo, Wo, Wo, Wo, Xue, Xue, Xue, Xue, Xue, Xue, Xue, Xue, Xue, Xue, Xue, Xue, Xue, Xue, Xue, Xue, Xue, Xue, Xue, Xue, Xue, Xue, Ww, Ww, Xue, Xue, Xue, Xue, Wo, Wo, Wo
_off^_usr, _off^_usr, _off^_usr, _off^_usr, _off^_usr, _off^_usr, _off^_usr, _off^_usr, _off^_usr, _off^_usr, _off^_usr, _off^_usr, _off^_usr, _off^_usr, _off^_usr, _off^_usr, _off^_usr, _off^_usr, Wo, Wo, Wo, Wo, Xue, Xue, Xue, Xue, Xue, Xue, Xue, Ww, Xue, Xue, Xue, Xue, Xue, Xue, Xue, Xue, Xue, Xue, Xue, Xue, Xue, Xue, Xue, Ww, Xue, Xue, Xue, Xue, Xue, Xue, Wo, Wo, Wo
_off^_usr, _off^_usr, _off^_usr, _off^_usr, _off^_usr, _off^_usr, _off^_usr, _off^_usr, _off^_usr, _off^_usr, _off^_usr, _off^_usr, _off^_usr, _off^_usr, _off^_usr, _off^_usr, _off^_usr, _off^_usr, Wo, Wo, Wo, Xue, Xue, Xue, Xue, Xue, Xue, Xue, Xue, Xue, Xue, Xue, Xue, Xue, Xue, Xue, Xue, Xue, Xue, Xue, Xue, Xue, Ww, Xue, Ww, Ww, Xue, Xue, Xue, Xue, Xue, Xue, Xue, Wo, Wo
_off^_usr, _off^_usr, _off^_usr, _off^_usr, _off^_usr, _off^_usr, _off^_usr, _off^_usr, _off^_usr, _off^_usr, _off^_usr, _off^_usr, _off^_usr, _off^_usr, _off^_usr, _off^_usr, _off^_usr, _off^_usr, Wo, Wo, Wo, Xue, Xue, Xue, Xue, Xue, Xue, Xue, Xue, Xue, Xue, Xue, Xue, Xue, Xue, Xue, Xue, Xue, Ww, Ww, Ww, Ww, Ww, Ww, Xue, Xue, Xuc, Xue, Wwf, Xue, Xue, Xue, Wo, Wo, Wo
_off^_usr, _off^_usr, _off^_usr, _off^_usr, _off^_usr, _off^_usr, _off^_usr, _off^_usr, _off^_usr, _off^_usr, _off^_usr, _off^_usr, _off^_usr, _off^_usr, _off^_usr, _off^_usr, _off^_usr, _off^_usr, Wo, Wo, Wo, Wo, Ww, Xue, Xue, Xue, Xue, Xue, Xue, Xue, Xue, Xue, Xue, Xue, Ww, Xue, Ww, Ww, Xue, Ww, Xue, Xue, Xue, Xue, Xuc, Xuc, Ker, Xuc, Xuc, Xue, Xue, Xue, Wo, Wo, Wo
_off^_usr, _off^_usr, _off^_usr, _off^_usr, _off^_usr, _off^_usr, _off^_usr, _off^_usr, _off^_usr, _off^_usr, _off^_usr, _off^_usr, _off^_usr, _off^_usr, _off^_usr, _off^_usr, _off^_usr, _off^_usr, Wo, Wo, Wo, Wo, Ww, Xue, Xue, Xue, Xue, Xue, Xue, Xue, Xue, Xue, Ww, Ww, Xue, Ww, Xue, Xue, Xue, Xue, Xue, Xue, Xue, Xuc, Ker, Cer, Urb, Cer, Cer, Xuc, Xue, Xue, Xue, Wo, Wo
_off^_usr, _off^_usr, _off^_usr, _off^_usr, _off^_usr, _off^_usr, _off^_usr, _off^_usr, _off^_usr, _off^_usr, _off^_usr, _off^_usr, _off^_usr, _off^_usr, _off^_usr, _off^_usr, _off^_usr, _off^_usr, Wo, Wo, Wo, Wo, Xue, Xue, Xue, Xue, Xue, Xue, Ww, Xue, Ww, Ww, Xue, Xue, Xue, Xue, Xue, Xue, Xue, Xue, Rb^Dr, Xue, Xue, Xue, Urb, Urb, 1 Urb, 2 Urb, Urb, Xuc, Xue, Xue, Xue, Wo, Wo
_off^_usr, _off^_usr, _off^_usr, _off^_usr, _off^_usr, _off^_usr, _off^_usr, _off^_usr, _off^_usr, _off^_usr, _off^_usr, _off^_usr, _off^_usr, _off^_usr, _off^_usr, _off^_usr, _off^_usr, _off^_usr, Wo, Wo, Wo, Ww, Ww, Xue, Ww, Ww, Ww, Ww, Ww, Ww, Xue, Xue, Xue, Xue, Sm, Xue, Xue, Xue, Rb^Edt, Re^Fdw, Uue^Ufi, Re, Rb^Edb, Urb^Pr\o, Xue, Urb, Urb, Cer, Xuc, Xue, Xue, Xue, Xue, Wo, Wo
_off^_usr, _off^_usr, _off^_usr, _off^_usr, _off^_usr, _off^_usr, _off^_usr, _off^_usr, _off^_usr, _off^_usr, _off^_usr, _off^_usr, _off^_usr, _off^_usr, _off^_usr, _off^_usr, _off^_usr, _off^_usr, Wo, Wo, Wo, Ww, Xue, Ww, Xue, Xue, Xue, Xue, Xue, Xue, Xue, Xue, Uh^Ii, Rb^Edb, Ur^Ii, Uue^Uf, Rb^Pr/o, Xue, Uue^Fdw, Re^Ii, Xuc, Ur^Ii, Rb^Fdw, Rb, Re^Es, Xue, Xuc, Xuc, Xue, Xue, Xue, Xue, Xue, Wo, Wo
_off^_usr, _off^_usr, _off^_usr, _off^_usr, _off^_usr, _off^_usr, _off^_usr, _off^_usr, _off^_usr, _off^_usr, _off^_usr, _off^_usr, _off^_usr, _off^_usr, _off^_usr, _off^_usr, _off^_usr, _off^_usr, Wo, Wo, Wo, Xue, Xue, Xue, Xue, Xue, Xuc, Xuc, Xuc, Xue, Re^Dr, Rb^Fdw, Xue, Uue^Edb, Sm, Xue, Xue, Rb^Edb, Sm^Es, Re^Ii, Uh^Ii, Rb^Ii, Xue, Xue, Uue, Xue, Xue, Xue, Xue, Xue, Xue, Xue, Xue, Wo, Wo
_off^_usr, _off^_usr, _off^_usr, _off^_usr, _off^_usr, _off^_usr, _off^_usr, _off^_usr, _off^_usr, _off^_usr, _off^_usr, _off^_usr, _off^_usr, _off^_usr, _off^_usr, _off^_usr, _off^_usr, _off^_usr, Wo, Wo, Wo, Xue, Xue, Xue, Xue, Xue, Xuc, Uue, Uue^Pr/, Xuc, Rb^Ii, Xue, Rb^Ii, Re^Ii, Xue, Rb^Fdw, Uue^Edt, Xue, Rb^Pr\o, Sm, Re^Fdw, Re^Edt, Xue, Xue, Uu^Uf, Xue, Xue, Ww, Xue, Xue, Xue, Xue, Wo, Wo, Wo
_off^_usr, _off^_usr, _off^_usr, _off^_usr, _off^_usr, _off^_usr, _off^_usr, _off^_usr, _off^_usr, _off^_usr, _off^_usr, _off^_usr, _off^_usr, _off^_usr, _off^_usr, _off^_usr, _off^_usr, _off^_usr, Wo, Wo, Wo, Xue, Xue, Xue, Xue, Xue, Xue, Xuc, Uue^Uf, Re^Edb, Rb^Ii, Sm, Rb^Dr, Cer^Ii, Xue, Xue, Rb^Ufi, Rb^Edt, Uue, Xue, Xue, Rb, Sm^Ii, Ur^Dr, Xue, Xue, Xue, Xue, Xue, Xue, Xue, Xue, Xue, Wo, Wo
_off^_usr, _off^_usr, _off^_usr, _off^_usr, _off^_usr, _off^_usr, _off^_usr, _off^_usr, _off^_usr, _off^_usr, _off^_usr, _off^_usr, _off^_usr, _off^_usr, _off^_usr, _off^_usr, _off^_usr, _off^_usr, Wo, Wo, Wo, Wo, Xue, Xue, Xue, Xue, Xue, Xuc, Xue, Xue, Re^Uf, Xue, Xue, Rb^Edb, Uh^Ii, Re^Fdw, Sm, Ur^Ii, Xue, Xue, Rb^Es, Uh^Ii, Xue, Xue, Xue, Xue, Xue, Xue, Xue, Xue, Xue, Xue, Xue, Wo, Wo
_off^_usr, _off^_usr, _off^_usr, _off^_usr, _off^_usr, _off^_usr, _off^_usr, _off^_usr, _off^_usr, _off^_usr, _off^_usr, _off^_usr, _off^_usr, _off^_usr, _off^_usr, _off^_usr, _off^_usr, _off^_usr, Wo, Wo, Wo, Xue, Xue, Xue, Xue, Xue, Xue, Xue, Ww, Xue, Xue, Uue^Uf, Rb^Ii, Re^Es, Rb^Fdw, Xue, Re^Edt, Xue, Rb^Pr\o, Uh^Uf, Xuc, Xuc, Xuc, Xue, Xue, Xue, Xue, Xue, Xue, Xue, Xue, Xue, Xue, Wo, Wo
_off^_usr, _off^_usr, _off^_usr, _off^_usr, _off^_usr, _off^_usr, _off^_usr, _off^_usr, _off^_usr, _off^_usr, _off^_usr, _off^_usr, _off^_usr, _off^_usr, _off^_usr, _off^_usr, _off^_usr, _off^_usr, Wo, Wo, Xue, Xue, Xue, Xue, Xue, Xue, Xue, Xue, Xue, Ww, Ww, Xue, Xue, Xue, Rb^Edb, Uue^Dr, Xue, Re^Es, Uue^Fdw, Xuc, Xuc, Uue, Uue, Xuc, Xuc, Xue, Xue, Xue, Xue, Xue, Xue, Ww, Xue, Wo, Wo
_off^_usr, _off^_usr, _off^_usr, _off^_usr, _off^_usr, _off^_usr, _off^_usr, _off^_usr, _off^_usr, _off^_usr, _off^_usr, _off^_usr, _off^_usr, _off^_usr, _off^_usr, _off^_usr, _off^_usr, _off^_usr, Wo, Wo, Wo, Xue, Xue, Xue, Xue, Xue, Xue, Xue, Xue, Xue, Ww, Xue, Xue, Xue, Xue, Xue, Xue, Xue, Xue, Xue, Xuc, Xuc, Uue, Uue, Xuc, Xue, Xue, Xue, Xue, Xue, Xue, Ww, Xue, Wo, Wo
_off^_usr, _off^_usr, _off^_usr, _off^_usr, _off^_usr, _off^_usr, _off^_usr, _off^_usr, _off^_usr, _off^_usr, _off^_usr, _off^_usr, _off^_usr, _off^_usr, _off^_usr, _off^_usr, _off^_usr, _off^_usr, Wo, Wo, Wo, Xue, Xue, Xue, Xue, Xue, Xue, Xue, Xue, Xue, Xue, Xue, Xue, Xue, Xue, Xue, Xue, Xue, Xue, Xue, Xuc, Uue, Cer, Uue, Xuc, Xue, Xue, Xue, Xue, Xue, Xue, Xue, Wo, Wo, Wo
_off^_usr, _off^_usr, _off^_usr, _off^_usr, _off^_usr, _off^_usr, _off^_usr, _off^_usr, _off^_usr, _off^_usr, _off^_usr, _off^_usr, _off^_usr, _off^_usr, _off^_usr, _off^_usr, _off^_usr, _off^_usr, Wo, Wo, Wo, Wo, Xue, Xue, Xue, Xue, Xue, Xue, Xue, Xue, Xue, Xue, Xue, Xue, Xue, Xue, Xue, Xue, Xue, Xue, Xue, Xuc, Xuc, Xuc, Xue, Xue, Xue, Xue, Xue, Ww, Ww, Xue, Wo, Wo, Wo
_off^_usr, _off^_usr, _off^_usr, _off^_usr, _off^_usr, _off^_usr, _off^_usr, _off^_usr, _off^_usr, _off^_usr, _off^_usr, _off^_usr, _off^_usr, _off^_usr, _off^_usr, _off^_usr, _off^_usr, _off^_usr, Wo, Wo, Wo, Xue, Xue, Xue, Ww, Ww, Xue, Xue, Xue, Xue, Xue, Xue, Xue, Ww, Xue, Xue, Xue, Xue, Xue, Xue, Xue, Xue, Xue, Xue, Xue, Xue, Xue, Xue, Xue, Xue, Wo, Wo, Wo, Wo, Wo
_off^_usr, _off^_usr, _off^_usr, _off^_usr, _off^_usr, _off^_usr, _off^_usr, _off^_usr, _off^_usr, _off^_usr, _off^_usr, _off^_usr, _off^_usr, _off^_usr, _off^_usr, _off^_usr, _off^_usr, _off^_usr, Wo, Wo, Wo, Wo, Xue, Xue, Ww, Xue, Xue, Xue, Xue, Xue, Xue, Xue, Xue, Xue, Xue, Xue, Xue, Xue, Xue, Xue, Wo, Xue, Xue, Xue, Wo, Xue, Wo, Wo, Wo, Wo, Wo, Wo, Wo, Wo, Wo
_off^_usr, _off^_usr, _off^_usr, _off^_usr, _off^_usr, _off^_usr, _off^_usr, _off^_usr, _off^_usr, _off^_usr, _off^_usr, _off^_usr, _off^_usr, _off^_usr, _off^_usr, _off^_usr, _off^_usr, _off^_usr, Wo, Wo, Wo, Wo, Wo, Wo, Wo, Wo, Wo, Xue, Wo, Wo, Wo, Wo, Wo, Wo, Wo, Xue, Wo, Wo, Wo, Wo, Wo, Wo, Wo, Wo, Wo, Wo, Wo, Wo, Wo, Wo, Wo, Wo, Wo, Wo, Wo
_off^_usr, _off^_usr, _off^_usr, _off^_usr, _off^_usr, _off^_usr, _off^_usr, _off^_usr, _off^_usr, _off^_usr, _off^_usr, _off^_usr, _off^_usr, _off^_usr, _off^_usr, _off^_usr, _off^_usr, _off^_usr, Wo, Wo, Wo, Wo, Wo, Wo, Wo, Wo, Wo, Wo, Wo, Wo, Wo, Wo, Wo, Wo, Wo, Wo, Wo, Wo, Wo, Wo, Wo, Wo, Wo, Wo, Wo, Wo, Wo, Wo, Wo, Wo, Wo, Wo, Wo, Wo, Ww
