_off^_usr, _off^_usr, _off^_usr, _off^_usr, _off^_usr, _off^_usr, _off^_usr, _off^_usr, _off^_usr, _off^_usr, _off^_usr, _off^_usr, _off^_usr, _off^_usr, _off^_usr, _off^_usr, _off^_usr, _off^_usr, Wo, Wo, Wo, Wo, Wo, Wo, Wo, Wo, Wo, Wo, Wo, Wo, Wo, Wo, Wo, Wo, Wo, Wo, Wo, Wo, Wo, Wo, Wo, Wo, Wo, Wo, Wo, Wo, Wo, Wo, Wo, Wo, Wo, Wo, Wo, Wo, Wo
_off^_usr, _off^_usr, _off^_usr, _off^_usr, _off^_usr, _off^_usr, _off^_usr, _off^_usr, _off^_usr, _off^_usr, _off^_usr, _off^_usr, _off^_usr, _off^_usr, _off^_usr, _off^_usr, _off^_usr, _off^_usr, Wo, Wo, Wo, Wo, Wo, Wo, Wo, Wo, Wo, Wo, Wo, Wo, Wo, Wo, Ww, Ww, Ww, Wo, Ww, Wo, Wo, Wo, Wo, Wo, Wo, Wo, Wo, Wo, Wo, Wo, Wo, Wo, Wo, Wo, Wo, Wo, Wo
_off^_usr, _off^_usr, _off^_usr, _off^_usr, _off^_usr, _off^_usr, _off^_usr, _off^_usr, _off^_usr, _off^_usr, _off^_usr, _off^_usr, _off^_usr, _off^_usr, _off^_usr, _off^_usr, _off^_usr, _off^_usr, Wo, Wo, Wo, Wo, Wo, Wo, Ww, Ww, Ww, Wo, Ww, Wo, Ww, Ww, Ww, Ww, Ds^Fts, Ww, Wwf, Ww, Ww, Ww, Ww, Ww, Ww, Wo, Ww, Wo, Wo, Wo, Wo, Wo, Wo, Wo, Wo, Wo, Wo
_off^_usr, _off^_usr, _off^_usr, _off^_usr, _off^_usr, _off^_usr, _off^_usr, _off^_usr, _off^_usr, _off^_usr, _off^_usr, _off^_usr, _off^_usr, _off^_usr, _off^_usr, _off^_usr, _off^_usr, _off^_usr, Wo, Wo, Wo, Wo, Ww, Ww, Ww, Ww, Wwf, Ww, Wwf, Ww, Ds^Fts, Ds^Fts, Md, Md, Rd^Fts, Md, Md, Ds, Ds, Ww, Wwf, Ww, Ww, Ww, Ww, Ww, Ww, Wo, Ww, Wo, Ww, Ww, Ww, Wo, Wo
_off^_usr, _off^_usr, _off^_usr, _off^_usr, _off^_usr, _off^_usr, _off^_usr, _off^_usr, _off^_usr, _off^_usr, _off^_usr, _off^_usr, _off^_usr, _off^_usr, _off^_usr, _off^_usr, _off^_usr, _off^_usr, Wo, Wo, Wo, Wo, Wo, Wo, Ww, Wwf, Ds, Wwf, Ds, Ds, Md, Md, Md, Md, Rd, Rd^Fts, Md, Md, Cd, Ds, Ds, Ds, Ds, Ww, Ww, Ww, Ww, Ww, Ww, Ww, Ww, Ww, Wo, Wo, Wo
_off^_usr, _off^_usr, _off^_usr, _off^_usr, _off^_usr, _off^_usr, _off^_usr, _off^_usr, _off^_usr, _off^_usr, _off^_usr, _off^_usr, _off^_usr, _off^_usr, _off^_usr, _off^_usr, _off^_usr, _off^_usr, Wo, Wo, Wo, Wo, Ww, Ww, Ds, Ds, Hhd^Fts, Ds^Fts, Gd^Fts, Ww, Hhd, Md, Rd, Rd, Md, Rd, Rd, Hhd^Fts, Rd^Es, Gd^Fts, Rd^Fts, Ds^Fts, Ds, Ds, Ds, Ww, Ds, Ww, Ww, Ww, Ww, Ww, Wo, Wo, Wo
_off^_usr, _off^_usr, _off^_usr, _off^_usr, _off^_usr, _off^_usr, _off^_usr, _off^_usr, _off^_usr, _off^_usr, _off^_usr, _off^_usr, _off^_usr, _off^_usr, _off^_usr, _off^_usr, _off^_usr, _off^_usr, Wo, Wo, Wo, Ww, Wwf, Ds, Gd^Fts, Gd^Fts, Md, Rd^Fts, Cd, 4 Kd, Cd, Hhd^Vht, Rd, Rd, Rd, Rd, Md, Rd, Md, Rd, Gd^Fts, Gd^Vht, Ww, Ds, Wwf, Ww, Ds, Ds, Ww, Ww, Ww, Ww, Ww, Wo, Wo
_off^_usr, _off^_usr, _off^_usr, _off^_usr, _off^_usr, _off^_usr, _off^_usr, _off^_usr, _off^_usr, _off^_usr, _off^_usr, _off^_usr, _off^_usr, _off^_usr, _off^_usr, _off^_usr, _off^_usr, _off^_usr, Wo, Wo, Wo, Ww, Ds, Ds^Fts, Md, Gd^Vht, Rd, Rd, Rd, Cd, Rd, Rd, Rd, Rd, Md, Md, Gd^Fts, Hhd^Fts, Ww, Rd, Ww, Ww, Ww, Ww, Ds, Ds, Ds^Fts, Ds, Wwf, Ww, Ww, Ww, Wo, Wo, Wo
_off^_usr, _off^_usr, _off^_usr, _off^_usr, _off^_usr, _off^_usr, _off^_usr, _off^_usr, _off^_usr, _off^_usr, _off^_usr, _off^_usr, _off^_usr, _off^_usr, _off^_usr, _off^_usr, _off^_usr, _off^_usr, Wo, Wo, Wo, Wo, Ww, Ds^Fts, Hhd^Fts, Rd, Md, Md, Ds, Rd, Md, Rd^Fts, Rd, Hhd, Ww, Gd^Fts, Wwf, Ww, Gd^Fts, Rd, Rd, Gd^Fts, Rd, Md, Rd^Fts, Cdr, Rp, Ds, Ds^Fts, Ds, Ww, Ww, Wo, Wo, Wo
_off^_usr, _off^_usr, _off^_usr, _off^_usr, _off^_usr, _off^_usr, _off^_usr, _off^_usr, _off^_usr, _off^_usr, _off^_usr, _off^_usr, _off^_usr, _off^_usr, _off^_usr, _off^_usr, _off^_usr, _off^_usr, Wo, Wo, Wo, Wo, Ww, Ds, Gd^Fts, Rd, Rd^Es, Cd, Rd^Fts, Rd^Fts, Gd^Fts, Gd^Fts, Rd, Gd^Fts, Hhd^Fts, Ww, Gd^Fts, Hhd^Fts, Rd^Fts, Hhd^Fts, Rd, Rd, Rd, Rd, Rd, Rd, Rd, Hhd, Hhd^Fts, Ds, Ds, Ww, Ww, Wo, Wo
_off^_usr, _off^_usr, _off^_usr, _off^_usr, _off^_usr, _off^_usr, _off^_usr, _off^_usr, _off^_usr, _off^_usr, _off^_usr, _off^_usr, _off^_usr, _off^_usr, _off^_usr, _off^_usr, _off^_usr, _off^_usr, Wo, Wo, Wo, Wo, Ww, Ds, Ds^Vht, Gd^Fts, Rd, Gd^Fts, Ww, Gd^Fts, Ww, Wwf, Gd^Fts, Rd, Rd, Gd^Fts, Gd^Es, Gd^Fts, Rd, Rd, Rd, Rd, Gd^Fts, Rd, Rd, Rd, Md, Rd^Vht, Wwf, Gd^Fts, Ds, Ww, Ww, Wo, Wo
_off^_usr, _off^_usr, _off^_usr, _off^_usr, _off^_usr, _off^_usr, _off^_usr, _off^_usr, _off^_usr, _off^_usr, _off^_usr, _off^_usr, _off^_usr, _off^_usr, _off^_usr, _off^_usr, _off^_usr, _off^_usr, Wo, Wo, Wo, Ww, Ww, Wwf, Ww, Wwf, Ww, Wwf, Gd^Fts, Ww, Gd^Fts, Hhd^Vht, Rd, Rd, Qxu, Rd, Rd, Hhd, Qxu, Qxu, Qxu^Bp|, Qxu, Qxu, Gd^Vht, Rd, Ds^Fts, Hhd^Fts, Md, Wwf, Rd^Fts, Ds, Ds, Ww, Wo, Wo
_off^_usr, _off^_usr, _off^_usr, _off^_usr, _off^_usr, _off^_usr, _off^_usr, _off^_usr, _off^_usr, _off^_usr, _off^_usr, _off^_usr, _off^_usr, _off^_usr, _off^_usr, _off^_usr, _off^_usr, _off^_usr, Wo, Wo, Wo, Wo, Ww, Ww, Ds, Ds, Gd^Fts, Rd, Rd, Hhd, Rd, Rd^Es, Qxu, Qxu^Bp\, Qxu^Bp\, Qxu, Rd, Rd^Es, Qxu, Qxu, Qxu^Bp\, Qxu, Qxu, Ds, Rd, Rd, Rd, Rd, Ds, Gd^Fts, Ds^Fts, Ww, Ww, Wo, Wo
_off^_usr, _off^_usr, _off^_usr, _off^_usr, _off^_usr, _off^_usr, _off^_usr, _off^_usr, _off^_usr, _off^_usr, _off^_usr, _off^_usr, _off^_usr, _off^_usr, _off^_usr, _off^_usr, _off^_usr, _off^_usr, Wo, Wo, Wo, Ww, Ww, Ds, Rd^Fts, Gd^Fts, Md, Md, Hhd, Rd, Rd, Qxu, Rd^Fts, Qxu, Rd, Rd, Hhd, Qxu, Qxu^Bp/, Qxu^Bp/, Qxu, Qxu^Bp\, Rd, Rd, Hhd^Fts, Ds^Fts, Rd, Rd^Es, Hhd^Fts, Hhd^Fts, Ds, Ds, Ww, Wo, Wo
_off^_usr, _off^_usr, _off^_usr, _off^_usr, _off^_usr, _off^_usr, _off^_usr, _off^_usr, _off^_usr, _off^_usr, _off^_usr, _off^_usr, _off^_usr, _off^_usr, _off^_usr, _off^_usr, _off^_usr, _off^_usr, Wo, Wo, Wo, Ww, Ds, Ds^Fts, Rd^Fts, Rd^Fts, Hhd^Fts, Hhd^Fts, Rd, Rd, Qxu, Rd, Qxu, Qxu, Rd, Qxu, Qxu, Rd^Es, Qxu, Qxu, Qxu, Qxu, Rd, Rd^Es, Rd, Rd, Rd, Ww, Gd^Fts, Md, Wwf, Ww, Wo, Wo, Wo
_off^_usr, _off^_usr, _off^_usr, _off^_usr, _off^_usr, _off^_usr, _off^_usr, _off^_usr, _off^_usr, _off^_usr, _off^_usr, _off^_usr, _off^_usr, _off^_usr, _off^_usr, _off^_usr, _off^_usr, _off^_usr, Wo, Wo, Wo, Ww, Ds, Ds^Fts, Rd^Fts, Gd^Vht, Hhd, Hhd, Rd, Rd, Qxu, Qxu^Bp|, Qxu, Qxu, Rd, Rd^Vht, Qxu, Qxu^Bp|, Qxu, Rd, Rd, Rd, Qxu, Rd, Rd, Rd^Vht, Rd, Gd^Fts, Cdr, Cdr, Md, Ww, Ww, Wo, Wo
_off^_usr, _off^_usr, _off^_usr, _off^_usr, _off^_usr, _off^_usr, _off^_usr, _off^_usr, _off^_usr, _off^_usr, _off^_usr, _off^_usr, _off^_usr, _off^_usr, _off^_usr, _off^_usr, _off^_usr, _off^_usr, Wo, Wo, Wo, Ww, Ww, Ds^Fts, Ds^Fts, Gd, Cdr, Gd^Es, Gd^Fts, Rd, Qxu, Hhd, Hhd, Qxu^Bp/, Qxu, Rd, Qxu, Qxu^Bp|, Rd, Rd, Rd, Qxu, Rd, Rd, Rd, Md, 3 Gd^Fts, Rd, Rd^Es, Kdr, Hhd^Fts, Hhd^Fts, Ww, Wo, Wo
_off^_usr, _off^_usr, _off^_usr, _off^_usr, _off^_usr, _off^_usr, _off^_usr, _off^_usr, _off^_usr, _off^_usr, _off^_usr, _off^_usr, _off^_usr, _off^_usr, _off^_usr, _off^_usr, _off^_usr, _off^_usr, Wo, Wo, Wo, Ww, Ww, Ds, Ds^Fts, Gd^Fts, Rd, Rp, Ww, Rd, Rd, Qxu, Qxu, Qxu, Rd, Rd^Es, Qxu, Rd, Gd^Gvs, Gd^Fts, Gd^Fts, Rd, Hhd^Fts, Hhd, Rd, Rd, Rd, Rd, Rd, Rd, 1 Rd, Md, Ww, Wo, Wo
_off^_usr, _off^_usr, _off^_usr, _off^_usr, _off^_usr, _off^_usr, _off^_usr, _off^_usr, _off^_usr, _off^_usr, _off^_usr, _off^_usr, _off^_usr, _off^_usr, _off^_usr, _off^_usr, _off^_usr, _off^_usr, Wo, Wo, Wo, Ww, Ww, Ds, Ds, Rd, Gd^Es, Rd^Es, Gd^Fts, Gd^Fts, Gd^Fts, Rd, Rd, Rd, Rd, Qxu, Rd, Rd, Rd, Hhd^Fts, Rd, Gd^Vht, Rd, Rd, Gd^Gvs, Md, Gd^Es, Rd, Rd, Rd^Es, Wwf, Wo, Ww, Wo, Wo
_off^_usr, _off^_usr, _off^_usr, _off^_usr, _off^_usr, _off^_usr, _off^_usr, _off^_usr, _off^_usr, _off^_usr, _off^_usr, _off^_usr, _off^_usr, _off^_usr, _off^_usr, _off^_usr, _off^_usr, _off^_usr, Wo, Wo, Wo, Ww, Ww, Ds, Ds, Ds^Fts, Gd^Fts, Rd, Ds, Rd^Vht, Ww, Rd, Cdr, Md, Hhd^Fts, Rd, Rd, Rd^Es, Gd^Gvs, Rd, Gd^Gvs, Rd, Cdr, Gd^Fts, Kdr, Gd^Gvs, Gd^Fts, Gd^Fts, Md, 2 Rd, Ww, Wo, Ww, Wo, Wo
_off^_usr, _off^_usr, _off^_usr, _off^_usr, _off^_usr, _off^_usr, _off^_usr, _off^_usr, _off^_usr, _off^_usr, _off^_usr, _off^_usr, _off^_usr, _off^_usr, _off^_usr, _off^_usr, _off^_usr, _off^_usr, Wo, Wo, Wo, Ww, Ww, Ww, Ww, Ds, Ds, Rd, Rd, Gd^Gvs, Gd^Gvs, Rd, Rp, Kdr, Ds^Vht, Gd^Fts, Gd^Gvs, Gd^Gvs, Gd^Wm, Gd^Gvs, Ds, Gd^Fts, Gd^Fts, Cdr, Ds^Fts, Gd^Fts, Ds, Ds, Ww, Ww, Ww, Ww, Wo, Wo, Wo
_off^_usr, _off^_usr, _off^_usr, _off^_usr, _off^_usr, _off^_usr, _off^_usr, _off^_usr, _off^_usr, _off^_usr, _off^_usr, _off^_usr, _off^_usr, _off^_usr, _off^_usr, _off^_usr, _off^_usr, _off^_usr, Wo, Wo, Wo, Wo, Ww, Ww, Ww, Ds, Wwf, Ds^Fts, Ds^Fts, Rd^Es, Rd, Rd, Gd^Fts, Gd^Fts, Md, Gd^Fts, Ds, Ds, Ds, Ds, Ww, Ds, Ds, Ds, Ds, Ds, Ww, Ww, Ww, Ww, Ww, Ww, Wo, Wo, Wo
_off^_usr, _off^_usr, _off^_usr, _off^_usr, _off^_usr, _off^_usr, _off^_usr, _off^_usr, _off^_usr, _off^_usr, _off^_usr, _off^_usr, _off^_usr, _off^_usr, _off^_usr, _off^_usr, _off^_usr, _off^_usr, Wo, Wo, Wo, Ww, Ww, Ww, Ww, Ww, Ww, Wwf, Ww, Ds, Md, Gd^Fts, Ww, Wwf, Ww, Ds, Ww, Ww, Ww, Ds, Ww, Ww, Ww, Ww, Ww, Ww, Ww, Ww, Ww, Ww, Wo, Wo, Wo, Wo, Wo
_off^_usr, _off^_usr, _off^_usr, _off^_usr, _off^_usr, _off^_usr, _off^_usr, _off^_usr, _off^_usr, _off^_usr, _off^_usr, _off^_usr, _off^_usr, _off^_usr, _off^_usr, _off^_usr, _off^_usr, _off^_usr, Wo, Wo, Wo, Wo, Wo, Ww, Ww, Ww, Ww, Ww, Ww, Ww, Ww, Ww, Ww, Ww, Ww, Ww, Ww, Ww, Ww, Ww, Wo, Ww, Ww, Ww, Wo, Ww, Wo, Ww, Wo, Wo, Wo, Wo, Wo, Wo, Wo
_off^_usr, _off^_usr, _off^_usr, _off^_usr, _off^_usr, _off^_usr, _off^_usr, _off^_usr, _off^_usr, _off^_usr, _off^_usr, _off^_usr, _off^_usr, _off^_usr, _off^_usr, _off^_usr, _off^_usr, _off^_usr, Wo, Wo, Wo, Wo, Wo, Wo, Wo, Ww, Wo, Ww, Wo, Wo, Wo, Ww, Wo, Wo, Wo, Ww, Wo, Wo, Wo, Wo, Wo, Wo, Wo, Wo, Wo, Wo, Wo, Wo, Wo, Wo, Wo, Wo, Wo, Wo, Wo
_off^_usr, _off^_usr, _off^_usr, _off^_usr, _off^_usr, _off^_usr, _off^_usr, _off^_usr, _off^_usr, _off^_usr, _off^_usr, _off^_usr, _off^_usr, _off^_usr, _off^_usr, _off^_usr, _off^_usr, _off^_usr, Wo, Wo, Wo, Wo, Wo, Wo, Wo, Wo, Wo, Wo, Wo, Wo, Wo, Wo, Wo, Wo, Wo, Wo, Wo, Wo, Wo, Wo, Wo, Wo, Wo, Wo, Wo, Wo, Wo, Wo, Wo, Wo, Wo, Wo, Wo, Wo, Ww
