_off^_usr, _off^_usr, _off^_usr, _off^_usr, _off^_usr, _off^_usr, _off^_usr, _off^_usr, _off^_usr, _off^_usr, _off^_usr, _off^_usr, _off^_usr, _off^_usr, _off^_usr, _off^_usr, _off^_usr, _off^_usr, Wo, Wo, Wo, Wo, Wo, Ww, Ww, Ww, Ww, Wo, Wo, Wo, Wo, Wwr, Wwr, Wo, Wo, Wo, Wo, Wo, Wo, Wo, Wo, Wo, Wo, Wo
_off^_usr, _off^_usr, _off^_usr, _off^_usr, _off^_usr, _off^_usr, _off^_usr, _off^_usr, _off^_usr, _off^_usr, _off^_usr, _off^_usr, _off^_usr, _off^_usr, _off^_usr, _off^_usr, _off^_usr, _off^_usr, Wo, Wo, Wo, Wo, Wo, Wo, Ww, Ww, Wo, Ww, Ww, Wo, Wo, Ww, Ww, Wo, Ww, Ww, Ww, Wo, Wo, Wo, Wwr, Wo, Wo, Wo
_off^_usr, _off^_usr, _off^_usr, _off^_usr, _off^_usr, _off^_usr, _off^_usr, _off^_usr, _off^_usr, _off^_usr, _off^_usr, _off^_usr, _off^_usr, _off^_usr, _off^_usr, _off^_usr, _off^_usr, _off^_usr, Wo, Wo, Ww, Ww, Wwr, Wwr, Ww, Ww, Ww, Wo, Ww, Ww, Wo, Ww, Ww, Wo, Ww, Wwr, Wwr, Ww, Ww, Wo, Ww, Wo, Wo, Wo
_off^_usr, _off^_usr, _off^_usr, _off^_usr, _off^_usr, _off^_usr, _off^_usr, _off^_usr, _off^_usr, _off^_usr, _off^_usr, _off^_usr, _off^_usr, _off^_usr, _off^_usr, _off^_usr, _off^_usr, _off^_usr, Wo, Wo, Wo, Ww, Ww, Ww, Ww, Ww, Ww, Ww, Gs^Fds, Ww, Ww, Ww, Ww, Ww, Ww, Ww, Ww, Wo, Ww, Ww, Ww, Ww, Wo, Wo
_off^_usr, _off^_usr, _off^_usr, _off^_usr, _off^_usr, _off^_usr, _off^_usr, _off^_usr, _off^_usr, _off^_usr, _off^_usr, _off^_usr, _off^_usr, _off^_usr, _off^_usr, _off^_usr, _off^_usr, _off^_usr, Ww, Ww, Ww, Ww, Ww, Ww, Mm, Wwf, Gs, Gs^Fds, Gs, Gs, Gs, Ww, Gs^Fds, Ww, Gs^Fds, Ww, Ww, Ww, Ww, Wo, Wo, Ww, Ww, Ww
_off^_usr, _off^_usr, _off^_usr, _off^_usr, _off^_usr, _off^_usr, _off^_usr, _off^_usr, _off^_usr, _off^_usr, _off^_usr, _off^_usr, _off^_usr, _off^_usr, _off^_usr, _off^_usr, _off^_usr, _off^_usr, Ww, Ww, Wo, Ww, Mm, Gs^Fds, Gs^Fds, Gs^Fds, Gs^Fds, Gd, Gll, Gs^Fds, Gd, Gs, Gd, Gs^Uf, Gs, Gs^Fds, Gs^Fds, Ww, Ww, Ww, Ww, Wo, Wo, Ww
_off^_usr, _off^_usr, _off^_usr, _off^_usr, _off^_usr, _off^_usr, _off^_usr, _off^_usr, _off^_usr, _off^_usr, _off^_usr, _off^_usr, _off^_usr, _off^_usr, _off^_usr, _off^_usr, _off^_usr, _off^_usr, Wo, Ww, Ww, Ww, Gs^Fds, Mm, Mm, Gs^Fds, Gs^Uf, Gd, Gll, Gd, Gd, Gd, Wwf, Gd, Gd, Gs, Gs, Gs, Gs^Uf, Ww, Ww, Ww, Ww, Ww
_off^_usr, _off^_usr, _off^_usr, _off^_usr, _off^_usr, _off^_usr, _off^_usr, _off^_usr, _off^_usr, _off^_usr, _off^_usr, _off^_usr, _off^_usr, _off^_usr, _off^_usr, _off^_usr, _off^_usr, _off^_usr, Wo, Ww, Ww, Ww, Gs^Fds, Gs^Fds, Mm, Gs^Fds, Gs^Uf, Gll, Gd, Gd, Wwf, Wwf, Chr, Wwf, Wwf, Gll, Gll, Gll, Gs, Hh^Fds, Hh^Fds, Ww, Ww, Wo
_off^_usr, _off^_usr, _off^_usr, _off^_usr, _off^_usr, _off^_usr, _off^_usr, _off^_usr, _off^_usr, _off^_usr, _off^_usr, _off^_usr, _off^_usr, _off^_usr, _off^_usr, _off^_usr, _off^_usr, _off^_usr, Wo, Ww, Ww, Wo, Mm, Mm, Mm, Mm, Gs, Gd, Wwf, Wwf, Re^Uf, Gd^Fetd, Rp, Ds^Fdw, Ds^Dr, Wwf, Wwf, Gll, Gs, Gs, Hh, Ww, Ww, Wo
_off^_usr, _off^_usr, _off^_usr, _off^_usr, _off^_usr, _off^_usr, _off^_usr, _off^_usr, _off^_usr, _off^_usr, _off^_usr, _off^_usr, _off^_usr, _off^_usr, _off^_usr, _off^_usr, _off^_usr, _off^_usr, Ww, Wo, Ww, Wo, Gs^Fds, Mm, Mm, Gs^Fds, Gs^Uf, Gd, Wwf, Chr, Rp, Rp, Rp, Rp, Rp, Chr, Wwf, Gll, Wwf, Wwf, Ww, Ww, Wo, Ww
_off^_usr, _off^_usr, _off^_usr, _off^_usr, _off^_usr, _off^_usr, _off^_usr, _off^_usr, _off^_usr, _off^_usr, _off^_usr, _off^_usr, _off^_usr, _off^_usr, _off^_usr, _off^_usr, _off^_usr, _off^_usr, Ww, Ww, Ww, Wo, Gs^Fds, Gs^Fds, Mm, Gs^Fds, Gs^Uf, Gd, Wwf, Ds^Dr, Ds^Dr, Rp, Rp, Rp, Rp, Ds^Fdw, Wwf, 1 Gs, Wwf^Bw\, Ww, Ww, Wo, Wo, Ww
_off^_usr, _off^_usr, _off^_usr, _off^_usr, _off^_usr, _off^_usr, _off^_usr, _off^_usr, _off^_usr, _off^_usr, _off^_usr, _off^_usr, _off^_usr, _off^_usr, _off^_usr, _off^_usr, _off^_usr, _off^_usr, Ww, Wo, Ww, Ww, Mm, Mm, Mm, Mm, Gs, Gd, Wwf, Ds^Fdw, Ds^Dr, Rp, Rp, Rp, Ds^Dr, Ds, Wwf, 2 Gs, Wwf^Bw\, Wo, Ww, Ww, Ww, Ww
_off^_usr, _off^_usr, _off^_usr, _off^_usr, _off^_usr, _off^_usr, _off^_usr, _off^_usr, _off^_usr, _off^_usr, _off^_usr, _off^_usr, _off^_usr, _off^_usr, _off^_usr, _off^_usr, _off^_usr, _off^_usr, Wo, Ww, Ww, Mm, Mm, Mm, Gs^Fds, Gs^Fds, Gs^Uf, Gd, Wwf, Chr, Ds, Rp, Rr^Dr, Rp, Ds, Chr, Wwf, Gs, Wwf, Ww, Ww, Ww, Ww, Ww
_off^_usr, _off^_usr, _off^_usr, _off^_usr, _off^_usr, _off^_usr, _off^_usr, _off^_usr, _off^_usr, _off^_usr, _off^_usr, _off^_usr, _off^_usr, _off^_usr, _off^_usr, _off^_usr, _off^_usr, _off^_usr, Ww, Ww, Ww, Mm, Gs^Fds, Gs^Fds, Mm, Gs^Fds, Gs^Fds, Gd, Gd, Wwf, Wwf, Re^Fdw, Chr, Re^Fdw, Wwf, Wwf, Gd, Gd, Gd, Wwf, Gs, Hh, Wo, Wo
_off^_usr, _off^_usr, _off^_usr, _off^_usr, _off^_usr, _off^_usr, _off^_usr, _off^_usr, _off^_usr, _off^_usr, _off^_usr, _off^_usr, _off^_usr, _off^_usr, _off^_usr, _off^_usr, _off^_usr, _off^_usr, Ww, Wo, Ww, Mm^Uf, Mm, Mm, Mm, Mm, Gs, Gs, Gd, Gd, Gd, Wwf, Wwf, Wwf, Gd, Gd, Gd, Gd, Gd, Gs, Gs^Uf, Hh, Wo, Wo
_off^_usr, _off^_usr, _off^_usr, _off^_usr, _off^_usr, _off^_usr, _off^_usr, _off^_usr, _off^_usr, _off^_usr, _off^_usr, _off^_usr, _off^_usr, _off^_usr, _off^_usr, _off^_usr, _off^_usr, _off^_usr, Wo, Ww, Ww, Mm, Mm, Mm, Gs^Fds, Gs, Gs^Fds, Gll, Gd, Gd, Gd, Gd, Gd, Gd, Gd, Gd, Gs, Gs, Gs, Gs, Gs^Fds, Hh^Fds, Ww, Wo
_off^_usr, _off^_usr, _off^_usr, _off^_usr, _off^_usr, _off^_usr, _off^_usr, _off^_usr, _off^_usr, _off^_usr, _off^_usr, _off^_usr, _off^_usr, _off^_usr, _off^_usr, _off^_usr, _off^_usr, _off^_usr, Wo, Wo, Ww, Ww, Ww, Mm, Gs^Fds, Gs, Gs, Gs, Gs^Fds, Gd, Rd, Gd, Rd, Gd, Gs^Uf, Gd, Gs, Gs^Fds, Ww, Ww, Ww, Ww, Ww, Wo
_off^_usr, _off^_usr, _off^_usr, _off^_usr, _off^_usr, _off^_usr, _off^_usr, _off^_usr, _off^_usr, _off^_usr, _off^_usr, _off^_usr, _off^_usr, _off^_usr, _off^_usr, _off^_usr, _off^_usr, _off^_usr, Wo, Ww, Ww, Ww, Ww, Ww, Ww, Ww, Ww, Gs, Gs, Gs, Gs, Rd, Gs, Gs, Gs^Fds, Hh, Gs^Uf, Ww, Ww, Ww, Wo, Ww, Wo, Wo
_off^_usr, _off^_usr, _off^_usr, _off^_usr, _off^_usr, _off^_usr, _off^_usr, _off^_usr, _off^_usr, _off^_usr, _off^_usr, _off^_usr, _off^_usr, _off^_usr, _off^_usr, _off^_usr, _off^_usr, _off^_usr, Wo, Wo, Ww, Ww, Wo, Ww, Wo, Ww, Ww, Ww, Ww, Gs^Fds, Gs^Fds, Gs, Gs^Fds, Gs^Fds, Gs^Fds, Gs^Fds, Ww, Ww, Ww, Wo, Wo, Wo, Wo, Wo
_off^_usr, _off^_usr, _off^_usr, _off^_usr, _off^_usr, _off^_usr, _off^_usr, _off^_usr, _off^_usr, _off^_usr, _off^_usr, _off^_usr, _off^_usr, _off^_usr, _off^_usr, _off^_usr, _off^_usr, _off^_usr, Wo, Wo, Wo, Wo, Wo, Ww, Wo, Ww, Ww, Ww, Ww, Ww, Ww, Ww, Ww, Gs^Fds, Ww, Ww, Ww, Ww, Ww, Wo, Wo, Wo, Wo, Wo
_off^_usr, _off^_usr, _off^_usr, _off^_usr, _off^_usr, _off^_usr, _off^_usr, _off^_usr, _off^_usr, _off^_usr, _off^_usr, _off^_usr, _off^_usr, _off^_usr, _off^_usr, _off^_usr, _off^_usr, _off^_usr, Wo, Wo, Wo, Wo, Wo, Wo, Wo, Wo, Wo, Wo, Wo, Wo, Wo, Ww, Ww, Ww, Wo, Ww, Wo, Wo, Wo, Wo, Wo, Wo, Wo, Wo
