_off^_usr, _off^_usr, _off^_usr, _off^_usr, _off^_usr, _off^_usr, _off^_usr, _off^_usr, _off^_usr, _off^_usr, _off^_usr, _off^_usr, _off^_usr, _off^_usr, _off^_usr, _off^_usr, _off^_usr, _off^_usr, Ww, Ww, Wo, Wo, Ww, Ww, Ww, Ww, Ww, Ww, Ww, Ww, Ww, Ww, Wo, Ww, Wo, Ww, Ww, Ww, Ww, Ww, Ww, Ww, Ww, Ww, Ww, Ww, Ww, Ww, Ww, Wo, Wo, Wo
_off^_usr, _off^_usr, _off^_usr, _off^_usr, _off^_usr, _off^_usr, _off^_usr, _off^_usr, _off^_usr, _off^_usr, _off^_usr, _off^_usr, _off^_usr, _off^_usr, _off^_usr, _off^_usr, _off^_usr, _off^_usr, Wo, Wo, Wo, Wo, Ww, Ww, Wo, Ww, Ww, Ww, Ww, Ww, Ww, Ww, Wo, Wo, Wo, Wo, Wo, Ww, Ww, Ww, Wo, Ww, Ww, Ww, Ww, Ww, Ww, Ww, Ww, Wo, Ww, Wo
_off^_usr, _off^_usr, _off^_usr, _off^_usr, _off^_usr, _off^_usr, _off^_usr, _off^_usr, _off^_usr, _off^_usr, _off^_usr, _off^_usr, _off^_usr, _off^_usr, _off^_usr, _off^_usr, _off^_usr, _off^_usr, Wo, Wo, Wo, Ww, Ww, Wo, Ww, Wo, Wo, Ww, Wo, Wo, Ww, Ww, Ww, Ww, Ww, Ww, Ww, Wo, Wo, Ww, Ww, Wo, Wo, Ww, Wo, Ww, Wo, Ww, Ww, Ww, Ww, Wo
_off^_usr, _off^_usr, _off^_usr, _off^_usr, _off^_usr, _off^_usr, _off^_usr, _off^_usr, _off^_usr, _off^_usr, _off^_usr, _off^_usr, _off^_usr, _off^_usr, _off^_usr, _off^_usr, _off^_usr, _off^_usr, Ww, Wo, Wwr, Wo, Wwg^Bw\, Ww, Wwr, Wo, Ww, Wo, Ww, Wo, Ww, Wo, Wo, Ww, Wo, Ww, Wo, Ww, Ww, Wo, Ww, Ww, Ww, Wo, Ww, Ww, Ww, Wo, Ww, Ww, Ww, Ww
_off^_usr, _off^_usr, _off^_usr, _off^_usr, _off^_usr, _off^_usr, _off^_usr, _off^_usr, _off^_usr, _off^_usr, _off^_usr, _off^_usr, _off^_usr, _off^_usr, _off^_usr, _off^_usr, _off^_usr, _off^_usr, Ww, Wwf, Wwg^Bw\, Wwf, Ce, 2 Ke, Ce, Ww, Wwf, Ww, Gs^Fds, Ww, Ww, Ww, Ww, Ww, Ww, Ww, Ww, Ww, Ww, Ww, Ww, Ww, Ww, Ww, Wwr, Ww, Ww, Wo, Wo, Ww, Ww, Ww
_off^_usr, _off^_usr, _off^_usr, _off^_usr, _off^_usr, _off^_usr, _off^_usr, _off^_usr, _off^_usr, _off^_usr, _off^_usr, _off^_usr, _off^_usr, _off^_usr, _off^_usr, _off^_usr, _off^_usr, _off^_usr, Ww, Ww^Vm, Ce, 1 Ke, Ce, Ce, Hh, Wwf, Gs^Fds, Gs^Fds, Ww, Wwr, Ww, Ww, Ww, Ww, Ww, Ww, Hh, Ww, Ww, Ww, Ww, Wwr, Ww, Ww, Ww, Wwr, Ww, Ww, Wo, Ww, Ww, Ww
_off^_usr, _off^_usr, _off^_usr, _off^_usr, _off^_usr, _off^_usr, _off^_usr, _off^_usr, _off^_usr, _off^_usr, _off^_usr, _off^_usr, _off^_usr, _off^_usr, _off^_usr, _off^_usr, _off^_usr, _off^_usr, Ww, Hh, Gd, Ce, Gd^Vo, Gd, Gd, Ww, Gs^Fds, Gd^Vo, Gs^Fds, Hh, Hh^Fds, Md, Md, Ww, Md, Md, Md, Hh^Fds, Md, Dd, Dd, Ww, Hh, Ww, Md, Ww, Ww, Ww, Ww, Wo, Wo, Ww
_off^_usr, _off^_usr, _off^_usr, _off^_usr, _off^_usr, _off^_usr, _off^_usr, _off^_usr, _off^_usr, _off^_usr, _off^_usr, _off^_usr, _off^_usr, _off^_usr, _off^_usr, _off^_usr, _off^_usr, _off^_usr, Ww, Dd, Gd, Wo, Gll, Gd, Ww^Ewf, Gd, Gd, Gll, Gd, Gs^Fds, Gd, Md, Gd^Vo, Hh^Fds, Md, Md, Gd, Md, Gs, Gd, Md, Hh, Md, Md, Gd, Dd, Hh, Wwr, Wwr, Wo, Ww, Ww
_off^_usr, _off^_usr, _off^_usr, _off^_usr, _off^_usr, _off^_usr, _off^_usr, _off^_usr, _off^_usr, _off^_usr, _off^_usr, _off^_usr, _off^_usr, _off^_usr, _off^_usr, _off^_usr, _off^_usr, _off^_usr, Ww, Dd, Hh, Gd, Hh, Gll, Gll, Gll, Gll, Gd, Ww, Gd, Hh, Gd, Gd, Gd, Gd, Gd, Gd, Gll, Gd, Gs, Gs, Gs^Fds, Gd, Gll, Gs, Gs^Fds, Md, Hh, Ww, Wwr, Wwr, Ww
_off^_usr, _off^_usr, _off^_usr, _off^_usr, _off^_usr, _off^_usr, _off^_usr, _off^_usr, _off^_usr, _off^_usr, _off^_usr, _off^_usr, _off^_usr, _off^_usr, _off^_usr, _off^_usr, _off^_usr, _off^_usr, Ww, Wwf, Wo, Hh, Ww, Dd, Dd, Ww, Hh, Gs^Fds, Md, Hh, Md, Hh, Md, Hh^Fds, Md, Hh, Md, Hh, Hh, Gll, Re, Gd^Vo, Gs^Emf, Gd, Gd, Hh, Md, Hh^Emf, Ww, Ww, Ww, Ww
_off^_usr, _off^_usr, _off^_usr, _off^_usr, _off^_usr, _off^_usr, _off^_usr, _off^_usr, _off^_usr, _off^_usr, _off^_usr, _off^_usr, _off^_usr, _off^_usr, _off^_usr, _off^_usr, _off^_usr, _off^_usr, Wwf, Wwf, Wo, Ww, Ww^Vm, Ww, Ww, Ww, Ww, Ww, Ww, Md, Md, Md, Wo, Wo, Ww, Md, Wo, Md, Ww, Md, Gd, Gll, Wwf, Ww, Gd, Hh, Md, Md, Dd, Ww, Ww, Ww
_off^_usr, _off^_usr, _off^_usr, _off^_usr, _off^_usr, _off^_usr, _off^_usr, _off^_usr, _off^_usr, _off^_usr, _off^_usr, _off^_usr, _off^_usr, _off^_usr, _off^_usr, _off^_usr, _off^_usr, _off^_usr, Wwf, Wo, Wwr, Ww, Wo, Ww, Ww, Wo, Wo, Wo, Wo, Ww, Wo, Wo, Md, Ww, Wo, Ww, Ww, Ww, Md, Hh, Gd, Wwf, Ww, Ww, Gs^Fds, Gd, Md, Gd^Fetd, Md, Ww, Ww, Ww
_off^_usr, _off^_usr, _off^_usr, _off^_usr, _off^_usr, _off^_usr, _off^_usr, _off^_usr, _off^_usr, _off^_usr, _off^_usr, _off^_usr, _off^_usr, _off^_usr, _off^_usr, _off^_usr, _off^_usr, _off^_usr, Wwf, Wo, Wwrg, Ww, Ww, Ww, Wwrg, Ww, Ww, Wo, Ww, Ww, Md, Md, Md^Vhh, Md, Md, Md, Md, Md, Gs^Fds, Gd, Wwf, Ww, Ww, Dd, Gd, Gd, Hh^Emf, Md, Md, Ww, Wo, Wo
_off^_usr, _off^_usr, _off^_usr, _off^_usr, _off^_usr, _off^_usr, _off^_usr, _off^_usr, _off^_usr, _off^_usr, _off^_usr, _off^_usr, _off^_usr, _off^_usr, _off^_usr, _off^_usr, _off^_usr, _off^_usr, Ww, Wwr, Wo, Ww, Ww, Wwr, Wwf, Ww, Ww^Vm, Ww, Md, Md, Md, Md, Md, Md, Md, Md, Gs^Fds, Gs^Fds, Gd, Gd, Ww, Gs^Fds, Ww, Dd, Gd, Hh^Em, Md, Md, Md, Ww, Wo, Wo
_off^_usr, _off^_usr, _off^_usr, _off^_usr, _off^_usr, _off^_usr, _off^_usr, _off^_usr, _off^_usr, _off^_usr, _off^_usr, _off^_usr, _off^_usr, _off^_usr, _off^_usr, _off^_usr, _off^_usr, _off^_usr, Ww, Wo, Wwf, Wwf, Ww, Ww, Wwr, Ww, Ww, Ww, Dd, Md, Gd, Md, Gd, Md, Gs^Fds, Md, Gs^Fds, Gd, Co, Ko, Gs, Gd^Vo, Gd, Gd, Hh, Hh^Fds, Md, Gd^Fetd, Md, Ww, Ww, Wo
_off^_usr, _off^_usr, _off^_usr, _off^_usr, _off^_usr, _off^_usr, _off^_usr, _off^_usr, _off^_usr, _off^_usr, _off^_usr, _off^_usr, _off^_usr, _off^_usr, _off^_usr, _off^_usr, _off^_usr, _off^_usr, Wwf, Wo, Ww, Ww, Wwr, Wwf, Wwr, Ww, Ww, Dd, Gd, Gd, Md, Gd, Gd^Vo, Gd, Gd, Gs^Fds, Gd, Gd, Re, Sm, Dd, Gd, Md, Md, Md, Md, Md, Md, Ww, Ww, Ww, Wo
_off^_usr, _off^_usr, _off^_usr, _off^_usr, _off^_usr, _off^_usr, _off^_usr, _off^_usr, _off^_usr, _off^_usr, _off^_usr, _off^_usr, _off^_usr, _off^_usr, _off^_usr, _off^_usr, _off^_usr, _off^_usr, Wwf, Wo, Wo, Ww, Wo, Wwrg, Wo, Wwf, Ww, Dd, Dd, Hh, Md, Gd, Gs, Gd, Gd, Gd, Re, Re, Md, Md, Ww, Md, Gd^Fetd, Md, Ww, Ww, Ww, Ww, Ww, Ww, Ww, Wo
_off^_usr, _off^_usr, _off^_usr, _off^_usr, _off^_usr, _off^_usr, _off^_usr, _off^_usr, _off^_usr, _off^_usr, _off^_usr, _off^_usr, _off^_usr, _off^_usr, _off^_usr, _off^_usr, _off^_usr, _off^_usr, Wwr, Wwf, Wo, Ww, Wwr, Ww, Wwr, Wo, Wo, Ww, Ww, Md, Gd, Gs, Md, Md, Hh, Gd, Re, Gd, Dd, Ww, Ww, Ww, Ww, Ww, Ww, Ww, Gd, Dd, Dd, Ww, Wwr, Ww
_off^_usr, _off^_usr, _off^_usr, _off^_usr, _off^_usr, _off^_usr, _off^_usr, _off^_usr, _off^_usr, _off^_usr, _off^_usr, _off^_usr, _off^_usr, _off^_usr, _off^_usr, _off^_usr, _off^_usr, _off^_usr, Ww, Ww, Wwrg, Wwf, Wwf, Ww, Ww, Ww, Ww^Vm, Ww, Ww, Gll, Gs, Hh^Fds, Md, Md, Gs, Gd, Re, Gd, Gd, Md, Md, Gs^Fds, Hh, Gs^Fds, Md, Gs, Re, Md, Hh^Fds, Md, Wo, Wo
_off^_usr, _off^_usr, _off^_usr, _off^_usr, _off^_usr, _off^_usr, _off^_usr, _off^_usr, _off^_usr, _off^_usr, _off^_usr, _off^_usr, _off^_usr, _off^_usr, _off^_usr, _off^_usr, _off^_usr, _off^_usr, Ww, Ww, Wo, Wo, Wo, Wwr, Ww, Wwf, Ww, Ww, Ww, Dd, Gd, Gll, Gs, Gll, Gs, Gd^Vo, Gs^Fds, Re, Re, Gd, Gd, Md, Md, Md, Re, Re, Co, Md, Md, Md, Wo, Wo
_off^_usr, _off^_usr, _off^_usr, _off^_usr, _off^_usr, _off^_usr, _off^_usr, _off^_usr, _off^_usr, _off^_usr, _off^_usr, _off^_usr, _off^_usr, _off^_usr, _off^_usr, _off^_usr, _off^_usr, _off^_usr, Ww, Ww, Ww, Wo, Wwrg, Wwf, Wwf, Ww, Ww, Ww, Ww, Dd, Dd, Gd, Gll, Md, Hh, Md, Hh, Md, Md, Re, Re, Re, Re, Re, Re, Co, 4 Ko, Sm, Hh, Hh, Ww, Ww
_off^_usr, _off^_usr, _off^_usr, _off^_usr, _off^_usr, _off^_usr, _off^_usr, _off^_usr, _off^_usr, _off^_usr, _off^_usr, _off^_usr, _off^_usr, _off^_usr, _off^_usr, _off^_usr, _off^_usr, _off^_usr, Ww, Ww, Ww, Ww, Wo, Ww, Ww, Wwrg, Wwf, Wwf, Wwf, Wwf, Wwr, Ww, Dd, Dd, Dd, Gd^Fetd, Gs, Hh, Gd, Md, Md, Gd, Gd^Vo, Gd, Md, Co, Co, Co, Hh^Emf, Ww, Ww, Ww
_off^_usr, _off^_usr, _off^_usr, _off^_usr, _off^_usr, _off^_usr, _off^_usr, _off^_usr, _off^_usr, _off^_usr, _off^_usr, _off^_usr, _off^_usr, _off^_usr, _off^_usr, _off^_usr, _off^_usr, _off^_usr, Ww, Ww, Wo, Wo, Ww, Wo, Wo, Ww, Wo, Ww, Ww, Ww, Ww, Ww, Ww, Ww, Ww, Ww, Dd, Dd, Dd, Gd, Gd, Hh, Gs^Fds, Hh, Gs^Fds, Md, Hh, Md, Ww, Ww, Ww, Ww
_off^_usr, _off^_usr, _off^_usr, _off^_usr, _off^_usr, _off^_usr, _off^_usr, _off^_usr, _off^_usr, _off^_usr, _off^_usr, _off^_usr, _off^_usr, _off^_usr, _off^_usr, _off^_usr, _off^_usr, _off^_usr, Ww, Ww, Wo, Wo, Ww, Ww, Ww, Wo, Ww, Ww, Ww, Wo, Ww, Wo, Ww, Ww, Ww, Ww, Ww, Ww, Ww, Dd, Ww, Ww, Ww, Ww, Ww, Ww, Ww, Ww, Ww, Ww, Ww, Ww
