_off^_usr, _off^_usr, _off^_usr, _off^_usr, _off^_usr, _off^_usr, _off^_usr, _off^_usr, _off^_usr, _off^_usr, _off^_usr, _off^_usr, _off^_usr, _off^_usr, _off^_usr, _off^_usr, _off^_usr, _off^_usr, Wot, Wot, Wot, Wot, Wwt, Wwt, Wwt, Wwt, Wot, Wwt, Wot, Wot, Wwt, Wot, Wwt, Wot, Wot, Wot, Wwt, Wwt, Wot, Wot, Wot, Wwt, Wwt, Wwt, Wwt, Wwt, Wot, Wot, Wot, Wot, Wot, Wot, Wot, Wot, Wot, Wwt, Wot, Wot, Wot, Wot, Wot, Wot
_off^_usr, _off^_usr, _off^_usr, _off^_usr, _off^_usr, _off^_usr, _off^_usr, _off^_usr, _off^_usr, _off^_usr, _off^_usr, _off^_usr, _off^_usr, _off^_usr, _off^_usr, _off^_usr, _off^_usr, _off^_usr, Wot, Wot, Wot, Wwt, Wwt, Wwt, Wwt, Wwt, Wot, Wot, Wwt, Wwt, Wwt, Wwt, Wwt, Wwt, Wot, Wot, Wwt, Wwt, Wwt, Wot, Wwt, Wwt, Wwt, Wwt, Wwt, Wwt, Wwt, Wot, Wwt, Wwt, Wwt, Wwt, Wot, Wot, Wot, Wwt, Wwt, Wot, Wot, Wot, Wot, Wot
_off^_usr, _off^_usr, _off^_usr, _off^_usr, _off^_usr, _off^_usr, _off^_usr, _off^_usr, _off^_usr, _off^_usr, _off^_usr, _off^_usr, _off^_usr, _off^_usr, _off^_usr, _off^_usr, _off^_usr, _off^_usr, Wot, Wwt, 4 Kme, Cme, Wwt, Wwt, Wot, Wwt, Wwt, Wwt, Wwt, Wwt, Wwt, Wot, Wwt, Wot, Wwt, Wwt, Wwt, Wwt, Wwt, Wot, Wwt, Wwt, Wot, Wot, Wot, Wwt, Wot, Wot, Wot, Wwt, Wwt, Wot, Wwt, Wwt, Wwt, Wwt, Wot, Cme, 5 Kme, Wot, Wwt, Wot
_off^_usr, _off^_usr, _off^_usr, _off^_usr, _off^_usr, _off^_usr, _off^_usr, _off^_usr, _off^_usr, _off^_usr, _off^_usr, _off^_usr, _off^_usr, _off^_usr, _off^_usr, _off^_usr, _off^_usr, _off^_usr, Wot, Wot, Cme, Wwt^Vm, Wot, Wot, Wot, Wwt, Wwt, Wot, Wot, Wwt, Wwt, Wwt, Wot, Wwt, Wot, Wwt, Wot, Wwt, Wwt, Wwt, Wwt, Wot, Wwt, Wot, Wwt, Wwrt, Wwt^Vm, Wot, Wot, Wwt, Wwt, Wwt, Wwt, Wot, Wot, Wwt, Wwg, Wwt^Vm, Cme, Wot, Wot, Wot
_off^_usr, _off^_usr, _off^_usr, _off^_usr, _off^_usr, _off^_usr, _off^_usr, _off^_usr, _off^_usr, _off^_usr, _off^_usr, _off^_usr, _off^_usr, _off^_usr, _off^_usr, _off^_usr, _off^_usr, _off^_usr, Wot, Wwt, Wwt, Wot, Wwt, Wot, Wot, Wwt, Wwt, Wwt, Wwt, Wwt, Wwt, Wot, Wot, Wot, Wwrt, Wwt, Wot, Wwt, Wwt, Wwt, Wwt, Wot, Wot, Wwt, Wot, Wwrt, Wwt, Wot, Wot, Wwt, Wot, Wot, Wwt, Wwt, Wwt, Wwt, Wwt, Wot, Wot, Wot, Wwt, Wwt
_off^_usr, _off^_usr, _off^_usr, _off^_usr, _off^_usr, _off^_usr, _off^_usr, _off^_usr, _off^_usr, _off^_usr, _off^_usr, _off^_usr, _off^_usr, _off^_usr, _off^_usr, _off^_usr, _off^_usr, _off^_usr, Wot, Wwt, Wwt, Wwt, Wwt, Wot, Wwt, Wwt, Wot, Wot, Wwt, Wwt, Wwt, Wot, Wot, Wwt^Vm, Wot, Wwt, Wwt, Wot, Wot, Wot, Wwt, Wot, Wot, Wwt, Wot, Wot, Wwt, Wwt, Wot, Wot, Wwt, Wwt, Wwt, Wot, Wwt, Wot, Wot, Wwt, Wwt, Wwt, Wwt, Wwt
_off^_usr, _off^_usr, _off^_usr, _off^_usr, _off^_usr, _off^_usr, _off^_usr, _off^_usr, _off^_usr, _off^_usr, _off^_usr, _off^_usr, _off^_usr, _off^_usr, _off^_usr, _off^_usr, _off^_usr, _off^_usr, Wot, Wot, Wot, Wwt, Wwt, Wwt, Wot, Wwt, Wot, Wot, Wot, Wwt, Wot, Wot, Wot, Wwt, Wwt, Wot, Wwrt, Wwt, Wwt, Wwt, Wot, Wot, Wot, Wwt, Wot, Wot, Wot, Wwrt, Wot, Wot, Wwt, Wwt, Wot, Wot, Wwt, Wot, Wot, Wot, Wot, Wwt, Wot, Wwt
_off^_usr, _off^_usr, _off^_usr, _off^_usr, _off^_usr, _off^_usr, _off^_usr, _off^_usr, _off^_usr, _off^_usr, _off^_usr, _off^_usr, _off^_usr, _off^_usr, _off^_usr, _off^_usr, _off^_usr, _off^_usr, Wot, Wot, Wot, Wwt, Wwt, Wwt, Wot, Wwt, Wot, Wwt, Wot, Wwt, Wwt, Wwt, Wwt, Wwt, Wwt, Wwt, Wwt, Wwt, Wot, Wwrt, Wot, Wot, Wwrt, Wwt, Wot, Wot, Wot, Wot, Wot, Wwt, Wot, Wwt, Wwt, Wwt, Wwt, Wot, Wwt, Wot, Wwt, Wot, Wwt, Wwt
_off^_usr, _off^_usr, _off^_usr, _off^_usr, _off^_usr, _off^_usr, _off^_usr, _off^_usr, _off^_usr, _off^_usr, _off^_usr, _off^_usr, _off^_usr, _off^_usr, _off^_usr, _off^_usr, _off^_usr, _off^_usr, Wot, Wot, Wwt, Wwt, Wot, Wwt, Wot, Wwt, Wwt, Wwt, Wwt, Wwt, Wwt, Wwrt, Wot, Wwt, Wot, Wot, Wot, Zxu, Wwt, Wwt, Wwf, Wwrt, Zxu, Wwt, Wwt, Wwt, Wwt, Wwt, Wwt, Wwt, Wot, Wwt, Wwt, Wot, Wwt, Wwt, Wot, Wwt, Wwt, Wwt, Wwt, Wwt
_off^_usr, _off^_usr, _off^_usr, _off^_usr, _off^_usr, _off^_usr, _off^_usr, _off^_usr, _off^_usr, _off^_usr, _off^_usr, _off^_usr, _off^_usr, _off^_usr, _off^_usr, _off^_usr, _off^_usr, _off^_usr, Wot, Wot, Wwt, Wwt, Wwt, Wwt, Wwt, Wwt, Wwt, Wwt, Wwt, Wot, Wot, Wwt, Wwt, Wwt, Wwt, Wwrt, Wwt, Wwt, Cme, Kme, Cme, Wwf, Xu, Zxu, Wwrt, Wot, Wot, Wot, Wwt, Wwrt, Wot, Wot, Wot, Wwt, Wot, Wot, Wot, Wot, Wwt, Wwt, Wwt, Wwt
_off^_usr, _off^_usr, _off^_usr, _off^_usr, _off^_usr, _off^_usr, _off^_usr, _off^_usr, _off^_usr, _off^_usr, _off^_usr, _off^_usr, _off^_usr, _off^_usr, _off^_usr, _off^_usr, _off^_usr, _off^_usr, Wot, Wot, Wwt, Wwt, Wwt, Wwt^Vm, Wwt, Wot, Wot, Wot, Wwt, Wot, Wot, Wwt, Xu, Xu, Wwt^Vm, Wwrt, Wwt, Wwt, Wwt, Wwf, Wwrt, Wot, Wwt, Wwt^Vm, Wwt, Wwt, Cme, Wot, Wwt, Wwt, Wwt, Wot, Wot, Wwt, Wwt, Wot, Wot, Wot, Wot, Wot, Wot, Wwt
_off^_usr, _off^_usr, _off^_usr, _off^_usr, _off^_usr, _off^_usr, _off^_usr, _off^_usr, _off^_usr, _off^_usr, _off^_usr, _off^_usr, _off^_usr, _off^_usr, _off^_usr, _off^_usr, _off^_usr, _off^_usr, Wot, Wwt, Wwrt, Wwrt, Wwt, Wwt, Wwt, Wot, Wwt, Wwt, Wot, Wwt, Wwt, Wwt, Wwt, Wwt, Wwt, Wot, Wwt, Wwrt, Wwrt, Wwt^Bw|, Wwt, Wwt, Wwrt, Wwt, Cme, Wwt^Bw/, Wwrt, Xu, Xu, Wwt, Wwt, Wot, Wot, Wot, Wwrt, Wwt, Wot, Wwt^Vm, Wot, Wwt, Wwt, Wwt
_off^_usr, _off^_usr, _off^_usr, _off^_usr, _off^_usr, _off^_usr, _off^_usr, _off^_usr, _off^_usr, _off^_usr, _off^_usr, _off^_usr, _off^_usr, _off^_usr, _off^_usr, _off^_usr, _off^_usr, _off^_usr, Wot, Wwt, Wwt, Wwt, Wot, Wwt, Wwt, Wwt, Wwt, Wwrt, Zxu, Zxu, Wwt, Ww^Vm, Wot, Wwt^Bw\, Cme, Wwt^Bw/, Wwt, Wwf, Xu, Cme, Wwt, Xu, Xu, Wwf, Wwt, Wwrt, Wwrt, Wot, Wwf, Wwt, Wwrt, Wwt, Wwt, Wwt, Wwt, Wwrt, Wwt, Wot, Wwt, Wwt, Wwt, Wwt
_off^_usr, _off^_usr, _off^_usr, _off^_usr, _off^_usr, _off^_usr, _off^_usr, _off^_usr, _off^_usr, _off^_usr, _off^_usr, _off^_usr, _off^_usr, _off^_usr, _off^_usr, _off^_usr, _off^_usr, _off^_usr, Wot, Wwt, Wwt, Wwt, Wot, Wot, Wwt, Wwrt, Wwt, Wot, Zxu, Wot, Cme, Wot, Wwrt, Wwf, Cme, Wot, Wwt, Xu, Wwf, Wwt^Bw\, Wwt^Bw|, Wwf^Vm, Wwt, Wwt, Wwrt, Wwt, Wwt^Bw/, Cme, Cme, Wwrt, Wwrt, Wwt, Wwt, Wwt, Wot, Wwt, Wwt, Wwt, Wwt, Wwt, Wwt, Wwt
_off^_usr, _off^_usr, _off^_usr, _off^_usr, _off^_usr, _off^_usr, _off^_usr, _off^_usr, _off^_usr, _off^_usr, _off^_usr, _off^_usr, _off^_usr, _off^_usr, _off^_usr, _off^_usr, _off^_usr, _off^_usr, Wot, Wwt, Wot, Wwt, Wwt, Wwt, Wwt, Wot, Wwt, Wot, Wot, Wwt, Cme, Wwt, Zxu, Zxu, Wwt^Bw|, Wwt, Wwrt, Wwrt, Zxu, Wwf, Xu, Wwt, Wwrt, Cme, Cme, Cme, Wwf, Wwt^Vm, Cme, Wwt, Wwt, Wwt, Wwt, Wot, Wwrt, Wot, Wwt, Wwt, Wot, Wot, Wwt, Wwt
_off^_usr, _off^_usr, _off^_usr, _off^_usr, _off^_usr, _off^_usr, _off^_usr, _off^_usr, _off^_usr, _off^_usr, _off^_usr, _off^_usr, _off^_usr, _off^_usr, _off^_usr, _off^_usr, _off^_usr, _off^_usr, Wot, Wwt, Wwt, Wwt, Wwt, Wwt, Wot, Wwt, Wwt, Wwt, Xu, Wwt, Cme, Wwrt, Xu, Wwf^Vm, Wwt^Bw|, Wwt, Zxu, Zxu, Wwf, Wwf, Wwf, Ww^Vm, Xu, Wwf^Bw/, Cme, Cme, Wwt, Wwrt, Xu, Wwt, Wwrt, Wwrt, Wwt, Wwt, Wwt, Wot, Wwt, Wwt, Wwt, Wot, Wot, Wwt
_off^_usr, _off^_usr, _off^_usr, _off^_usr, _off^_usr, _off^_usr, _off^_usr, _off^_usr, _off^_usr, _off^_usr, _off^_usr, _off^_usr, _off^_usr, _off^_usr, _off^_usr, _off^_usr, _off^_usr, _off^_usr, Wot, Wwt, Wot, Wot, Wot, Wot, Wot, Wot, Wwt, Wwrt, Wwf, Wwt, Cme, Wwf, Wwf, 2 Wwf, 1 Kme, Wwrt, Wwf^Vm, Xu, Wwf, 3 Kme, Wwf, Wwf, Wwf, Wwt, Kme, Wwf, Cme, Wwt, Wwt, Wwt, Wwt, Wwt, Wot, Wot, Wwt, Wwt, Wot, Wwt, Wot, Wot, Wot, Wwt
_off^_usr, _off^_usr, _off^_usr, _off^_usr, _off^_usr, _off^_usr, _off^_usr, _off^_usr, _off^_usr, _off^_usr, _off^_usr, _off^_usr, _off^_usr, _off^_usr, _off^_usr, _off^_usr, _off^_usr, _off^_usr, Wot, Wot, Wwt, Wot, Wwt, Wot, Wot, Wot, Wwt, Wwrt, Wwrt, Wwt, Xu, Wwt, Wot, Wwrt, Cme, Wwf^Bw\, Xu, Wwf, Wwf, Cme, Wwf, Zxu, Cme, Wwt^Bw/, Wwt, Wwf, Xu, Wwt^Bw\, Cme, Wwt, Wwrt, Wwt, Wwrt, Wot, Wot, Wwt, Wwt, Wot, Wot, Wot, Wot, Wot
_off^_usr, _off^_usr, _off^_usr, _off^_usr, _off^_usr, _off^_usr, _off^_usr, _off^_usr, _off^_usr, _off^_usr, _off^_usr, _off^_usr, _off^_usr, _off^_usr, _off^_usr, _off^_usr, _off^_usr, _off^_usr, Wot, Wwt, Wwt, Wwt, Wwt, Wwt, Wwt, Wwt, Wwt, Wwt, Wwt, Wwt, Xu, Wwrt, Wwt, Cme, Cme, Wwrt, Wwt, Xu, Xu, Wwf, Ww^Vm, Xu, Xu, Cme, Xu, Wwf^Vm, Xu, Wwrt, Cme, Wwt, Wwrt, Wwt, Wwt, Wot, Wwt, Wwt, Wwt, Wot, Wwt, Wot, Wot, Wot
_off^_usr, _off^_usr, _off^_usr, _off^_usr, _off^_usr, _off^_usr, _off^_usr, _off^_usr, _off^_usr, _off^_usr, _off^_usr, _off^_usr, _off^_usr, _off^_usr, _off^_usr, _off^_usr, _off^_usr, _off^_usr, Wot, Wot, Wwt, Wwt, Wot, Wwt, Wwt, Wwt, Wot, Wot, Wot, Wwt, Wwt, Wwt, Wwt^Bw/, Cme, Wwt, Cme, Wwt^Bw\, Wwt, Wwt, Wwt, Wwt, Wwf, Xu, Wwf, Xu, Wwt^Bw/, Wwt, Wwf, Cme, Wwt, Wwt, Wwt, Wwt, Wwt, Wot, Wwt, Wot, Wwt, Wwt, Wwt, Wwt, Wot
_off^_usr, _off^_usr, _off^_usr, _off^_usr, _off^_usr, _off^_usr, _off^_usr, _off^_usr, _off^_usr, _off^_usr, _off^_usr, _off^_usr, _off^_usr, _off^_usr, _off^_usr, _off^_usr, _off^_usr, _off^_usr, Wot, Wot, Wwt, Wwt, Wot, Wwt, Wot, Wwrt, Wwrt, Wwt, Wot, Wwt, Cme, Wwt^Bw/, Xu, Wwt, Wwr, Wwt, Wot, Cm, Wwf, Wwrt, Wwf^Vm, Wwt, Wwrt, Wwf, Wwf, Wot, Wwt, Wot, Wot^Vm, Wot, Wwt, Wwrt, Wwt, Wwt, Wwt, Wot, Wwrt, Wot, Wot, Wot, Wot, Wwt
_off^_usr, _off^_usr, _off^_usr, _off^_usr, _off^_usr, _off^_usr, _off^_usr, _off^_usr, _off^_usr, _off^_usr, _off^_usr, _off^_usr, _off^_usr, _off^_usr, _off^_usr, _off^_usr, _off^_usr, _off^_usr, Wot, Wwt, Wwt, Wwt, Wwt, Wwt^Vm, Wwt, Wwt, Wwt, Wwt, Wot, Wot, Wwrt, Wwrt, Wwt, Wwt^Vm, Cme, Wwf, Wwt, Wwf, Xu, Zxu, Wwt, Wwt, Wwt, Wwf, Kme, Cme, Wwt, Wwr, Wwrt, Wwt, Wwt, Wwt, Wwt, Wwt, Wot, Wwt, Wwrt, Wwt^Vm, Wot, Wwt, Wwt, Wwt
_off^_usr, _off^_usr, _off^_usr, _off^_usr, _off^_usr, _off^_usr, _off^_usr, _off^_usr, _off^_usr, _off^_usr, _off^_usr, _off^_usr, _off^_usr, _off^_usr, _off^_usr, _off^_usr, _off^_usr, _off^_usr, Wot, Wwt, Wot, Wwt, Wwt, Wwt, Wot, Wot, Wwt, Wwt, Wwt, Wot, Wwt, Wwrt, Wwrt, Wwt, Wot, Cme, Wwt^Bw\, Wwt, Wwt, Wwrt, Wwt, Wwt, Wot, Cme, Wot, Wwt, Wwrt, Wwt, Wot, Wwt, Wwt, Wwt, Wot, Wot, Wwt, Wot, Wot, Wot, Wwt, Wwt, Wot, Wwt
_off^_usr, _off^_usr, _off^_usr, _off^_usr, _off^_usr, _off^_usr, _off^_usr, _off^_usr, _off^_usr, _off^_usr, _off^_usr, _off^_usr, _off^_usr, _off^_usr, _off^_usr, _off^_usr, _off^_usr, _off^_usr, Wot, Wot, Wot, Wwt, Wot, Wot, Wwt, Wwt, Wwt, Wwrt, Wwrt, Wwt, Wwt, Wot, Wwt, Wot, Wwt, Wwt, Wwrt, Cme, Cme, Wwt, Zxu, Zxu, Wwt^Vm, Wwt, Wwt, Wwt, Wwrt, Wwt, Wwrt, Wwt, Wot, Wwt, Wot, Wot, Wot, Wot, Wwt, Wot, Wot, Wot, Wot, Wot
_off^_usr, _off^_usr, _off^_usr, _off^_usr, _off^_usr, _off^_usr, _off^_usr, _off^_usr, _off^_usr, _off^_usr, _off^_usr, _off^_usr, _off^_usr, _off^_usr, _off^_usr, _off^_usr, _off^_usr, _off^_usr, Wot, Wwt, Wwt, Wwt, Wot, Wwt, Wot, Wwt, Wot, Wwt, Wwt, Wwt, Wwt, Wwt, Wwt, Wwt, Wwt, Wwrt, Wwrt, Wwt, Wwt, Wwt, Xu, Xu, Xu, Wwrt, Wwt, Wwt, Wwt, Wwt, Wwt, Wwt, Wwt, Wwt, Wwt, Wwt, Wwt, Wwt, Wwt, Wot, Wot, Wot, Wot, Wot
_off^_usr, _off^_usr, _off^_usr, _off^_usr, _off^_usr, _off^_usr, _off^_usr, _off^_usr, _off^_usr, _off^_usr, _off^_usr, _off^_usr, _off^_usr, _off^_usr, _off^_usr, _off^_usr, _off^_usr, _off^_usr, Wot, Wot, Wot, Wot, Wwt, Wwt, Wot, Wwt, Wwt, Wwt, Wwt, Wot, Wwt, Wwt, Wwt, Wwt, Wwt, Wwt, Wwt, Wwt, Wwt, Wwrt, Wwrt, Wwf, Wwt, Wwt, Wwt, Wwt, Wot, Wot, Wwt, Wwt, Wwt, Wot, Wot, Wwt, Wot, Wwt, Wot, Wot, Wot, Wot, Wot, Wot
_off^_usr, _off^_usr, _off^_usr, _off^_usr, _off^_usr, _off^_usr, _off^_usr, _off^_usr, _off^_usr, _off^_usr, _off^_usr, _off^_usr, _off^_usr, _off^_usr, _off^_usr, _off^_usr, _off^_usr, _off^_usr, Wot, Wwt, Wwt, Wot, Wot, Wot, Wwt, Wwt, Wwt, Wwt, Wwt, Wwt, Wot, Wwt^Vm, Wwrt, Wot, Wot, Wot, Wot, Wwt, Wot, Wwt, Wwt, Wwt, Wot, Wwt, Wwrt, Wot, Wot^Vm, Wwt, Wwt, Wot, Wwt, Wwt, Wwt, Wot, Wot, Wot, Wot, Wot, Wwt, Wot, Wot, Wot
_off^_usr, _off^_usr, _off^_usr, _off^_usr, _off^_usr, _off^_usr, _off^_usr, _off^_usr, _off^_usr, _off^_usr, _off^_usr, _off^_usr, _off^_usr, _off^_usr, _off^_usr, _off^_usr, _off^_usr, _off^_usr, Wot, Wwt, Wwt, Wot, Wwt, Wwt, Wwt, Wwt, Wot, Wot, Wwt, Wwt, Wwt, Wwt, Wwt, Wwt, Wwt, Wot, Wot, Wot, Wot, Wwt, Wot, Wwt, Wwt, Wwt, Wot, Wwt, Wwt, Wwt, Wot, Wot, Wot, Wwt, Wwt, Wot, Wot, Wot, Wot, Wot, Wot, Wwt, Wot, Wot
_off^_usr, _off^_usr, _off^_usr, _off^_usr, _off^_usr, _off^_usr, _off^_usr, _off^_usr, _off^_usr, _off^_usr, _off^_usr, _off^_usr, _off^_usr, _off^_usr, _off^_usr, _off^_usr, _off^_usr, _off^_usr, Wot, Wot, Cme, Wwt, Wwt, Wwt, Wot, Wot, Wot, Wot, Wwt, Wwt, Wot, Wwt, Wwt, Wwt, Wwt, Wot, Wwt, Wot, Wot, Wwt, Wwt, Wwt, Wot, Wwt, Wot, Wot, Wot, Wot, Wwt, Wwt, Wot, Wwt, Wwt, Wot, Wwt, Wot, Wot, Wot, Cme, Wot, Wot, Wot
_off^_usr, _off^_usr, _off^_usr, _off^_usr, _off^_usr, _off^_usr, _off^_usr, _off^_usr, _off^_usr, _off^_usr, _off^_usr, _off^_usr, _off^_usr, _off^_usr, _off^_usr, _off^_usr, _off^_usr, _off^_usr, Wot, Wot, 7 Kme, Ww^Vm, Wot, Wot, Wot, Wot, Wot, Wot, Wot, Wot, Wot, Wwt, Wwt, Wwt, Wwt, Wot, Wot, Wwt, Wwt, Wot, Wwt, Wwt, Wwt, Wwt, Wot, Wot, Wwt, Wot, Wwt, Wot, Wwt, Wwt, Wwt, Wwt, Wwt, Wot, Wot, Ww^Vm, 6 Kme, Wot, Wot, Wot
_off^_usr, _off^_usr, _off^_usr, _off^_usr, _off^_usr, _off^_usr, _off^_usr, _off^_usr, _off^_usr, _off^_usr, _off^_usr, _off^_usr, _off^_usr, _off^_usr, _off^_usr, _off^_usr, _off^_usr, _off^_usr, Wot, Wot, Wot, Cme, Wwt, Wot, Wot, Wot, Wot, Wot, Wot, Wwt, Wwt, Wot, Wwt, Wot, Wot, Wot, Wot, Wot, Wot, Wwt, Wot, Wot, Wwt, Wot, Wot, Wot, Wot, Wot, Wot, Wot, Wot, Wot, Wot, Wot, Wot, Wot, Wot, Cme, Wot, Wwt, Wot, Wot
_off^_usr, _off^_usr, _off^_usr, _off^_usr, _off^_usr, _off^_usr, _off^_usr, _off^_usr, _off^_usr, _off^_usr, _off^_usr, _off^_usr, _off^_usr, _off^_usr, _off^_usr, _off^_usr, _off^_usr, _off^_usr, Wot, Wot, Wwt, Wot, Wwt, Wot, Wot, Wot, Wot, Wot, Wot, Wwt, Wwt, Wwt, Wwt, Wwt, Wwt, Wot, Wot, Wot, Wot, Wot, Wot, Wot, Wwt, Wwt, Wot, Wot, Wwt, Wwt, Wot, Wot, Wwt, Wot, Wwt, Wot, Wot, Wot, Wot, Wot, Wot, Wot, Wot, Wot
