_off^_usr, _off^_usr, _off^_usr, _off^_usr, _off^_usr, _off^_usr, _off^_usr, _off^_usr, _off^_usr, _off^_usr, _off^_usr, _off^_usr, _off^_usr, _off^_usr, _off^_usr, _off^_usr, _off^_usr, _off^_usr, Wot, Wot, Wot, Wot, Wot, Wot, Wot, Wot, Wot, Wot, Wot, Wot, Wot, Wot, Wot, Wot, Wot, Wot, Wot, Wot, Wot, Wot, Wot, Wot, Wot, Wot, Wot, Wot, Wot, Wot, Wot, Wot
_off^_usr, _off^_usr, _off^_usr, _off^_usr, _off^_usr, _off^_usr, _off^_usr, _off^_usr, _off^_usr, _off^_usr, _off^_usr, _off^_usr, _off^_usr, _off^_usr, _off^_usr, _off^_usr, _off^_usr, _off^_usr, Wot, Wot, Wot, Wot, Wot, Wot, Wot, Wot, Wot, Wot, Wot, Wot, Wot, Wot, Wot, Wot, Wot, Wot, Wot, Wot, Wot, Wot, Wot, Wot, Wot, Wot, Wot, Wot, Wot, Wot, Wot, Wot
_off^_usr, _off^_usr, _off^_usr, _off^_usr, _off^_usr, _off^_usr, _off^_usr, _off^_usr, _off^_usr, _off^_usr, _off^_usr, _off^_usr, _off^_usr, _off^_usr, _off^_usr, _off^_usr, _off^_usr, _off^_usr, Wot, Wot, Wot, Wot, Ww, Wot, Wot, Ww, Wot, Wot, Wot, Wot, Ww, Ww, Wot, Ww, Ww, Wot, Ww, Wot, Wot, Wot, Ww, Wot, Wot, Wot, Wot, Wot, Wot, Ww, Wot, Wot
_off^_usr, _off^_usr, _off^_usr, _off^_usr, _off^_usr, _off^_usr, _off^_usr, _off^_usr, _off^_usr, _off^_usr, _off^_usr, _off^_usr, _off^_usr, _off^_usr, _off^_usr, _off^_usr, _off^_usr, _off^_usr, Wot, Wot, Wot, Wot, Ww, Ww, Wot, Wot, Wot, Wot, Wot, Wot, Wot, Ww, Wot, Wot, Wot, Wot, Wot, Wot, Wot, Ww, Wot, Ww, Wot, Wot, Rr, Wot, Wot, Ww, Wot, Wot
_off^_usr, _off^_usr, _off^_usr, _off^_usr, _off^_usr, 1 _off^_usr, _off^_usr, 2 _off^_usr, _off^_usr, _off^_usr, _off^_usr, _off^_usr, _off^_usr, _off^_usr, _off^_usr, _off^_usr, _off^_usr, _off^_usr, Wot, Wot, Wot, Ww, Wot, Wot, Wot, Wot, Wot, Wot, Wot, Wot, Wot, Wot, Wot, Wot, Wot, Wot, Wot, Wot, Wot, Wot, Wot, Wot, Wot, Ww, Ww, Ww, Wot, Ww, Wot, Wot
_off^_usr, _off^_usr, _off^_usr, _off^_usr, _off^_usr, _off^_usr, _off^_usr, _off^_usr, _off^_usr, _off^_usr, _off^_usr, _off^_usr, _off^_usr, _off^_usr, _off^_usr, _off^_usr, _off^_usr, _off^_usr, Wot, Wot, Wot, Ww, Wot, Wot, Wot, Ww, Ww, Ww, Ww, Wot, Wot, Wot, Ww, Ww, Ww, Ww, Wot, Wot, Ww, Wot, Ww, Wot, Wot, Wot, Wot, Wot, Ww, Wot, Wot, Wot
_off^_usr, _off^_usr, _off^_usr, _off^_usr, _off^_usr, _off^_usr, _off^_usr, _off^_usr, _off^_usr, _off^_usr, _off^_usr, _off^_usr, _off^_usr, _off^_usr, _off^_usr, _off^_usr, _off^_usr, _off^_usr, Wot, Wot, Wot, Wot, Ww, Ww, Wot, Ww, Ww, Ww, Ww, Ww, Ww, Ww, Ww, Wot, Ww, Ww, Ww, Ww, Ww, Ww, Ww, Ww, Ww, Wot, Wot, Wot, Wot, Wot, Wot, Wot
_off^_usr, _off^_usr, _off^_usr, _off^_usr, _off^_usr, _off^_usr, _off^_usr, _off^_usr, _off^_usr, _off^_usr, _off^_usr, _off^_usr, _off^_usr, _off^_usr, _off^_usr, _off^_usr, _off^_usr, _off^_usr, Wot, Wot, Wot, Wot, Ww, Ww, Wot, Ww, Ww, Ww, Gs, Ww, Ww, Ww, Ww, Ww, Ww, Ww, Ww, Ww, Ww, Ww, Ww, Ww, Ww, Ww, Ww, Ww, Ww, Wot, Wot, Wot
_off^_usr, _off^_usr, _off^_usr, _off^_usr, _off^_usr, _off^_usr, _off^_usr, _off^_usr, _off^_usr, _off^_usr, _off^_usr, _off^_usr, _off^_usr, _off^_usr, _off^_usr, _off^_usr, _off^_usr, _off^_usr, Wot, Mm, Wot, Wot, Wot, Wot, Ww, Ww, Ww, Ww, Ww, Ww, Ww, Ww, Ww, Ww, Ww, Ww, Ww, Ww, Ww, Ww, Ww, Ww, Ww, Ww, Wot, Ww, Wot, Wot, Wot, Wot
_off^_usr, _off^_usr, _off^_usr, _off^_usr, _off^_usr, _off^_usr, _off^_usr, _off^_usr, _off^_usr, _off^_usr, _off^_usr, _off^_usr, _off^_usr, _off^_usr, _off^_usr, _off^_usr, _off^_usr, _off^_usr, Wot, Wot, Wot, Ww, Ww, Ww, Ww, Wot, Wot, Ww, Ww, Ww, Ww, Ww, Ww, Ww, Ww, Mm, Ww, Ww, Ww, Ww, Ww, Ww, Ww, Ww, Ww, Ww, Wot, Ww, Wot, Wot
_off^_usr, _off^_usr, _off^_usr, _off^_usr, _off^_usr, _off^_usr, _off^_usr, _off^_usr, _off^_usr, _off^_usr, _off^_usr, _off^_usr, _off^_usr, _off^_usr, _off^_usr, _off^_usr, _off^_usr, _off^_usr, Wot, Wot, Wot, Ww, Ww, Ww, Ww, Ww, Ww, Ww, Ww, Ww, Ww, Ww, Wot, Ww, Ww, Ww, Ww, Ww, Ww, Ww, Ww, Re^Vhs, Ww, Ww, Ww, Ww, Ww, Wot, Wot, Wot
_off^_usr, _off^_usr, _off^_usr, _off^_usr, _off^_usr, _off^_usr, _off^_usr, _off^_usr, _off^_usr, _off^_usr, _off^_usr, _off^_usr, _off^_usr, _off^_usr, _off^_usr, _off^_usr, _off^_usr, _off^_usr, Wot, Wot, Ww, Wot, Ww, Ww, Cv^Vm, Ww, Ww, Ww, Ww, Ww, Ww, Wot, Wot, Ww, Ww, Ww, Ww, Ww, Ww, Ww, Ww, Ww, Ww, Ww, Wot, Ww, Wot, Wot, Wot, Wot
_off^_usr, _off^_usr, _off^_usr, _off^_usr, _off^_usr, _off^_usr, _off^_usr, _off^_usr, _off^_usr, _off^_usr, _off^_usr, _off^_usr, _off^_usr, _off^_usr, _off^_usr, _off^_usr, _off^_usr, _off^_usr, Wot, Ww, Ww, Wot, Wot, Ww, Ww, Ww, Ww, Wot, Ww, Ww, Ww, Ww, Ww, Ww, Ww, Ww, Ww, Gg^Gvs, Ww, Ww, Ww, Ww, Ww, Ww, Wot, Wot, Ww, Wot, Wot, Wot
_off^_usr, _off^_usr, _off^_usr, _off^_usr, _off^_usr, _off^_usr, _off^_usr, _off^_usr, _off^_usr, _off^_usr, _off^_usr, _off^_usr, _off^_usr, _off^_usr, _off^_usr, _off^_usr, _off^_usr, _off^_usr, Wot, Ww, Ww, Ww, Wot, Ww, Wot, Wot, Wot, Ww, Wot, Ww, Wot, Wot, Wot, Wot, Wot, Ww, Ww, Ww, Ww, Ww, Ww, Ww, Wot, Wot, Ww, Ww, Ww, Wot, Wot, Wot
_off^_usr, _off^_usr, _off^_usr, _off^_usr, _off^_usr, _off^_usr, _off^_usr, _off^_usr, _off^_usr, _off^_usr, _off^_usr, _off^_usr, _off^_usr, _off^_usr, _off^_usr, _off^_usr, _off^_usr, _off^_usr, Wot, Wot, Wot, Wot, Ww, Ww, Wot, Wot, Wot, Wot, Wot, Wot, Wot, Wot, Wot, Wot, Wot, Wot, Wot, Ww, Wot, Wot, Wot, Ww, Wot, Wot, Wot, Ww, Wot, Wot, Wot, Wot
_off^_usr, _off^_usr, _off^_usr, _off^_usr, _off^_usr, _off^_usr, _off^_usr, _off^_usr, _off^_usr, _off^_usr, _off^_usr, _off^_usr, _off^_usr, _off^_usr, _off^_usr, _off^_usr, _off^_usr, _off^_usr, Wot, Wot, Ww, Wot, Wot, Wot, Wot, Wot, Wot, Wot, Wot, Ww, Ww, Rp^Vhc, Ww, Wot, Ww, Ww, Wot, Wot, Wot, Wot, Wot, Wot, Ww, Wot, Wot, Wot, Wot, Wot, Wot, Wot
_off^_usr, _off^_usr, _off^_usr, _off^_usr, _off^_usr, _off^_usr, _off^_usr, _off^_usr, _off^_usr, _off^_usr, _off^_usr, _off^_usr, _off^_usr, _off^_usr, _off^_usr, _off^_usr, _off^_usr, _off^_usr, Wot, Wot, Ww, Ww, Wot, Wot, Ww, Wot, Wot, Wot, Wot, Wot, Wot, Ww, Ww, Ww, Wot, Wot, Wot, Wot, Ww, Ww, Ww, Wot, Wot, Ww, Ww, Wot, Ww, Wot, Wot, Wot
_off^_usr, _off^_usr, _off^_usr, _off^_usr, _off^_usr, _off^_usr, _off^_usr, _off^_usr, _off^_usr, _off^_usr, _off^_usr, _off^_usr, _off^_usr, _off^_usr, _off^_usr, _off^_usr, _off^_usr, _off^_usr, Wot, Ww, Ww, Ww, Wot, Ww, Wot, Ds, Ww, Wot, Wot, Wot, Wot, Wot, Wot, Wot, Wot, Wot, Wot, Wot, Wot, Wot, Wot, Wot, Wot, Ww, Wot, Wot, Wot, Wot, Wot, Wot
_off^_usr, _off^_usr, _off^_usr, _off^_usr, _off^_usr, _off^_usr, _off^_usr, _off^_usr, _off^_usr, _off^_usr, _off^_usr, _off^_usr, _off^_usr, _off^_usr, _off^_usr, _off^_usr, _off^_usr, _off^_usr, Wot, Ww, Wot, Wot, Wot, Wot, Ww, Wot, Wot, Wot, Wot, Wot, Wot, Wot, Wot, Wot, Wot, Wot, Wot, Wot, Wot, Wot, Wot, Wot, Wot, Wot, Wot, Wot, Ww, Wot, Wot, Wot
_off^_usr, _off^_usr, _off^_usr, _off^_usr, _off^_usr, _off^_usr, _off^_usr, _off^_usr, _off^_usr, _off^_usr, _off^_usr, _off^_usr, _off^_usr, _off^_usr, _off^_usr, _off^_usr, _off^_usr, _off^_usr, Wot, Ww, Wot, Ww, Ww, Ww, Wot, Wot, Wot, Ww, Ww, Wot, Wot, Wot, Ww, Ww, Ww, Wot, Wot, Wot, Wot, Wot, Wot, Wot, Wot, Wot, Wot, Wot, Ww, Ww, Wot, Wot
_off^_usr, _off^_usr, _off^_usr, _off^_usr, _off^_usr, _off^_usr, _off^_usr, _off^_usr, _off^_usr, _off^_usr, _off^_usr, _off^_usr, _off^_usr, _off^_usr, _off^_usr, _off^_usr, _off^_usr, _off^_usr, Wot, Ww, Wot, Wot, Ww, Wot, Ww, Ww, Wot, Mm, Wot, Wot, Wot, Wot, Ww, Wot, Wot, Wot, Ww, Wot, Wot, Wot, Wot, Wot, Ww, Wot, Wot, Wot, Wot, Wot, Wot, Wot
_off^_usr, _off^_usr, _off^_usr, _off^_usr, _off^_usr, _off^_usr, _off^_usr, _off^_usr, _off^_usr, _off^_usr, _off^_usr, _off^_usr, _off^_usr, _off^_usr, _off^_usr, _off^_usr, _off^_usr, _off^_usr, Wot, Ww, Wot, Ww, Wot, Ww, Wot, Wot, Wot, Wot, Wot, Wot, Wot, Wot, Wot, Wot, Wot, Wot, Wot, Wot, Ww, Wot, Ww, Ww, Ww, Wot, Gd^Vo, Wot, Wot, Wot, Wot, Wot
_off^_usr, _off^_usr, _off^_usr, _off^_usr, _off^_usr, _off^_usr, _off^_usr, _off^_usr, _off^_usr, _off^_usr, _off^_usr, _off^_usr, _off^_usr, _off^_usr, _off^_usr, _off^_usr, _off^_usr, _off^_usr, Wot, Ww, Wot, Ww, Wot, Wot, Ww, Wot, Wot, Ww, Wot, Wot, Wot, Wot, Wot, Wot, Wot, Wot, Wot, Wot, Wot, Wot, Wot, Wot, Wot, Wot, Ww, Ww, Wot, Wot, Wot, Wot
_off^_usr, _off^_usr, _off^_usr, _off^_usr, _off^_usr, _off^_usr, _off^_usr, _off^_usr, _off^_usr, _off^_usr, _off^_usr, _off^_usr, _off^_usr, _off^_usr, _off^_usr, _off^_usr, _off^_usr, _off^_usr, Wot, Wot, Ww, Ww, Ww, Ww, Ww, Wot, Wot, Ww, Hh^Ecf, Wot, Wot, Wot, Wot, Wot, Wot, Wot, Wot, Wot, Wot, Wot, Ww, Wot, Wot, Wot, Wot, Wot, Ww, Wot, Wot, Wot
_off^_usr, _off^_usr, _off^_usr, _off^_usr, _off^_usr, _off^_usr, _off^_usr, _off^_usr, _off^_usr, _off^_usr, _off^_usr, _off^_usr, _off^_usr, _off^_usr, _off^_usr, _off^_usr, _off^_usr, _off^_usr, Wot, Wot, Ww, Ww, Ww, Ww, Ww, Wot, Wot, Ww, Ww, Wot, Wot, Wot, Wot, Wot, Ww, Wot, Wot, Wot, Wot, Ww, Wot, Wot, Wot, Wot, Wot, Ww, Ww, Wot, Wot, Wot
_off^_usr, _off^_usr, _off^_usr, _off^_usr, _off^_usr, _off^_usr, _off^_usr, _off^_usr, _off^_usr, _off^_usr, _off^_usr, _off^_usr, _off^_usr, _off^_usr, _off^_usr, _off^_usr, _off^_usr, _off^_usr, Wot, Wot, Wot, Ww, Wot, Ww, Ww, Ww, Wot, Ww, Wot, Wot, Wot, Wot, Wot, Ww, Cud, Ww, Wot, Wot, Wot, Wot, Wot, Wot, Wot, Wot, Wot, Wot, Wot, Wot, Wot, Wot
_off^_usr, _off^_usr, _off^_usr, _off^_usr, _off^_usr, _off^_usr, _off^_usr, _off^_usr, _off^_usr, _off^_usr, _off^_usr, _off^_usr, _off^_usr, _off^_usr, _off^_usr, _off^_usr, _off^_usr, _off^_usr, Wot, Wot, Wot, Wot, Gs^Ft, Wot, Wot, Wot, Wot, Wot, Wot, Ww, Ww, Wot, Wot, Ww, Ww, Ww, Wot, Wot, Wot, Wot, Wot, Gll^Ft, Wot, Wot, Wot, Wot, Wot, Wot, Wot, Wot
_off^_usr, _off^_usr, _off^_usr, _off^_usr, _off^_usr, _off^_usr, _off^_usr, _off^_usr, _off^_usr, _off^_usr, _off^_usr, _off^_usr, _off^_usr, _off^_usr, _off^_usr, _off^_usr, _off^_usr, _off^_usr, Wot, Wot, Wot, Wot, Wot, Wot, Wot, Wot, Wot, Wot, Wot, Wot, Wot, Wot, Wot, Wot, Wot, Wot, Wot, Wot, Wot, Wot, Ww, Wot, Wot, Wot, Wot, Wot, Wot, Wot, Wot, Wot
_off^_usr, _off^_usr, _off^_usr, _off^_usr, _off^_usr, _off^_usr, _off^_usr, _off^_usr, _off^_usr, _off^_usr, _off^_usr, _off^_usr, _off^_usr, _off^_usr, _off^_usr, _off^_usr, _off^_usr, _off^_usr, Wot, Wot, Wot, Wot, Wot, Wot, Wot, Wot, Wot, Wot, Wot, Wot, Wot, Wot, Wot, Wot, Wot, Wot, Wot, Wot, Wot, Wot, Wot, Wot, Wot, Wot, Wot, Wot, Wot, Wot, Wot, Wot
_off^_usr, _off^_usr, _off^_usr, _off^_usr, _off^_usr, _off^_usr, _off^_usr, _off^_usr, _off^_usr, _off^_usr, _off^_usr, _off^_usr, _off^_usr, _off^_usr, _off^_usr, _off^_usr, _off^_usr, _off^_usr, Wot, Ww, Wot, Wot, Wot, Wot, Wot, Wot, Wot, Wot, Wot^Xo, Wot^Xo, Wot^Xo, Wot^Xo, Wot^Xo, Wot^Xo, Wot^Xo, Wot^Xo, Wot^Xo, Wot, Ww, Wot, Wot, Wot, Wot, Wot, Wot^Xo, Wot^Xo, Wot^Xo, Wot, Wot^Xo, Wot
_off^_usr, _off^_usr, _off^_usr, _off^_usr, _off^_usr, _off^_usr, _off^_usr, _off^_usr, _off^_usr, _off^_usr, _off^_usr, _off^_usr, _off^_usr, _off^_usr, _off^_usr, _off^_usr, _off^_usr, _off^_usr, Wot^Xo, Wot, Wot, Wot^Xo, Wot^Xo, Wot^Xo, Wot^Xo, Wot, Wot, Wot, Wot^Xo, Wot, Wot, Wot, Wot, Wot^Xo, Wot^Xo, Wot^Xo, Ww, Wot^Xo, Wot^Xo, Ww, Wot, Wot, Wot, Wot^Xo, Wot^Xo, Wot^Xo, Wot^Xo, Wot^Xo, Wot^Xo, Wot^Xo
_off^_usr, _off^_usr, _off^_usr, _off^_usr, _off^_usr, _off^_usr, _off^_usr, _off^_usr, _off^_usr, _off^_usr, _off^_usr, _off^_usr, _off^_usr, _off^_usr, _off^_usr, _off^_usr, _off^_usr, _off^_usr, Wot^Xo, Wot^Xo, Wot^Xo, Wot^Xo, Dd^Ftd, Wot^Xo, Wot^Xo, Wot^Xo, Wot^Xo, Wot^Xo, Wot^Xo, Wot^Xo, Wot, Wot, Ww, Wot, Wot, Wot^Xo, Wot, Wot^Xo, Wot^Xo, Wot^Xo, Wot^Xo, Wot^Xo, Wot^Xo, Wot^Xo, Wot, Wot^Xo, Wot, Wot^Xo, Wot, Wot^Xo
_off^_usr, _off^_usr, _off^_usr, _off^_usr, _off^_usr, _off^_usr, _off^_usr, _off^_usr, _off^_usr, _off^_usr, _off^_usr, _off^_usr, _off^_usr, _off^_usr, _off^_usr, _off^_usr, _off^_usr, _off^_usr, Wot^Xo, Wot^Xo, Wot^Xo, Ww, Wot^Xo, Wot^Xo, Wot, Wot^Xo, Wot^Xo, Wot^Xo, Wot, Wot, Wot, Ww, Wot, Wot, Wot, Ww, Ww, Wot, Wot, Wot^Xo, Wot, Wot^Xo, Wot^Xo, Wot^Xo, Ww, Wot, Wot, Wot, Wot, Wot
_off^_usr, _off^_usr, _off^_usr, _off^_usr, _off^_usr, _off^_usr, _off^_usr, _off^_usr, _off^_usr, _off^_usr, _off^_usr, _off^_usr, _off^_usr, _off^_usr, _off^_usr, _off^_usr, _off^_usr, _off^_usr, Wot^Xo, Wot^Xo, Wot, Wot^Xo, Wot, Wot, Wot, Wot, Wot, Wot, Wot, Wot, Wot, Wot, Wot, Wot, Ww, Wot, Wot, Wot, Ww, Wot, Wot, Wot, Wot, Wot, Ww, Ww, Ww, Wot^Xo, Wot, Wot
_off^_usr, _off^_usr, _off^_usr, _off^_usr, _off^_usr, _off^_usr, _off^_usr, _off^_usr, _off^_usr, _off^_usr, _off^_usr, _off^_usr, _off^_usr, _off^_usr, _off^_usr, _off^_usr, _off^_usr, _off^_usr, Wot, Wot, Ww, Wot, Wot, Wot, Ww, Wot, Wot, Wot, Ww, Ww, Wot, Wot, Ww, Wot, Wot, Wot, Wot, Wot, Ww, Ww, Wot, Wot, Wot, Wot, Ww, Ww, Ww, Wot^Xo, Wot, Ww
_off^_usr, _off^_usr, _off^_usr, _off^_usr, _off^_usr, _off^_usr, _off^_usr, _off^_usr, _off^_usr, _off^_usr, _off^_usr, _off^_usr, _off^_usr, _off^_usr, _off^_usr, _off^_usr, _off^_usr, _off^_usr, Wot, Ww, Wot, Wot, Wot, Ww, Ww, Wot, Wot, Wot, Wot, Ww, Wot, Wot, Ww, Wot, Wot, Wot, Wot, Ww, Gd^Dr, Ww, Wot, Wot, Wot, Wot, Wot, Ww, Wot, Wot, Wot, Ww
_off^_usr, _off^_usr, _off^_usr, _off^_usr, _off^_usr, _off^_usr, _off^_usr, _off^_usr, _off^_usr, _off^_usr, _off^_usr, _off^_usr, _off^_usr, _off^_usr, _off^_usr, _off^_usr, _off^_usr, _off^_usr, Wot, Wot, Wot, Wot, Wot, Wot, Wot, Wot, Wot, Wot, Wot, Wot, Wot, Wot, Wot, Wot, Ww, Wot, Wot, Wot, Wot, Wot, Wot, Wot, Ww, Wot, Wot, Wot, Wot, Wot, Wot, Wot
_off^_usr, _off^_usr, _off^_usr, _off^_usr, _off^_usr, _off^_usr, _off^_usr, _off^_usr, _off^_usr, _off^_usr, _off^_usr, _off^_usr, _off^_usr, _off^_usr, _off^_usr, _off^_usr, _off^_usr, _off^_usr, Wot, Wot, Wot, Wot, Wot, Wot, Wot, Wot, Wot, Wot, Wot, Wot, Wot, Wot, Ww, Ww, Ww, Ww, Wot, Wot, Wot, Wot, Wot, Wot, Wot, Wot, Ww, Ww, Ww, Wot, Wot, Wot
