_off^_usr, _off^_usr, _off^_usr, _off^_usr, _off^_usr, _off^_usr, _off^_usr, _off^_usr, _off^_usr, _off^_usr, _off^_usr, _off^_usr, _off^_usr, _off^_usr, _off^_usr, _off^_usr, _off^_usr, _off^_usr, Wog, Wog, Wog, Wog, Wog, Wog, Wog, Wog, Wog, Wog, Wog, Wog, Wog, Wog, Wog, Wog, Wog, Wog, Wog, Wog, Wog, Wog, Wog, Wog, Wog, Wog, Wwg, Wog, Wog, Wog, Wog, Wog, Wog, Wog, Wog, Wwg, Wwg, Wwg, Wwg, Wog, Wog, Wog, Wog
_off^_usr, _off^_usr, _off^_usr, _off^_usr, _off^_usr, _off^_usr, _off^_usr, _off^_usr, _off^_usr, _off^_usr, _off^_usr, _off^_usr, _off^_usr, _off^_usr, _off^_usr, _off^_usr, _off^_usr, _off^_usr, Wog, Wog, Wog, Wog, Wog, Wog, Wog, Wwg, Wwg, Wog, Wwg, Wwg, Wwg, Wwg, Wwg, Wwg, Wwg, Wog, Wwg, Wog, Wog, Wog, Wwg, Wog, Wog, Wog, Wwg, Wog, Wog, Wog, Wwg, Wwg, Wwg, Wog, Wog, Wog, Wwg, Wog, Wog, Wog, Wog, Wog, Wog
_off^_usr, _off^_usr, _off^_usr, _off^_usr, _off^_usr, _off^_usr, _off^_usr, _off^_usr, _off^_usr, _off^_usr, _off^_usr, _off^_usr, _off^_usr, _off^_usr, _off^_usr, _off^_usr, _off^_usr, _off^_usr, Wog, Wog, Wog, Wog, Wog, Wog, Wog, Wog, Wwg, Wog, Wwg, Wwg, Wog, Wog, Wwg, Wwg, Wwg, Wog, Wwg, Wwg, Wog, Wwg, Wwg, Wwg, Wwg, Wog, Wwg, Wwg, Wwg, Wwg, Wwg, Wwg, Wwg, Wog, Wog, Wog, Wog, Wwg, Wog, Wog, Wog, Wog, Wwg
_off^_usr, _off^_usr, _off^_usr, _off^_usr, _off^_usr, _off^_usr, _off^_usr, _off^_usr, _off^_usr, _off^_usr, _off^_usr, _off^_usr, _off^_usr, _off^_usr, _off^_usr, _off^_usr, _off^_usr, _off^_usr, Wwg, Wwg, Wog, Wwg, Wwg, Wog, Wwg, Wwg, Wog, Wwg, Wwg, Wwg, Wwg, Wwg, Wwg, Wwg, Wwg, Wwg, Wwg, Wog, Wwg, Wwg, Ds, Wwg, Gs^Fmw, Wwg, Ds, Wwg, Wwg, Wwg, Wwg, Wwg, Wwg, Wwg, Wwg, Wwg, Wog, Wog, Wog, Wog, Wog, Wwg, Wwg
_off^_usr, _off^_usr, _off^_usr, _off^_usr, _off^_usr, _off^_usr, _off^_usr, _off^_usr, _off^_usr, _off^_usr, _off^_usr, _off^_usr, _off^_usr, _off^_usr, _off^_usr, _off^_usr, _off^_usr, _off^_usr, Wwg, Wog, Wwg, Wwg, Wwg, Wwg, Wwg, Wog, Wwg, Wog, Wwg, Wwg, Gs^Fmw, Wwg, Wwf, Wwg, Gs^Fmw, Wwg, Gs^Fmw, Wwg, Ds, Ds, Gs^Fmw, Gs^Fmw, Hh^Fdw, Gs^Fmw, Gs^Fmw, Gs^Fmw, Gs^Fmw, Wwg, Wwf, Wwg, Wwg, Wwg, Wwg, Wwg, Wog, Wog, Wog, Wog, Wog, Wog, Wog
_off^_usr, _off^_usr, _off^_usr, _off^_usr, _off^_usr, _off^_usr, _off^_usr, _off^_usr, _off^_usr, _off^_usr, _off^_usr, _off^_usr, _off^_usr, _off^_usr, _off^_usr, _off^_usr, _off^_usr, _off^_usr, Wwg, Wwg, Wwg, Wwg, Wog, Wwg, Wwg, Wwg, Wwf, Wwg, Gs^Fmw, Gs^Fmw, Hh^Fdw, Gs^Fmw, Gs^Fmw, Ds, Gs^Fmw, Wwg, Wwg, Gs^Fmw, Gs^Fmw, Gs^Fmw, Gs^Fmw, Gs^Fmw, Gs^Fmw, Gs^Fmw, Gs^Fmw, Gs^Fmw, Hh^Fdw, Gs^Fmw, Gs^Fmw, Gs^Fmw, Gs^Fmw, Ds, Ds, Wwg, Wwg, Wog, Wwg, Wog, Wog, Wog, Wog
_off^_usr, _off^_usr, _off^_usr, _off^_usr, _off^_usr, _off^_usr, _off^_usr, _off^_usr, _off^_usr, _off^_usr, _off^_usr, _off^_usr, _off^_usr, _off^_usr, _off^_usr, _off^_usr, _off^_usr, _off^_usr, Wwg, Wog, Wog, Wog, Wwg, Wwg, Gs^Fmw, Gs^Fmw, Gs^Fmw, Wwf, Gs^Fmw, Hh^Fdw, Gs^Fmw, Gs^Fmw, Gs^Fmw, Gs^Fmw, Re, Gs^Fmw, Wwf, Gs^Fmw, Re, Wwf, Gs^Fmw, Ds, Hh^Fdw, Re, Gs^Fmw, Gs^Fmw, Gs^Fmw, Ss, Gs^Fmw, Ww, Gs^Fmw, Gs^Fmw, Gs^Fmw, Gs^Fmw, Gs^Fmw, Wwg, Wwg, Wwg, Wwg, Wog, Wog
_off^_usr, _off^_usr, _off^_usr, _off^_usr, _off^_usr, _off^_usr, _off^_usr, _off^_usr, _off^_usr, _off^_usr, _off^_usr, _off^_usr, _off^_usr, _off^_usr, _off^_usr, _off^_usr, _off^_usr, _off^_usr, Wog, Wwg, Wwg, Wwg, Wwg, Ds, Gs^Fmw, Ww, Gs^Fmw, Gs^Fmw, Ww, Gs^Fmw, Rb, Rb, Rb, Gs^Fmw, Gs^Fmw, Gs^Fmw, Wwg, Gs^Fmw, Gs^Fmw, Ss, Hh^Fdw, Gs^Fmw, Gs^Fmw, Gs^Fmw, Rb, Rb, Cud, Cud, Cud, Re, Xos, Xos, Xos, Re, Re, Ds, Wwg, Wwg, Wog, Wwg, Wog
_off^_usr, _off^_usr, _off^_usr, _off^_usr, _off^_usr, _off^_usr, _off^_usr, _off^_usr, _off^_usr, _off^_usr, _off^_usr, _off^_usr, _off^_usr, _off^_usr, _off^_usr, _off^_usr, _off^_usr, _off^_usr, Wog, Wwg, Wog, Wwg, Wwg, Ds, Gs^Fmw, Ds, Hh^Fdw, Gs^Fmw, Gs^Fmw, Gs^Fmw, Rb, Gs^Fmw, Gs^Fmw, Rb, Rb, Wwf, Wwg, Gs^Fmw, Ss, Hh^Fdw, Gs^Fmw, Gs^Fmw, Gs^Fmw, Gs^Fmw, Rb, Urb, Urb, Uu^Vu, Xos, Xos, Urb, Urb, Urb, Xos, Re, Gs^Fmw, Wwg, Wwg, Wog, Wwg, Wog
_off^_usr, _off^_usr, _off^_usr, _off^_usr, _off^_usr, _off^_usr, _off^_usr, _off^_usr, _off^_usr, _off^_usr, _off^_usr, _off^_usr, _off^_usr, _off^_usr, _off^_usr, _off^_usr, _off^_usr, _off^_usr, Wog, Wog, Wog, Wwg, Gs^Fmw, Gs^Fmw, Rb, Gs^Fmw, Rb, Re^Ecf, Rb^Vhs, Gs^Fmw, Rb, Gs^Fmw, Gs^Fmw, Ss, Wwg, Ww^Bw\, Rb, Gs^Fmw, Rb, Gs^Fmw, Rb, Rb, Rb, Rb, Rb, Cud, Uu^Vu, Urb, Xos, Urb, Urb, Urb, Urb, Xos, Gs^Fmw, Gs^Fmw, Wwg, Wwg, Wog, Wwg, Wog
_off^_usr, _off^_usr, _off^_usr, _off^_usr, _off^_usr, _off^_usr, _off^_usr, _off^_usr, _off^_usr, _off^_usr, _off^_usr, _off^_usr, _off^_usr, _off^_usr, _off^_usr, _off^_usr, _off^_usr, _off^_usr, Wwg, Wog, Wog, Wwg, Gs^Fmw, Hh^Fdw, Rb^Vhs, Rb, Cer, Rb, Rb, Rb, Gs^Fmw, Gs^Fmw, Gs^Fmw, Ds, Ss^Vhs, Wwg, Gs^Fmw, Rb, Gs^Fmw, Rb, Rb, Gs^Fmw, Gs^Fmw, Gs^Fmw, Rb, 4 Kud, Cud, Urb, Urb, Urb^Pw\, Xos, Urb, Xos, Xos, Gs^Fmw, Wwg, Wwg, Wwg, Wog, Wog, Wwg
_off^_usr, _off^_usr, _off^_usr, _off^_usr, _off^_usr, _off^_usr, _off^_usr, _off^_usr, _off^_usr, _off^_usr, _off^_usr, _off^_usr, _off^_usr, _off^_usr, _off^_usr, _off^_usr, _off^_usr, _off^_usr, Wog, Wwg, Wog, Wog, Wwf, Gs^Fmw, Rb, Rb, 3 Ker, Cer, Rb, Hh^Fdw, Gs^Fmw, Ss, Hh^Fdw, Gs^Fmw, Gs^Fmw, Wwf, Rb, Rb, Gs^Fmw, Gs^Fmw, Hh^Fdw, Ss, Gs^Fmw, Gs^Fmw, Hh^Fdw, Rb, Cud, Uu^Vu, Urb, Urb, Uu^Vu, Xos, Rb, Gs^Fmw, Wwf, Wog, Wwg, Wog, Wwg, Wog, Wwg
_off^_usr, _off^_usr, _off^_usr, _off^_usr, _off^_usr, _off^_usr, _off^_usr, _off^_usr, _off^_usr, _off^_usr, _off^_usr, _off^_usr, _off^_usr, _off^_usr, _off^_usr, _off^_usr, _off^_usr, _off^_usr, Wog, Wwg, Wwg, Gs^Fmw, Gs^Fmw, Rb, Rb, Cer, Cer, Cer, Rb, Re^Ecf, Hh^Fdw, Wwf, Gs^Fmw, Gs^Fmw, Rb, Ww^Bw/, Ww, Gs^Fmw, Ds, Gs^Fmw, Ss^Vhs, Gs^Fmw, Gs^Fmw, Gs^Fmw, Gs^Fmw, Rb, Rb, Cud, Cud, Urb, Urb, Cud, Gs^Fmw, Rb, Gs^Fmw, Gs^Fmw, Wwg, Wwg, Wog, Wog, Wwg
_off^_usr, _off^_usr, _off^_usr, _off^_usr, _off^_usr, _off^_usr, _off^_usr, _off^_usr, _off^_usr, _off^_usr, _off^_usr, _off^_usr, _off^_usr, _off^_usr, _off^_usr, _off^_usr, _off^_usr, _off^_usr, Wwg, Wog, Wwg, Gs^Fmw, Gs^Fmw, Re^Ecf, Rb^Vhs, Rb, Rb, Rb, Ss^Vhs, Gs^Fmw, Gs^Fmw, Gs^Fmw, Rb, Gs^Fmw, Rb, Gs^Fmw, Gs^Fmw, Ww, Wwf, Gs^Fmw, Re, Hh^Fdw, Gs^Fmw, Wwf, Hh^Fdw, Gs^Fmw, Gs^Fmw, Rb, Rb, Urb, Rb, Gs^Fmw, Gs^Fmw, Gs^Fmw, Hh^Fdw, Gs^Fmw, Wwg, Wog, Wog, Wog, Wwg
_off^_usr, _off^_usr, _off^_usr, _off^_usr, _off^_usr, _off^_usr, _off^_usr, _off^_usr, _off^_usr, _off^_usr, _off^_usr, _off^_usr, _off^_usr, _off^_usr, _off^_usr, _off^_usr, _off^_usr, _off^_usr, Wog, Wwg, Wwg, Ds, Gs^Fmw, Gs^Fmw, Gs^Fmw, Rb, Rb, Gs^Fmw, Gs^Fmw, Ww, Gs^Fmw, Rb, Gs^Fmw, Rb, Hh^Fdw, Ds, Ss, Gs^Fmw, Ww, Gs^Fmw, Gs^Fmw, Re, Gs^Fmw, Re, Gs^Fmw, Gs^Fmw, Rb, Rb, Gs^Fmw, Rb, Gs^Fmw, Gs^Fmw, Gs^Fmw, Gs^Fmw, Ss, Gs^Fmw, Gs^Fmw, Wwg, Wwg, Wwg, Wwg
_off^_usr, _off^_usr, _off^_usr, _off^_usr, _off^_usr, _off^_usr, _off^_usr, _off^_usr, _off^_usr, _off^_usr, _off^_usr, _off^_usr, _off^_usr, _off^_usr, _off^_usr, _off^_usr, _off^_usr, _off^_usr, Wwg, Wwg, Wwg, Ds, Gs^Fmw, Ss, Hh^Fdw, Gs^Fmw, Gs^Fmw, Rb, Rb, Gs^Fmw, Gs^Fmw, Rb, Gs^Fmw, Gs^Fmw, Gs^Fmw, Gs^Fmw, Rb, Rb, Gs^Fmw, Wwf, Ww, Gs^Fmw, Ww, Gs^Fmw, Gs^Fmw, Rb, Ss, Gs^Fmw, Gs^Fmw, Gs^Fmw, Gs^Fmw, Wwf, Hh^Fdw, Gs^Fmw, Gs^Fmw, Ww, Gs^Fmw, Ds, Wwg, Wwg, Wo
_off^_usr, _off^_usr, _off^_usr, _off^_usr, _off^_usr, _off^_usr, _off^_usr, _off^_usr, _off^_usr, _off^_usr, _off^_usr, _off^_usr, _off^_usr, _off^_usr, _off^_usr, _off^_usr, _off^_usr, _off^_usr, Wog, Wog, Wwg, Wwg, Wwg, Gs^Fmw, Gs^Fmw, Gs^Fmw, Gs^Fmw, Gs^Fmw, Gs^Fmw, Rb, Rb, Rb, Rb, Gs^Fmw, Gs^Fmw, Wwf, Gs^Fmw, Rb, Ww, Ww, Re, Wwf, Ww, Ww, Rb, Rb, Gs^Fmw, Gs^Fmw, Ss, Gs^Fmw, Gs^Fmw, Hh^Fdw, Hh^Fdw, Gs^Fmw, Ss, Gs^Fmw, Ds, Ds, Wwg, Wwg, Wo
_off^_usr, _off^_usr, _off^_usr, _off^_usr, _off^_usr, _off^_usr, _off^_usr, _off^_usr, _off^_usr, _off^_usr, _off^_usr, _off^_usr, _off^_usr, _off^_usr, _off^_usr, _off^_usr, _off^_usr, _off^_usr, Wog, Wwg, Wwg, Wwg, Wwg, Wwf, Gs^Fmw, Wwf, Gs^Fmw, Hh^Fdw, Gs^Fmw, Gs^Fmw, Hh^Fdw, Gs^Fmw, Gs^Fmw, Rb, Rb, Gs^Fmw, Ww, Wwf, Re, Gs^Fmw, Gs^Fmw, Gs^Fmw, Rb, Ww^Bw/, Ww, Gs^Fmw, Gs^Fmw, Ss, Gs^Fmw, Gs^Fmw, Gs^Fmw, Gs^Fmw, Gs^Fmw, Gs^Fmw, Gs^Fmw, Gs^Fmw, Gs^Fmw, Wwg, Wog, Wwg, Wo
_off^_usr, _off^_usr, _off^_usr, _off^_usr, _off^_usr, _off^_usr, _off^_usr, _off^_usr, _off^_usr, _off^_usr, _off^_usr, _off^_usr, _off^_usr, _off^_usr, _off^_usr, _off^_usr, _off^_usr, _off^_usr, Wog, Wog, Wog, Wwg, Ds, Gs^Fmw, Gs^Fmw, Gs^Fmw, Ss, Ss, Gs^Fmw, Wwf, Gs^Fmw, Gs^Fmw, Wwg, Wwg, Wwf, Ww, Rb, Gs^Fmw, Gs^Fmw, Ce, Gs^Fmw, Rb, Gs^Fmw, Ww, Ww, Gs^Fmw, Gs^Fmw, Gs^Fmw, Wwf, Hh^Fdw, Gs^Fmw, Gs^Fmw, Ds, Gs^Fmw, Ds, Wwg, Wwg, Wwg, Wog, Wwg, Wwg
_off^_usr, _off^_usr, _off^_usr, _off^_usr, _off^_usr, _off^_usr, _off^_usr, _off^_usr, _off^_usr, _off^_usr, _off^_usr, _off^_usr, _off^_usr, _off^_usr, _off^_usr, _off^_usr, _off^_usr, _off^_usr, Wwg, Wog, Wog, Wwg, Ds, Gs^Fmw, Gs^Fmw, Gs^Fmw, Gs^Fmw, Gs^Fmw, Gs^Fmw, Gs^Fmw, Gs^Fmw, Gs^Fmw, Wwg, Gs^Fmw, Gs^Fmw, Rb, Ce, Ce, 1 Ke, Ce, 2 Ke, Ce, Ce, Gs^Fmw, Gs^Fmw, Wwf, Ds, Gs^Fmw, Gs^Fmw, Gs^Fmw, Gs^Fmw, Gs^Fmw, Gs^Fmw, Gs^Fmw, Ss, Ds, Gs^Fmw, Wwg, Wwg, Wwg, Wwg
_off^_usr, _off^_usr, _off^_usr, _off^_usr, _off^_usr, _off^_usr, _off^_usr, _off^_usr, _off^_usr, _off^_usr, _off^_usr, _off^_usr, _off^_usr, _off^_usr, _off^_usr, _off^_usr, _off^_usr, _off^_usr, Wwg, Wwg, Wwg, Wwg, Wwg, Ds, Wog, Gs^Fmw, Gs^Fmw, Hh^Fdw, Gs^Fmw, Ds, Wwg, Gs^Fmw, Wwg, Gs^Fmw, Ds, Gs^Fmw, Gs^Fmw, Re^Vct, Wwg^Bw|, Wwg^Bw|, Wwg^Bw|, Re^Vct, Wwg, Hh^Fdw, Gs^Fmw, Gs^Fmw, Wwg, Gs^Fmw, Ss, Gs^Fmw, Gs^Fmw, Gs^Fmw, Ds, Gs^Fmw, Gs^Fmw, Gs^Fmw, Gs^Fmw, Wwg, Wwg, Wog, Wog
_off^_usr, _off^_usr, _off^_usr, _off^_usr, _off^_usr, _off^_usr, _off^_usr, _off^_usr, _off^_usr, _off^_usr, _off^_usr, _off^_usr, _off^_usr, _off^_usr, _off^_usr, _off^_usr, _off^_usr, _off^_usr, Wog, Wwg, Wog, Wog, Wwg, Wog, Wog, Wog, Wwf, Gs^Fmw, Wwg, Wwg, Wwg, Wwg, Wwg, Gs^Fmw, Wwg, Wwg, Wwg, Wwg, Wwg, Wog, Wwg, Wwg, Wwg, Ds, Ds, Gs^Fmw, Wwg, Gs^Fmw, Ss, Gs^Fmw, Gs^Fmw, Ww, Gs^Fmw, Gs^Fmw, Gs^Fmw, Wwf, Wwg, Wwg, Wwg, Wog, Ww
_off^_usr, _off^_usr, _off^_usr, _off^_usr, _off^_usr, _off^_usr, _off^_usr, _off^_usr, _off^_usr, _off^_usr, _off^_usr, _off^_usr, _off^_usr, _off^_usr, _off^_usr, _off^_usr, _off^_usr, _off^_usr, Wog, Wwg, Wwg, Wog, Wwg, Wog, Wwg, Wwg, Wwg, Wwg, Wwg, Wwg, Wog, Wwg, Wwg, Wwg, Wwg, Wwg, Wog, Wog, Wog, Wog, Wwg, Wwg, Wwg, Wwg, Wwg, Wwg, Wwg, Wwg, Gs^Fmw, Gs^Fmw, Gs^Fmw, Gs^Fmw, Ds, Gs^Fmw, Wwg, Wwg, Wog, Wwg, Wwg, Wog, Ww
_off^_usr, _off^_usr, _off^_usr, _off^_usr, _off^_usr, _off^_usr, _off^_usr, _off^_usr, _off^_usr, _off^_usr, _off^_usr, _off^_usr, _off^_usr, _off^_usr, _off^_usr, _off^_usr, _off^_usr, _off^_usr, Wog, Wwg, Wwg, Wwg, Wog, Wog, Wwg, Wwg, Wog, Wwg, Wog, Wwg, Wwg, Wwg, Wwg, Wwg, Wog, Wog, Wwg, Wog, Wwg, Wwg, Wwg, Wwg, Wwg, Wwg, Wwg, Wwg, Wwg, Gs^Fmw, Wwg, Wwg, Wwg, Ds, Wwg, Wwg, Wwg, Wwg, Wwg, Wog, Wog, Wog, Wog
_off^_usr, _off^_usr, _off^_usr, _off^_usr, _off^_usr, _off^_usr, _off^_usr, _off^_usr, _off^_usr, _off^_usr, _off^_usr, _off^_usr, _off^_usr, _off^_usr, _off^_usr, _off^_usr, _off^_usr, _off^_usr, Wog, Wwg, Wog, Wog, Wwg, Wwg, Wog, Wwg, Wog, Wog, Wog, Wog, Wwg, Wog, Wog, Wog, Wwg, Wwg, Wog, Wog, Wog, Wog, Wog, Wwg, Wog, Wog, Wog, Wwg, Wwg, Wwg, Wog, Wog, Wog, Wwg, Wwg, Wwg, Wog, Wog, Wog, Wog, Wog, Wog, Wog
_off^_usr, _off^_usr, _off^_usr, _off^_usr, _off^_usr, _off^_usr, _off^_usr, _off^_usr, _off^_usr, _off^_usr, _off^_usr, _off^_usr, _off^_usr, _off^_usr, _off^_usr, _off^_usr, _off^_usr, _off^_usr, Wog, Wog, Wog, Wog, Wog, Wwg, Wwg, Wog, Ww, Wog, Wog, Wog, Wwg, Wog, Ww, Wog, Wwg, Wwg, Wog, Wog, Wog, Wog, Wog, Wog, Wog, Wog, Ww, Wog, Wog, Wwg, Wwg, Wog, Wwg, Wwg, Wwg, Wog, Ww, Wog, Wog, Ww, Wog, Wog, Wog
