_off^_usr, _off^_usr, _off^_usr, _off^_usr, _off^_usr, _off^_usr, _off^_usr, _off^_usr, _off^_usr, _off^_usr, _off^_usr, _off^_usr, _off^_usr, _off^_usr, _off^_usr, _off^_usr, _off^_usr, _off^_usr, Wo, Wo, Wo, Wo, Wo, Wo, Ww, Wo, Ww, Ww, Wo, Wo, Ww, Ww, Ww, Ww, Wo, Ww, Ww, Wo, Ww, Ww, Wo, Wo, Wo, Wo
_off^_usr, _off^_usr, _off^_usr, _off^_usr, _off^_usr, _off^_usr, _off^_usr, _off^_usr, _off^_usr, _off^_usr, _off^_usr, _off^_usr, _off^_usr, _off^_usr, _off^_usr, _off^_usr, _off^_usr, _off^_usr, Wo, Wo, Wo, Wo, Ww, Wo, Ww, Ww, Ww, Ww, Ww, Ww, Ww, Ww, Ww, Ww, Wwr, Wwr, Wwf, Wwr, Wwr, Wo, Wwr, Wo, Ww, Wo
_off^_usr, _off^_usr, _off^_usr, _off^_usr, _off^_usr, _off^_usr, _off^_usr, _off^_usr, _off^_usr, _off^_usr, _off^_usr, _off^_usr, _off^_usr, _off^_usr, _off^_usr, _off^_usr, _off^_usr, _off^_usr, Wo, Wo, Ww, Wo, Ww, Ww, Ww, Ww, Wwr, Ww, Wwf, Ww, Wwr, Ww, Ww, Wwr, Wwf, Wwf, Ds, Wwf, Wwf, Wwr, Wo, Wwr, Wwr, Ww
_off^_usr, _off^_usr, _off^_usr, _off^_usr, _off^_usr, _off^_usr, _off^_usr, _off^_usr, _off^_usr, _off^_usr, _off^_usr, _off^_usr, _off^_usr, _off^_usr, _off^_usr, _off^_usr, _off^_usr, _off^_usr, Wo, Ww, Ww, Ww, Ww, Ww, Wwr, Wwr, Wwf, Wwf, Ds, Wwf, Wwf, Wwr, Wwf, Wwf, Wwf, Ds, Uu, Ss, Wwf, Wwr, Wwr, Wo, Wo, Wo
_off^_usr, _off^_usr, _off^_usr, _off^_usr, _off^_usr, _off^_usr, _off^_usr, _off^_usr, _off^_usr, _off^_usr, _off^_usr, _off^_usr, _off^_usr, _off^_usr, _off^_usr, _off^_usr, _off^_usr, _off^_usr, Wo, Wo, Ww, Ww, Ww, Ww, Wwf, Wo, Wwf, Ds, Uu^Fdw, Ds, Ss, Wwf, Ss, Wwf, Ss, Ds, Ss^Fdw, Ss, Ss, Wwf, Wwr, Ww, Ww, Wo
_off^_usr, _off^_usr, _off^_usr, _off^_usr, _off^_usr, _off^_usr, _off^_usr, _off^_usr, _off^_usr, _off^_usr, _off^_usr, _off^_usr, _off^_usr, _off^_usr, _off^_usr, _off^_usr, _off^_usr, _off^_usr, Wo, Wo, Wo, Wo, Wwr, Wwf, Ds, Ds, 1 Ss^Uf, 2 Ss^Uf, Ss^Fdw, Uu, Uu, Ss, Ss^Fdw, Ss, Hh^Fdw, Ss^Uf, Ss^Fdw, Uu, Ds, Wwf, Wwr, Ww, Wo, Wo
_off^_usr, _off^_usr, _off^_usr, _off^_usr, _off^_usr, _off^_usr, _off^_usr, _off^_usr, _off^_usr, _off^_usr, _off^_usr, _off^_usr, _off^_usr, _off^_usr, _off^_usr, _off^_usr, _off^_usr, _off^_usr, Wo, Wo, Ww, Wo, Wwr, Wwf, Ss, Ds, Ss^Fdw, Ss^Bw\, Ss^Bw\, Khr, Chs, Ss^Fdw, Hh^Fdw, Ss^Fdw, Ss^Bw\, Ss^Vhs, Ss^Fdw, Hh^Fdw, Ds, Wwf, Wwr, Wo, Ww, Ww
_off^_usr, _off^_usr, _off^_usr, _off^_usr, _off^_usr, _off^_usr, _off^_usr, _off^_usr, _off^_usr, _off^_usr, _off^_usr, _off^_usr, _off^_usr, _off^_usr, _off^_usr, _off^_usr, _off^_usr, _off^_usr, Wo, Wo, Wo, Ww, Wwr, Wwf, Wwf, Ss, Uu, Ss^Vhs, Ss^Fdw, Ss^Bw/, Ss^Bw/, Ss^Vhs, Ss^Bw\, Ss^Bw/, Hh^Fdw, Chs, Ss^Fdw, Ss^Fdw, Ss, Wwf, Wwf, Wwr, Ww, Ww
_off^_usr, _off^_usr, _off^_usr, _off^_usr, _off^_usr, _off^_usr, _off^_usr, _off^_usr, _off^_usr, _off^_usr, _off^_usr, _off^_usr, _off^_usr, _off^_usr, _off^_usr, _off^_usr, _off^_usr, _off^_usr, Wo, Ww, Wo, Ww, Ww, Wwr, Wwf, Ss, Ds, Hh^Fdw, Ss^Uf, Ss^Bw|, Ss^Fdw, Chs, Ss^Fdw, Ss^Uf, Ss, Ss^Uf, Uu^Uf, Ss, Wwf, Wwf, Wwr, Wwr, Wo, Ww
_off^_usr, _off^_usr, _off^_usr, _off^_usr, _off^_usr, _off^_usr, _off^_usr, _off^_usr, _off^_usr, _off^_usr, _off^_usr, _off^_usr, _off^_usr, _off^_usr, _off^_usr, _off^_usr, _off^_usr, _off^_usr, Wo, Ww, Ww, Wo, Ww, Wwr, Wwr, Wwf, Ss, Uu, Ss, Ss^Vhs, Ss, Ss^Fdw, Ur, Ss, Ds, Ss, Ss, Ss, Wwf, Wwr, Ww, Wo, Ww, Wo
_off^_usr, _off^_usr, _off^_usr, _off^_usr, _off^_usr, _off^_usr, _off^_usr, _off^_usr, _off^_usr, _off^_usr, _off^_usr, _off^_usr, _off^_usr, _off^_usr, _off^_usr, _off^_usr, _off^_usr, _off^_usr, Wo, Wo, Ww, Ww, Ww, Ww, Ww, Wwf, Wwf, Ss, Ss, Ss, Ds, Ss, Ur, Ss, Wwr, Ds, Ds, Ds, Wwr, Wo, Wo, Ww, Ww, Ww
_off^_usr, _off^_usr, _off^_usr, _off^_usr, _off^_usr, _off^_usr, _off^_usr, _off^_usr, _off^_usr, _off^_usr, _off^_usr, _off^_usr, _off^_usr, _off^_usr, _off^_usr, _off^_usr, _off^_usr, _off^_usr, Wo, Wo, Wo, Wo, Ww, Ww, Ww, Ww, Wwr, Wwf, Wwf, Ds, Ss, Ss^Uf, Ss, Ss, Wwf, Wwr, Wwr, Wwr, Ww, Wo, Ww, Wo, Wo, Ww
_off^_usr, _off^_usr, _off^_usr, _off^_usr, _off^_usr, _off^_usr, _off^_usr, _off^_usr, _off^_usr, _off^_usr, _off^_usr, _off^_usr, _off^_usr, _off^_usr, _off^_usr, _off^_usr, _off^_usr, _off^_usr, Wo, Wo, Wo, Wo, Ww, Ww, Wo, Wo, Ww, Wwr, Wwf, Ss^Uf, Uu, Ur, Ss^Vm, Wwf, Wwr, Ww, Ww, Ww, Wwr, Ww, Ww, Wo, Ww, Ww
_off^_usr, _off^_usr, _off^_usr, _off^_usr, _off^_usr, _off^_usr, _off^_usr, _off^_usr, _off^_usr, _off^_usr, _off^_usr, _off^_usr, _off^_usr, _off^_usr, _off^_usr, _off^_usr, _off^_usr, _off^_usr, Ww, Ww, Ww, Ww, Ww, Ww, Ww, Ww, Ww, Wwr, Wwf, Chs, Ur, Chs, Ss, Wwf, Wwf, Wwr, Wwf, Wwf, Wwf, Wwr, Wwf, Ww, Ww, Ww
_off^_usr, _off^_usr, _off^_usr, _off^_usr, _off^_usr, _off^_usr, _off^_usr, _off^_usr, _off^_usr, _off^_usr, _off^_usr, _off^_usr, _off^_usr, _off^_usr, _off^_usr, _off^_usr, _off^_usr, _off^_usr, Ww, Ww, Ww, Ww, Wwr, Wwr, Wwr, Wwr, Ww, Wwr, Wwf, Chs, Chs, Ur, Ss^Fdw, Wwf, Wwf, Hh^Fdw, Chs^Uf, Ss^Fdw, Ss^Fdw, Khs, Chs, Wwf, Wwr, Ww
_off^_usr, _off^_usr, _off^_usr, _off^_usr, _off^_usr, _off^_usr, _off^_usr, _off^_usr, _off^_usr, _off^_usr, _off^_usr, _off^_usr, _off^_usr, _off^_usr, _off^_usr, _off^_usr, _off^_usr, _off^_usr, Ww, Ww, Wwr, Wwr, Wwf, Ds, Ds, Ds, Ds, Wwr, Ss, Ss^Uf, Ss, Uu, Uu, Ss^Fdw, Ds, Ss^Uf, Ss, Ss^Fdw, Ur^Fdw, Ur, Ss^Fdw, Wwf, Ww, Ww
_off^_usr, _off^_usr, _off^_usr, _off^_usr, _off^_usr, _off^_usr, _off^_usr, _off^_usr, _off^_usr, _off^_usr, _off^_usr, _off^_usr, _off^_usr, _off^_usr, _off^_usr, _off^_usr, _off^_usr, _off^_usr, Ww, Ww, Wwf, Wwf, Ss, Uu, Chs, Uu^Uf, Ss^Fdw, Wwr, Ss^Vhs, Hh^Fdw, Ss, Ur, Ss, Ss^Fdw, Ss, Ss, Xu, Ur, Ur, Ur, Xu, Wwf, Wwr, Ww
_off^_usr, _off^_usr, _off^_usr, _off^_usr, _off^_usr, _off^_usr, _off^_usr, _off^_usr, _off^_usr, _off^_usr, _off^_usr, _off^_usr, _off^_usr, _off^_usr, _off^_usr, _off^_usr, _off^_usr, _off^_usr, Ww, Ww, Wwf, Ss, Chs, Rp, Rp, Rp, Ss^Uf, Ss, Wwf, Ss^Bw\, Wwf, Ss, Wwf, Ss, Hh^Fdw, Ss^Vhs, Ur^Fdw, Uh, Xu, Ss^Uf, Ds, Wwf, Wwr, Ww
_off^_usr, _off^_usr, _off^_usr, _off^_usr, _off^_usr, _off^_usr, _off^_usr, _off^_usr, _off^_usr, _off^_usr, _off^_usr, _off^_usr, _off^_usr, _off^_usr, _off^_usr, _off^_usr, _off^_usr, _off^_usr, Ww, Wwr, Wwf, Ss^Fdw, Chs, Rp, Rp, Rp, Ss, Khr, Ss^Fdw, Ds, Wwr, Wwf, Wwf, Ss^Uf, Chs, Ss^Bw\, Ss, Ur^Fdw, Hh^Fdw, Uu^Uf, Ds, Wwr, Ww, Ww
_off^_usr, _off^_usr, _off^_usr, _off^_usr, _off^_usr, _off^_usr, _off^_usr, _off^_usr, _off^_usr, _off^_usr, _off^_usr, _off^_usr, _off^_usr, _off^_usr, _off^_usr, _off^_usr, _off^_usr, _off^_usr, Ww, Wwr, Wwr, Ds, Ss, Ss^Uf, Ss, Ss, Hh^Fdw, Ss, Ds, Ds, Wwr, Wo, Wwr, Wwf, Wwf, Ss^Bw|, Ss^Bw\, Ds, Wwr, Ds, Wwr, Wwr, Ww, Ww
_off^_usr, _off^_usr, _off^_usr, _off^_usr, _off^_usr, _off^_usr, _off^_usr, _off^_usr, _off^_usr, _off^_usr, _off^_usr, _off^_usr, _off^_usr, _off^_usr, _off^_usr, _off^_usr, _off^_usr, _off^_usr, Ww, Ww, Ww, Wwf, Wwf, Ds, Wwf, Ds, Wwr, Ds, Wwr, Wwr, Ww, Ww, Ww, Wwr, Wwf, Ss, Wwf, Ww, Ww, Wwr, Ww, Ww, Ww, Ww
_off^_usr, _off^_usr, _off^_usr, _off^_usr, _off^_usr, _off^_usr, _off^_usr, _off^_usr, _off^_usr, _off^_usr, _off^_usr, _off^_usr, _off^_usr, _off^_usr, _off^_usr, _off^_usr, _off^_usr, _off^_usr, Ww, Ww, Ww, Wwr, Wwr, Wwr, Ww, Wwr, Ww, Ww, Ww, Ww, Ww, Ww, Ww, Wwr, Wwr, Wwf, Wwr, Ww, Ww, Ww, Ww, Ww, Ww, Ww
_off^_usr, _off^_usr, _off^_usr, _off^_usr, _off^_usr, _off^_usr, _off^_usr, _off^_usr, _off^_usr, _off^_usr, _off^_usr, _off^_usr, _off^_usr, _off^_usr, _off^_usr, _off^_usr, _off^_usr, _off^_usr, Ww, Ww, Ww, Ww, Ww, Ww, Ww, Ww, Ww, Ww, Ww, Ww, Ww, Ww, Ww, Ww, Ww, Wwr, Ww, Ww, Ww, Ww, Ww, Ww, Ww, Ww
_off^_usr, _off^_usr, _off^_usr, _off^_usr, _off^_usr, _off^_usr, _off^_usr, _off^_usr, _off^_usr, _off^_usr, _off^_usr, _off^_usr, _off^_usr, _off^_usr, _off^_usr, _off^_usr, _off^_usr, _off^_usr, Ww, Ww, Ww, Ww, Ww, Ww, Ww, Ww, Ww, Ww, Ww, Ww, Ww, Ww, Ww, Ww, Ww, Ww, Ww, Wo, Ww, Ww, Ww, Ww, Ww, Ww
_off^_usr, _off^_usr, _off^_usr, _off^_usr, _off^_usr, _off^_usr, _off^_usr, _off^_usr, _off^_usr, _off^_usr, _off^_usr, _off^_usr, _off^_usr, _off^_usr, _off^_usr, _off^_usr, _off^_usr, _off^_usr, Ww, Ww, Ww, Ww, Ww, Ww, Ww, Ww, Ww, Ww, Ww, Ww, 3 Ww, Ww, Ww, Ww, Ww, Ww, Ww, Ww, Ww, Ww, Ww, Ww, Ww, Ww
_off^_usr, _off^_usr, _off^_usr, _off^_usr, _off^_usr, _off^_usr, _off^_usr, _off^_usr, _off^_usr, _off^_usr, _off^_usr, _off^_usr, _off^_usr, _off^_usr, _off^_usr, _off^_usr, _off^_usr, _off^_usr, Ww, Ww, Ww, Ww, Ww, Ww, Ww, Ww, Ww, Ww, Ww, Ww, Ww, Ww, Ww, Ww, Ww, Ww, Ww, Ww, Ww, Ww, Ww, Ww, Ww, Ww
