_off^_usr, _off^_usr, _off^_usr, _off^_usr, _off^_usr, _off^_usr, _off^_usr, _off^_usr, _off^_usr, _off^_usr, _off^_usr, _off^_usr, _off^_usr, _off^_usr, _off^_usr, _off^_usr, _off^_usr, _off^_usr, Wo, Wo, Ww, Ww, Ww, Ww, Ww, Ww, Ww, Wo, Wo, Wo, Ww, Ww, Ww, Wo, Ww, Ww, Ww, Ww, Wo, Wo, Wo, Wo, Wo, Wo
_off^_usr, _off^_usr, _off^_usr, _off^_usr, _off^_usr, _off^_usr, _off^_usr, _off^_usr, _off^_usr, _off^_usr, _off^_usr, _off^_usr, _off^_usr, _off^_usr, _off^_usr, _off^_usr, _off^_usr, _off^_usr, Ww, Wo, Ww, Ww, Ww, Ww, Ww, Ww, Ww, Ww, Ww, Ww, Ww, Ww, Ww, Ww, Ww, Ww, Wo, Wo, Ww, Wo, Ww, Wo, Wo, Wo
_off^_usr, _off^_usr, _off^_usr, _off^_usr, _off^_usr, _off^_usr, _off^_usr, _off^_usr, _off^_usr, _off^_usr, _off^_usr, _off^_usr, _off^_usr, _off^_usr, _off^_usr, _off^_usr, _off^_usr, _off^_usr, Ww, Ww, Ww, Ww, Ww, Ww, Ce, Ww, Ww, Wo, Ww, Ww, Ww, Wo, Wo, Wo, Ww, Ww, Ww, Wo, Ww, Ww, Ww, Ww, Ww, Wo
_off^_usr, _off^_usr, _off^_usr, _off^_usr, _off^_usr, _off^_usr, _off^_usr, _off^_usr, _off^_usr, _off^_usr, _off^_usr, _off^_usr, _off^_usr, _off^_usr, _off^_usr, _off^_usr, _off^_usr, _off^_usr, Ww, Wo, Ww, Ww, Ce, Ke, Re, Gs, Gs, Ww^Bw|, Rr, Ce, Ww, Ww, Ww^Bw/, Wo, Ww, Wo, Wo, Ww, Ww, Ww, Wo, Wo, Ww, Ww
_off^_usr, _off^_usr, _off^_usr, _off^_usr, _off^_usr, _off^_usr, _off^_usr, _off^_usr, _off^_usr, _off^_usr, _off^_usr, _off^_usr, _off^_usr, _off^_usr, _off^_usr, _off^_usr, _off^_usr, _off^_usr, Ww, Ww, Ds, Ce, Re, Re, Gs, Re, 1 Re, Rr, 2 Re, Ww, Re, Rr, Re, Ww, Ww^Bw/, Wo, Ww, Ww, Ww, Ww, Ww, Wo, Ww, Ww
_off^_usr, _off^_usr, _off^_usr, _off^_usr, _off^_usr, _off^_usr, _off^_usr, _off^_usr, _off^_usr, _off^_usr, _off^_usr, _off^_usr, _off^_usr, _off^_usr, _off^_usr, _off^_usr, _off^_usr, _off^_usr, Ww, Ww, Wwf, Re, Gs^Fmf, Gs, Gs, Re, Re, Rr, Re, Re, Rr, Rr, Rr, Rr, Re, Ww, Ww^Bw/, Wo, Wo, Ww, Ww, Ww, Ww, Ww
_off^_usr, _off^_usr, _off^_usr, _off^_usr, _off^_usr, _off^_usr, _off^_usr, _off^_usr, _off^_usr, _off^_usr, _off^_usr, _off^_usr, _off^_usr, _off^_usr, _off^_usr, _off^_usr, _off^_usr, _off^_usr, Ww, Ww, Ce, Re, Re, Gs^Vhs, Re, Re, Rr, Rr, Rr, Rr, Re, Re, Re, Rr, Rr, Rr, Gs^Vhs, Ww, Ww, Ww, Ww, Wo, Wo, Wo
_off^_usr, _off^_usr, _off^_usr, _off^_usr, _off^_usr, _off^_usr, _off^_usr, _off^_usr, _off^_usr, _off^_usr, _off^_usr, _off^_usr, _off^_usr, _off^_usr, _off^_usr, _off^_usr, _off^_usr, _off^_usr, Ww, Ww, Re, Re, Gs^Fmf, Re, Gs, Re, Rr, Ww, Ww, Re, Gs^Fmf, Gs, Gs, Re, Rr, Re, Re, Gs, Gs, Ce, Ww, Ww, Ww, Wo
_off^_usr, _off^_usr, _off^_usr, _off^_usr, _off^_usr, _off^_usr, _off^_usr, _off^_usr, _off^_usr, _off^_usr, _off^_usr, _off^_usr, _off^_usr, _off^_usr, _off^_usr, _off^_usr, _off^_usr, _off^_usr, Wo, Ww, Ds, Gs^Fmf, Gs^Fmf, Gs^Vhs, Gs, Re, Rr, Ww, Gs, Re, Ww, Gs^Fmf, Re, Re, Re, Rr, Rr, Rr, Rr, Gs, Ds, Ww, Ww, Ww
_off^_usr, _off^_usr, _off^_usr, _off^_usr, _off^_usr, _off^_usr, _off^_usr, _off^_usr, _off^_usr, _off^_usr, _off^_usr, _off^_usr, _off^_usr, _off^_usr, _off^_usr, _off^_usr, _off^_usr, _off^_usr, Wo, Ww, Wwf, Ds, Gs^Fmf, Re, Re, Re, Gs^Vhs, Rr, Gs, Re, Re, Re, Ww, Ww, Re, Re, Hh^Fmf, Gs^Vhs, Gs, Rr, Ds, Rr, Ww, Ww
_off^_usr, _off^_usr, _off^_usr, _off^_usr, _off^_usr, _off^_usr, _off^_usr, _off^_usr, _off^_usr, _off^_usr, _off^_usr, _off^_usr, _off^_usr, _off^_usr, _off^_usr, _off^_usr, _off^_usr, _off^_usr, Ww, Ww, Re, Re, Re, Re, Rr, Rr, Gs^Fmf, Rr, Rr, Gs, Re, Ww, Re, Ww, Re, Gs^Fmf, Gs^Fmf, Gs^Fmf, Gs, Rr, Rr, Rr, Ww, Wo
_off^_usr, _off^_usr, _off^_usr, _off^_usr, _off^_usr, _off^_usr, _off^_usr, _off^_usr, _off^_usr, _off^_usr, _off^_usr, _off^_usr, _off^_usr, _off^_usr, _off^_usr, _off^_usr, _off^_usr, _off^_usr, Wo, Ww, Ww, Re, Rr, Rr, Re, Hh^Fmf, Gs^Fdf, Hh^Fmf, Re, Rr, Rr, Re, Ww, Ww, Re, Hh^Fmf, Hh^Fmf, Gs^Fdf, Gs^Fmf, Gs^Fmf, Gs^Fmf, Ww, Ww, Wo
_off^_usr, _off^_usr, _off^_usr, _off^_usr, _off^_usr, _off^_usr, _off^_usr, _off^_usr, _off^_usr, _off^_usr, _off^_usr, _off^_usr, _off^_usr, _off^_usr, _off^_usr, _off^_usr, _off^_usr, _off^_usr, Wo, Ww, Ww, Ww^Bw/, Ww, Re, Re, Re, Re, Re, Re, Re, Ww, Ww^Bw\, Wo, Ww, Ww, Re, Re, Hh^Fmf, Re, Hh^Fmf, Ds, Ww, Ww, Ww
_off^_usr, _off^_usr, _off^_usr, _off^_usr, _off^_usr, _off^_usr, _off^_usr, _off^_usr, _off^_usr, _off^_usr, _off^_usr, _off^_usr, _off^_usr, _off^_usr, _off^_usr, _off^_usr, _off^_usr, _off^_usr, Wo, Ww, Ww, Ww, Ww, Ww^Bw/, Ww, Re, Ww, Ww, Ww, Ww, Ww, Ww, Ww, Wo, Ww, Ww, Ww, Re, Ww, Ds, Ww, Ww, Ww, Ww
_off^_usr, _off^_usr, _off^_usr, _off^_usr, _off^_usr, _off^_usr, _off^_usr, _off^_usr, _off^_usr, _off^_usr, _off^_usr, _off^_usr, _off^_usr, _off^_usr, _off^_usr, _off^_usr, _off^_usr, _off^_usr, Wo, Ww, Wo, Wo, Ww, Ww, Ww, Ww, Wo, Wo, Ww, Ww, Ww, Ww, Wo, Wo, Wo, Ww, Ww, Ww, Wo, Ww, Ww, Ww, Wo, Wo
_off^_usr, _off^_usr, _off^_usr, _off^_usr, _off^_usr, _off^_usr, _off^_usr, _off^_usr, _off^_usr, _off^_usr, _off^_usr, _off^_usr, _off^_usr, _off^_usr, _off^_usr, _off^_usr, _off^_usr, _off^_usr, Wo, Wo, Wo, Wo, Ww, Ww, Ww, Ww, Wo, Wo, Wo, Wo, Wo, Wo, Wo, Wo, Ww, Wo, Ww, Ww, Ww, Ww, Ww, Ww, Wo, Wo
