_off^_usr, _off^_usr, _off^_usr, _off^_usr, _off^_usr, _off^_usr, _off^_usr, _off^_usr, _off^_usr, _off^_usr, _off^_usr, _off^_usr, _off^_usr, _off^_usr, _off^_usr, _off^_usr, _off^_usr, _off^_usr, Wot, Wwr, Wot, Wot, Wot, Wot, Wot, Wot, Wot, Wot, Wot, Wot, Wot, Wwr, Wwr, Wwr, Wot, Wwt, Wwt, Wo, Wwt, Wwt, Wot, Wot, Wot, Wot, Wwt, Wo, Wwt, Wwt, Wot, Wot
_off^_usr, _off^_usr, _off^_usr, _off^_usr, _off^_usr, _off^_usr, _off^_usr, _off^_usr, _off^_usr, _off^_usr, _off^_usr, _off^_usr, _off^_usr, _off^_usr, _off^_usr, _off^_usr, _off^_usr, _off^_usr, Wot, Wot, Wot, Wot, Wwr, Wot, Wwt, Wwt, Wwt, Wwt, Wwt, Wot, Chw^Es, Wot, Chw^Es, Wwt, Wwt, Wwt, Wot, Wwrt, Wwt, Wot, Wwt, Wot, Wwr, Wot, Wwt, Wwt, Wwr, Wwt, Wwt, Wot
_off^_usr, _off^_usr, _off^_usr, _off^_usr, _off^_usr, _off^_usr, _off^_usr, _off^_usr, _off^_usr, _off^_usr, _off^_usr, _off^_usr, _off^_usr, _off^_usr, _off^_usr, _off^_usr, _off^_usr, _off^_usr, Wot, Wot, Wwt, Wwr, Wwr, Wwt, Wwt, Wwr, Wwt, Wwr, Chw^Es, Wwr, Chw^Es, Chw^Es, Ww^Vm, Wwr, Wwr, Wwt, Wwr, Wwt, Wwr^Bp/, Chw^Es, Chw^Es, Wwt, Wwt, Wwt, Wwt, Wwr, Wwt, Wwt, Wot, Wot
_off^_usr, _off^_usr, _off^_usr, _off^_usr, _off^_usr, _off^_usr, _off^_usr, _off^_usr, _off^_usr, _off^_usr, _off^_usr, _off^_usr, _off^_usr, _off^_usr, _off^_usr, _off^_usr, _off^_usr, _off^_usr, Wot, Wwr, Wwt, Wwt, Wot, Wwt, Wwr, Wwt, Ww^Bp/, Ww^Bp/, Wwt, Chw^Es, Ww^Bp|, Ww^Vm, Wwr, Wwr, Wwt, Wwt, Chw^Es, Ww^Bp/, Wwr, Ww^Bp|, Ww^Vm, Wwr, Wwt, Wwt, Wwt, Wot, Wwt, Wwt, Wwt, Wot
_off^_usr, _off^_usr, _off^_usr, _off^_usr, _off^_usr, 1 _off^_usr, _off^_usr, 2 _off^_usr, _off^_usr, _off^_usr, _off^_usr, _off^_usr, _off^_usr, _off^_usr, _off^_usr, _off^_usr, _off^_usr, _off^_usr, Wot, Wwr, Wwt, Wwt, Wwt, Wwr, Wwt, Chw^Es, Wwr, Wot, Wwt, Wwr, Chw, Wwt, Chw^Es, Wwt, Ww^Bp/, Ww^Bp/, Wot, Wot, Wwt, Ww^Bp|, Wwf, Wwt, Wwr, Wot, Wwr, Wwr, Wot, Wot, Wwr, Wot
_off^_usr, _off^_usr, _off^_usr, _off^_usr, _off^_usr, _off^_usr, _off^_usr, _off^_usr, _off^_usr, _off^_usr, _off^_usr, _off^_usr, _off^_usr, _off^_usr, _off^_usr, _off^_usr, _off^_usr, _off^_usr, Wot, Wot, Wwt, Wot, Wot, Wwt, Wot, Wwt, Wwt, Wwt, Wwt, Wwf, Wwf, Wwf, Chw, Chw^Es, Ww^Vm, Wwt^Es, Wwf, Wwf^Es, Ww^Vm, Chw^Es, Chw^Es, Wwt, Wwt, Wwr, Wot, Wwt, Wwt, Wwt, Wwr, Wot
_off^_usr, _off^_usr, _off^_usr, _off^_usr, _off^_usr, _off^_usr, _off^_usr, _off^_usr, _off^_usr, _off^_usr, _off^_usr, _off^_usr, _off^_usr, _off^_usr, _off^_usr, _off^_usr, _off^_usr, _off^_usr, Wot, Wot, Wwt, Wot, Wot, Wot, Wwr, Wwt, Wwt, Wwt, Wwt, Wwf, Chw^Es, Wwf^Es, Chw^Es, Chw^Es, Wwr^Bp\, Wwt, Wwr, Wwf, Wwr, Chw^Es, Wwf, Wwr, Wwt, Wwt, Wwt, Wot, Wwt, Wwt, Wwt, Wot
_off^_usr, _off^_usr, _off^_usr, _off^_usr, _off^_usr, _off^_usr, _off^_usr, _off^_usr, _off^_usr, _off^_usr, _off^_usr, _off^_usr, _off^_usr, _off^_usr, _off^_usr, _off^_usr, _off^_usr, _off^_usr, Wot, Wot, Wot, Wwt, Wwt, Wot, Wwr, Chw^Es, Wwr^Bp\, Wwr, Wwr, Wwt, Ww^Bp|, Wwt, Wwt, Wot^Es, Wwr, Ww^Bp\, Chw^Es, Wwt, Wo, Ww^Bp|, Ww^Vm, Wwt, Wwt, Wwr, Wwr, Wwt, Wot, Wot, Wwg, Wot
_off^_usr, _off^_usr, _off^_usr, _off^_usr, _off^_usr, _off^_usr, _off^_usr, _off^_usr, _off^_usr, _off^_usr, _off^_usr, _off^_usr, _off^_usr, _off^_usr, _off^_usr, _off^_usr, _off^_usr, _off^_usr, Wot, Wwt, Wwt, Wwt, Wwr, Wwt, Wwt, Wwt, Wwt, Ww^Bp\, Chw^Es, Wwr, Chw^Es, Ww^Vm, Wwr, Wwt, Wwr^Bp/, Chw^Es, Chw^Es, Ww^Vm, Wo, Ww^Bp|, Chw^Es, Wwr, Wwt, Wwr, Wwt, Wwt, Wwt, Wot, Wwrg, Wot
_off^_usr, _off^_usr, _off^_usr, _off^_usr, _off^_usr, _off^_usr, _off^_usr, _off^_usr, _off^_usr, _off^_usr, _off^_usr, _off^_usr, _off^_usr, _off^_usr, _off^_usr, _off^_usr, _off^_usr, _off^_usr, Wot, Wwt, Wwt, Wot, Wot, Wwt, Wwt, Wwt, Wwr, Wwt, Wwt, Chw, Chw^Es, Chw, Chw^Es, Ww^Bp/, Wwt, Wwt, Wwt, Wwr, Wwr, Chw^Es, Wwt, Wwr, Wwt, Wwt, Wot, Wwt, Wwr, Wot, Wwt, Wot
_off^_usr, _off^_usr, _off^_usr, _off^_usr, _off^_usr, _off^_usr, _off^_usr, _off^_usr, _off^_usr, _off^_usr, _off^_usr, _off^_usr, _off^_usr, _off^_usr, _off^_usr, _off^_usr, _off^_usr, _off^_usr, Wot, Wot, Wwt, Wwrg, Wwrg, Wot, Wwt, Wwr, Wwr, Wwt, Wwt, Wwr, Wwr, Chw, Wwr, Wwr, Wwt, Wwr, Wot, Wwt, Wwt, Wwt, Wwt, Wwt, Wot, Wwt, Wot, Wwr, Wwt, Wot, Wot, Wot
_off^_usr, _off^_usr, _off^_usr, _off^_usr, _off^_usr, _off^_usr, _off^_usr, _off^_usr, _off^_usr, _off^_usr, _off^_usr, _off^_usr, _off^_usr, _off^_usr, _off^_usr, _off^_usr, _off^_usr, _off^_usr, Wot, Wot, Wot, Wot, Wwt, Wwt, Wwt, Wwt, Wwt, Wwt, Wwt, Wot, Wot, Wwt, Wwt, Wwt, Wwr, Wot, Wot, Wwr, Wwr, Wwr, Wot, Wot, Wwr, Wot, Wot, Wwt, Wot, Wwt, Wwr, Wot
_off^_usr, _off^_usr, _off^_usr, _off^_usr, _off^_usr, _off^_usr, _off^_usr, _off^_usr, _off^_usr, _off^_usr, _off^_usr, _off^_usr, _off^_usr, _off^_usr, _off^_usr, _off^_usr, _off^_usr, _off^_usr, Wot, Wwr, Wot, Wot, Wwt, Wwt, Wot, Wot, Wwt, Wot, Wwt, Wwrt, Ww, Wot, Wot, Wot, Ww, Ww, Ww, Wot, Wot, Wot, Wot, Wot, Wot, Wot, Wot, Wot, Wot, Wot, Wot, Wot
