_off^_usr, _off^_usr, _off^_usr, _off^_usr, _off^_usr, _off^_usr, _off^_usr, _off^_usr, _off^_usr, _off^_usr, _off^_usr, _off^_usr, _off^_usr, _off^_usr, _off^_usr, _off^_usr, _off^_usr, _off^_usr, Wo, Wo, Wo, Wo, Wo, Wo, Wo, Wo, Wo, Wo, Ww, Ww, Ai, Ai, Ai, Ww, Ww, Wo, Wo, Wo, Wo, Wo, Wo, Wo, Wo, Wo
_off^_usr, _off^_usr, _off^_usr, _off^_usr, _off^_usr, _off^_usr, _off^_usr, _off^_usr, _off^_usr, _off^_usr, _off^_usr, _off^_usr, _off^_usr, _off^_usr, _off^_usr, _off^_usr, _off^_usr, _off^_usr, Wo, Wo, Ai, Ai, Ai, Ai, Ai, Wo, Ww, Wo, Ww, Ww, Ww, Ww, Ww, Ww, Ms, Ww, Ww, Wo, Ai, Wo, Wo, Wo, Wo, Wo
_off^_usr, _off^_usr, _off^_usr, _off^_usr, _off^_usr, _off^_usr, _off^_usr, _off^_usr, _off^_usr, _off^_usr, _off^_usr, _off^_usr, _off^_usr, _off^_usr, _off^_usr, _off^_usr, _off^_usr, _off^_usr, Wo, Ai, Ww, Ww, Ww, Ww, Ww, Ww, Ww, Ww, Ww, Ww, Ai, Ww, Ai, Ww, Ww, Ww, Ww, Ww, Ww, Ms, Ww, Ai, Ai, Wo
_off^_usr, _off^_usr, _off^_usr, _off^_usr, _off^_usr, _off^_usr, _off^_usr, _off^_usr, _off^_usr, _off^_usr, _off^_usr, _off^_usr, _off^_usr, _off^_usr, _off^_usr, _off^_usr, _off^_usr, _off^_usr, Ww, Ww, Ww, Ww, Ww, Ai, Ww, Ww, Ai, Aa, Aa, Ai, Ha, Ai, Ms, Ms, Ha, Wwf, Re, Ww, Ai, Ww, Ww, Ai, Ww, Ww
_off^_usr, _off^_usr, _off^_usr, _off^_usr, _off^_usr, _off^_usr, _off^_usr, _off^_usr, _off^_usr, _off^_usr, _off^_usr, _off^_usr, _off^_usr, _off^_usr, _off^_usr, _off^_usr, _off^_usr, _off^_usr, Ww, Wo, Ww, Ww, Wwf, Ai, Ai, Ai, Ha^Fda, Aa, Ha^Fpa, Ms, Re, Koa, Re, Aa^Uf, Ms, Re, Aa^Voa, Re, Ai, Ww, Ww, Ww, Ww, Ww
_off^_usr, _off^_usr, _off^_usr, _off^_usr, _off^_usr, _off^_usr, _off^_usr, _off^_usr, _off^_usr, _off^_usr, _off^_usr, _off^_usr, _off^_usr, _off^_usr, _off^_usr, _off^_usr, _off^_usr, _off^_usr, Wo, Wo, Ww, Ai, Ai, Ai, Re, Re^Uf, Ms, Ha^Fma, Re^Pr/, Xuc, Re^Pr\, Re, Re^Pr/, Xuc, Re^Pr\, Ms, Ha^Fda, Re, Re, Ww, Ww, Ww, Ww, Ww
_off^_usr, _off^_usr, _off^_usr, _off^_usr, _off^_usr, _off^_usr, _off^_usr, _off^_usr, _off^_usr, _off^_usr, _off^_usr, _off^_usr, _off^_usr, _off^_usr, _off^_usr, _off^_usr, _off^_usr, _off^_usr, Wo, Ww, Ai, Ai, Ai, Ai, Ms, Ms, Re^Pr/, Xuc, Re^Pr\, Re, Re^Pr/, Xuc, Re^Pr\, Re, Re^Pr/, Xuc, Re^Pr\, Ms, Ha^Fda, Re, Ai, Ai, Ww, Ww
_off^_usr, _off^_usr, _off^_usr, _off^_usr, _off^_usr, _off^_usr, _off^_usr, _off^_usr, _off^_usr, _off^_usr, _off^_usr, _off^_usr, _off^_usr, _off^_usr, _off^_usr, _off^_usr, _off^_usr, _off^_usr, Wo, Ww, Ai, Ai, Wwf, Aa, Ha^Fma, Xuc, Re^Pr\, Re, Re^Pr/, Xuc, Re, Re, Re, Xuc, Re^Pr\, Re, Re^Pr/, Xuc, Ms, Re, Aa, Ai, Ww, Wo
_off^_usr, _off^_usr, _off^_usr, _off^_usr, _off^_usr, _off^_usr, _off^_usr, _off^_usr, _off^_usr, _off^_usr, _off^_usr, _off^_usr, _off^_usr, _off^_usr, _off^_usr, _off^_usr, _off^_usr, _off^_usr, Ww, Ww, Ww, Ww, Wwf, Aa, Ha, Aa^Fma, Aa^Fda, Xuc, Re, Re, Re, Re, Re, Re, Re, Xuc, Aa^Fda, Aa^Fma, Ms, Re, Aa, Ai, Ai, Wo
_off^_usr, _off^_usr, _off^_usr, _off^_usr, _off^_usr, _off^_usr, _off^_usr, _off^_usr, _off^_usr, _off^_usr, _off^_usr, _off^_usr, _off^_usr, _off^_usr, _off^_usr, _off^_usr, _off^_usr, _off^_usr, Ww, Ww, Ww, Wwf, Ai, Re, Re, Aa, Aa, Re, Re, Re, Re, Coa, Aa, Re, Re, Re^Uf, Aa^Uf, Ms, Ha^Voa, Re, Aa, Wwf, Ww, Wo
_off^_usr, _off^_usr, _off^_usr, _off^_usr, _off^_usr, _off^_usr, _off^_usr, _off^_usr, _off^_usr, _off^_usr, _off^_usr, _off^_usr, _off^_usr, _off^_usr, _off^_usr, _off^_usr, _off^_usr, _off^_usr, Ww, Ms, Ww, Ai, Aa, Re, Ms, Re, Re, Ha^Voa, Re^Uf, Re, Re, Aa, Re, Re, Re, Coa, Ms, Ms, Re, Re, Re, Aa, Ww, Wo
_off^_usr, _off^_usr, _off^_usr, _off^_usr, _off^_usr, _off^_usr, _off^_usr, _off^_usr, _off^_usr, _off^_usr, _off^_usr, _off^_usr, _off^_usr, _off^_usr, _off^_usr, _off^_usr, _off^_usr, _off^_usr, Ww, Ww, Ww, Ai, Aa, Re, Ms, Ms, Re, Aa, Co, Co, Re, Re, Re, Re, Aa^Fda, Re, Re, Ms, Re, Ha^Fda, Re, Aa, Wwf, Wo
_off^_usr, _off^_usr, _off^_usr, _off^_usr, _off^_usr, _off^_usr, _off^_usr, _off^_usr, _off^_usr, _off^_usr, _off^_usr, _off^_usr, _off^_usr, _off^_usr, _off^_usr, _off^_usr, _off^_usr, _off^_usr, Ww, Ww, Ai, Ai, Aa, Re, Re, Ms, Ms, Re, Aa^Fda, 3 Koa, Re, Re, Re, Re, Aa, Ha^Voa, Ms, Re, Re, Ha^Fma, Re, Aa, Wwf, Wo
_off^_usr, _off^_usr, _off^_usr, _off^_usr, _off^_usr, _off^_usr, _off^_usr, _off^_usr, _off^_usr, _off^_usr, _off^_usr, _off^_usr, _off^_usr, _off^_usr, _off^_usr, _off^_usr, _off^_usr, _off^_usr, Ww, Ww, Ai, Ai, Aa^Fda, Aa, Re, Ms, Ms, Aa^Fda, Re, Co, Aa, Re, Re, Re, Re, Re, Re, Co, Re, Re, Re, Wwf^Bw\, Wo, Wo
_off^_usr, _off^_usr, _off^_usr, _off^_usr, _off^_usr, _off^_usr, _off^_usr, _off^_usr, _off^_usr, _off^_usr, _off^_usr, _off^_usr, _off^_usr, _off^_usr, _off^_usr, _off^_usr, _off^_usr, _off^_usr, Ww, Ww, Ww, Ai, Wwf, Aa, Ha, Re, Aa^Fda, Ha^Voa, Re, Aa, Re, Aa^Fda, Re, Re, 1 Re, 2 Re, Re, Re, Wwf, Re, Wwf, Wwf, Ww, Ms
_off^_usr, _off^_usr, _off^_usr, _off^_usr, _off^_usr, _off^_usr, _off^_usr, _off^_usr, _off^_usr, _off^_usr, _off^_usr, _off^_usr, _off^_usr, _off^_usr, _off^_usr, _off^_usr, _off^_usr, _off^_usr, Ww, Ww, Ww, Ai, Wwf, Aa, Re, Re, Re, Re, Aa, Re, Re, Ha, Re, Coa, Co, Re, Re, Wwf^Bw\, Wo, Wwf, Ww, Ww, Ms, Ms
_off^_usr, _off^_usr, _off^_usr, _off^_usr, _off^_usr, _off^_usr, _off^_usr, _off^_usr, _off^_usr, _off^_usr, _off^_usr, _off^_usr, _off^_usr, _off^_usr, _off^_usr, _off^_usr, _off^_usr, _off^_usr, Ww, Ww, Ai, Ai, Wwf, Ww, Ww, Aa, Aa, Aa, Ai, Aa, Ai, Re, Aa^Uf, Koa, Aa, Re, Wwf^Bw\, Wwf, Ww, Ww, Ww, Ww, Ww, Ms
_off^_usr, _off^_usr, _off^_usr, _off^_usr, _off^_usr, _off^_usr, _off^_usr, _off^_usr, _off^_usr, _off^_usr, _off^_usr, _off^_usr, _off^_usr, _off^_usr, _off^_usr, _off^_usr, _off^_usr, _off^_usr, Wo, Ai, Ai, Wwf, Ai, Ww, Ww, Aa, Ww, Ai, Ai, Ai, Ai, Ai, Wwf, Aa, Ww, Wwf, Ww, Wo, Ww, Ww, Ww, Ww, Ms, Wo
_off^_usr, _off^_usr, _off^_usr, _off^_usr, _off^_usr, _off^_usr, _off^_usr, _off^_usr, _off^_usr, _off^_usr, _off^_usr, _off^_usr, _off^_usr, _off^_usr, _off^_usr, _off^_usr, _off^_usr, _off^_usr, Wo, Ww, Ww, Wwf, Ai, Ai, Ai, Ww, Ww, Ai, Wwf, Ai, Ai, Ai, Ww, Ww, Ww, Ww, Ww, Ai, Ww, Ww, Ww, Ww, Ms, Wo
_off^_usr, _off^_usr, _off^_usr, _off^_usr, _off^_usr, _off^_usr, _off^_usr, _off^_usr, _off^_usr, _off^_usr, _off^_usr, _off^_usr, _off^_usr, _off^_usr, _off^_usr, _off^_usr, _off^_usr, _off^_usr, Wo, Ww, Ww, Ww, Ww, Wwf, Ww, Ww, Ww, Wwf, Wwf, Wwf, Wwf, Ww, Ai, Wwf, Wwf, Ai, Wwf, Ww, Ww, Ww, Ww, Ms, Wo, Wo
