_off^_usr, _off^_usr, _off^_usr, _off^_usr, _off^_usr, _off^_usr, _off^_usr, _off^_usr, _off^_usr, _off^_usr, _off^_usr, _off^_usr, _off^_usr, _off^_usr, _off^_usr, _off^_usr, _off^_usr, _off^_usr, Wog, Wog, Wog, Wog, Wog, Wog, Ww, Wo, Ww, Ww, Wog, Wog, Ww, Ww, Ww, Wog, Wog, Wog, Ww, Wo, Ww, Ww, Wog, Wog, Wog, Wog
_off^_usr, _off^_usr, _off^_usr, _off^_usr, _off^_usr, _off^_usr, _off^_usr, _off^_usr, _off^_usr, _off^_usr, _off^_usr, _off^_usr, _off^_usr, _off^_usr, _off^_usr, _off^_usr, _off^_usr, _off^_usr, Wog, Wwr, Wwr, Wog, Ww, Wog, Ww, Ww, Ww, Ww, Ww, Ww, Ww, Wog, Ww, Wog, Ww, Wog, Ww, Ww, Wwr, Wog, Ww, Wog, Ww, Wog
_off^_usr, _off^_usr, _off^_usr, _off^_usr, _off^_usr, Ww^ZBw|, _off^_usr, _off^_usr, _off^_usr, _off^_usr, _off^_usr, _off^_usr, _off^_usr, _off^_usr, _off^_usr, _off^_usr, _off^_usr, _off^_usr, Wog, Wwr, Ww, Wog, Ww, Ww, Wwr, Wog, Ww, Wwr, Ww, Ww, Wwg, Wwf, Wwf^Bw\, Ww, Ww, Ww, Ww, Ww, Ww, Ww, Wwr, Ww, Ww, Ww
_off^_usr, _off^_usr, _off^_usr, _off^_usr, _off^_usr, _off^_usr, _off^_usr, _off^_usr, _off^_usr, _off^_usr, _off^_usr, _off^_usr, _off^_usr, _off^_usr, _off^_usr, _off^_usr, _off^_usr, _off^_usr, Wog, Ww, Wwr, Ww, Wog, Wwr, Wog, Wog, Ww, Ww, Wwg, Gd, 1 Gd, Wwf, Rb, 2 Rb, Gd, Gd, Gd, Ww, Ww, Ww, Wwr, Wog, Wog, Wog
_off^_usr, _off^_usr, _off^_usr, _off^_usr, _off^_usr, _off^_usr, _off^_usr, _off^_usr, _off^_usr, _off^_usr, _off^_usr, _off^_usr, _off^_usr, _off^_usr, _off^_usr, _off^_usr, _off^_usr, _off^_usr, Wog, Wog, Ww, Ww, Ww, Wog, Ww, Ww, Wwg, Wwg, Rb^Fdw, Gd, Rb, Rb, Rb, Gd, Gd^Fetd, Rb^Fdw, Gd, Wwg, Wwg, Ww, Ww, Wwr, Ww, Wog
_off^_usr, _off^_usr, _off^_usr, _off^_usr, _off^_usr, _off^_usr, _off^_usr, _off^_usr, _off^_usr, _off^_usr, _off^_usr, _off^_usr, _off^_usr, _off^_usr, _off^_usr, _off^_usr, _off^_usr, _off^_usr, Wog, Wog, Wog, Wog, Ww, Wwr, Wwr, Wwg, Rb^Fdw, Gd, Gd, Gd, Rb^Fdw, Rb, Rb, Gd, Gll, Gll, Rd, Rd, Rd, Ww, Ww, Ww, Wog, Wog
_off^_usr, _off^_usr, _off^_usr, _off^_usr, _off^_usr, _off^_usr, _off^_usr, _off^_usr, _off^_usr, _off^_usr, _off^_usr, _off^_usr, _off^_usr, _off^_usr, _off^_usr, _off^_usr, _off^_usr, _off^_usr, Wog, Wog, Ww, Wog, Ww, Ww, Wwg, Wwg, Rb^Fdw, Rb^Fdw, Gd, Gd^Fetd, Gd, Gd, Rb, Rb, Rb^Zbl, Hhd^Fdw, Hhd^Fdw, Rd, Rd, Ww, Ww, Wog, Ww, Ww
_off^_usr, _off^_usr, _off^_usr, _off^_usr, _off^_usr, _off^_usr, _off^_usr, _off^_usr, _off^_usr, _off^_usr, _off^_usr, _off^_usr, _off^_usr, _off^_usr, _off^_usr, _off^_usr, _off^_usr, _off^_usr, Wog, Wog, Wog, Wwr, Ww, Wwg, Wwg, Gll, Rb^Fdw, Gd^Fetd, Rb^Fdw, Gd, Rb, Rb, Rb^Zbt, Rb, Rb, Gd, Gd^Fetd, Rd, Rd, Rb^Fdw, Wog, Wwf, Ww, Ww
_off^_usr, _off^_usr, _off^_usr, _off^_usr, _off^_usr, _off^_usr, _off^_usr, _off^_usr, _off^_usr, _off^_usr, _off^_usr, _off^_usr, _off^_usr, _off^_usr, _off^_usr, _off^_usr, _off^_usr, _off^_usr, Wog, Wog, Wog, Ww, Ur, Gd, Gd, Wwf, Gll, Gll, Gd, Gd, Rb^Zbl, Rb, Rb, Rb, Gd, Gd, Hhd^Fdw, Rd, Rd, Rb^Fdw, Wog, Gll, Wwr, Ww
_off^_usr, _off^_usr, _off^_usr, _off^_usr, _off^_usr, _off^_usr, _off^_usr, _off^_usr, _off^_usr, _off^_usr, _off^_usr, _off^_usr, _off^_usr, _off^_usr, _off^_usr, _off^_usr, _off^_usr, _off^_usr, Wog, Wwr, Gd, Gd, Qxu, Ur, Gd, Wwf, Gll, Rb^Fdw, Gll, Gll, Gll, Gd, Gd, Gd, Rb^Fdw, Gll, Rd, Rd, Rb^Fdw, Rb^Fdw, Ww, Wog, Wwr, Wo
_off^_usr, _off^_usr, _off^_usr, _off^_usr, _off^_usr, _off^_usr, _off^_usr, _off^_usr, _off^_usr, _off^_usr, _off^_usr, _off^_usr, _off^_usr, _off^_usr, _off^_usr, _off^_usr, _off^_usr, _off^_usr, Wog, Wwr, Rb, Ur, Ur, Gd, Ww, Wwg, Rb^Fdw, Gll, Wwg, Gll, Gd, Rb^Fdw, Gll, Gll, Wwg, Wwg, Rb^Fdw, Wwg, Ww, Wog, Wog, Wwr, Ww, Ww
_off^_usr, _off^_usr, _off^_usr, _off^_usr, _off^_usr, _off^_usr, _off^_usr, _off^_usr, _off^_usr, _off^_usr, _off^_usr, _off^_usr, _off^_usr, _off^_usr, _off^_usr, _off^_usr, _off^_usr, _off^_usr, Wog, Wog, Wog, Wog, Wwr, Ww, Ww, Wwf, Ww, Gd, Ww, Gd, Wwr, Gd, Wwg, Gll, Wwg, Wwg, Ww, Ww, Ww, Wog, Ww, Wwr, Wog, Ww
_off^_usr, _off^_usr, _off^_usr, _off^_usr, _off^_usr, _off^_usr, _off^_usr, _off^_usr, _off^_usr, _off^_usr, _off^_usr, _off^_usr, _off^_usr, _off^_usr, _off^_usr, _off^_usr, _off^_usr, _off^_usr, Wwr, Wog, Wog, Wog, Wog, Wwr, Wog, Wog, Ww, Ww, Ww, Ww, Ww, Ww, Ww, Ww, Ww, Ww, Ww, Ww, Ww, Wwr, Ww, Wog, Ww, Ww
_off^_usr, _off^_usr, _off^_usr, _off^_usr, _off^_usr, _off^_usr, _off^_usr, _off^_usr, _off^_usr, _off^_usr, _off^_usr, _off^_usr, _off^_usr, _off^_usr, _off^_usr, _off^_usr, _off^_usr, _off^_usr, Wwr, Wwr, Wwr, Wog, Wog, Wog, Wog, Wog, Wog, Ww, Wo, Wo, Wo, Ww, Wo, Wwr, Wwr, Wog, Wog, Wog, Wog, Wog, Wog, Wog, Wog, Wog
