_off^_usr, _off^_usr, _off^_usr, _off^_usr, _off^_usr, _off^_usr, _off^_usr, _off^_usr, _off^_usr, _off^_usr, _off^_usr, _off^_usr, _off^_usr
_off^_usr, _off^_usr, _off^_usr, _off^_usr, _off^_usr, _off^_usr, _off^_usr, _off^_usr, _off^_usr, _off^_usr, _off^_usr, _off^_usr, _off^_usr
_off^_usr, _off^_usr, _off^_usr, _off^_usr, Xoi, Xoi, Zstl, Xoi, Xoi, _off^_usr, _off^_usr, _off^_usr, _off^_usr
_off^_usr, _off^_usr, Xoi, Xoi, Zstl^Edb, 1 Zstl, Zstl, 2 Zstl, Zstl, Xoi, Xoi, _off^_usr, _off^_usr
_off^_usr, _off^_usr, Xoi, Zstl^Ebn, Zstl, Zstl, Zstl, Zstl, Zstl, Zstl^Ebn, Xoi, _off^_usr, _off^_usr
_off^_usr, _off^_usr, Xoi, Zstl, Zstl, Zstl^Zbp, Zstl^Edb, Zstl^Zbp, Zstl, Zstl, Xoi, _off^_usr, _off^_usr
_off^_usr, _off^_usr, Xoi, Zstl^Edb, Zstl, Zstl^Zbp, Zstl, Zstl^Zbp, Zstl, Zstl^Edb, Xoi, _off^_usr, _off^_usr
_off^_usr, _off^_usr, Xoi, Zstl^Ebn, Zstl, Zstl, Zstl, Zstl, Zstl^Edb, Zstl^Ebn, Xoi, _off^_usr, _off^_usr
_off^_usr, _off^_usr, _off^_usr, Xoi, Xoi, Zstl^Edb, Zstl^Ebn, Zstl, Xoi, Xoi, _off^_usr, _off^_usr, _off^_usr
_off^_usr, _off^_usr, _off^_usr, _off^_usr, _off^_usr, Xoi, Xoi, Xoi, _off^_usr, _off^_usr, _off^_usr, _off^_usr, _off^_usr
_off^_usr, _off^_usr, _off^_usr, _off^_usr, _off^_usr, _off^_usr, _off^_usr, _off^_usr, _off^_usr, _off^_usr, _off^_usr, _off^_usr, _off^_usr
_off^_usr, _off^_usr, _off^_usr, _off^_usr, _off^_usr, _off^_usr, _off^_usr, _off^_usr, _off^_usr, _off^_usr, _off^_usr, _off^_usr, _off^_usr
